FF groups: RF=1088 DMEM=1152 XBUF=128 PC=68
RESULT mode=div slack=-44.570 direct=-43.995 start=PC end=RF
Startpoint: _68698_ (rising edge-triggered flip-flop clocked by clk)
Endpoint: _68473_ (rising edge-triggered flip-flop clocked by clk)
Path Group: clk
Path Type: max

Fanout    Delay     Time   Description
-----------------------------------------------------------------
          0.000    0.000   clock clk (rise edge)
          0.000    0.000   clock network delay (ideal)
          0.000    0.000 ^ _68698_/CK (DFF_X1)
     5    0.088    0.088 v _68698_/Q (DFF_X1)
                           _00008_ (net)
   249    0.937    1.025 ^ _34773_/ZN (NAND2_X1)
                           _32246_ (net)
   247    1.983    3.008 v _34774_/ZN (INV_X1)
                           i0.SCDP.instruction[16] (net)
     1    0.256    3.264 ^ _35582_/ZN (AOI21_X1)
                           _32988_ (net)
     1    0.018    3.282 v _35584_/ZN (AOI211_X1)
                           _32990_ (net)
     1    0.049    3.331 ^ _35585_/ZN (OAI21_X1)
                           _32991_ (net)
    21    0.059    3.391 v _35587_/ZN (AOI221_X1)
                           i0.SCDP.read_data_2[2] (net)
    57    0.555    3.945 ^ _35589_/ZN (AOI21_X1)
                           _32994_ (net)
    11    0.077    4.022 v _35590_/ZN (INV_X1)
                           i0.SCDP.ALU_operand2[2] (net)
     9    0.238    4.261 ^ _35996_/ZN (NOR4_X1)
                           _33381_ (net)
     4    0.061    4.322 v _35998_/ZN (NAND4_X1)
                           _33383_ (net)
     3    0.128    4.450 ^ _36001_/ZN (NOR4_X1)
                           _33386_ (net)
     4    0.076    4.527 ^ _36004_/ZN (AND4_X1)
                           _33389_ (net)
     4    0.076    4.603 ^ _36006_/ZN (AND4_X1)
                           _33391_ (net)
     3    0.042    4.645 v _36008_/ZN (NAND4_X1)
                           _33393_ (net)
     4    0.149    4.793 ^ _36010_/ZN (NOR4_X1)
                           _33395_ (net)
     3    0.029    4.823 v _36057_/ZN (NOR2_X1)
                           _33442_ (net)
    62    0.535    5.357 ^ _36061_/ZN (AOI22_X1)
                           _33446_ (net)
    10    0.080    5.437 v _36062_/ZN (INV_X1)
                           _33447_ (net)
     1    0.102    5.539 ^ _36066_/ZN (NOR4_X1)
                           _33451_ (net)
     5    0.059    5.598 v _36079_/ZN (NAND4_X1)
                           _33464_ (net)
     2    0.118    5.716 ^ _36091_/ZN (NOR4_X1)
                           _33476_ (net)
     8    0.081    5.797 v _36117_/ZN (NAND4_X1)
                           _33502_ (net)
     6    0.157    5.954 ^ _36124_/ZN (NOR3_X1)
                           _33509_ (net)
     4    0.057    6.011 v _36147_/ZN (NAND4_X1)
                           _33532_ (net)
     3    0.119    6.130 v _36611_/ZN (OR3_X1)
                           _33979_ (net)
     4    0.054    6.184 ^ _36612_/ZN (NOR2_X1)
                           _33980_ (net)
     3    0.066    6.250 v _36628_/Z (MUX2_X1)
                           _33996_ (net)
     1    0.050    6.300 v _36629_/ZN (OR2_X1)
                           _33997_ (net)
     2    0.040    6.340 ^ _36631_/ZN (AOI21_X1)
                           _33999_ (net)
     1    0.016    6.356 v _36639_/ZN (NOR3_X1)
                           _34007_ (net)
     3    0.073    6.429 v _36640_/ZN (XNOR2_X1)
                           _34008_ (net)
     2    0.050    6.479 v _36642_/ZN (XNOR2_X1)
                           _34010_ (net)
     1    0.055    6.534 ^ _36646_/ZN (AOI21_X1)
                           _34014_ (net)
     1    0.021    6.555 v _36647_/ZN (OAI21_X1)
                           _34015_ (net)
     3    0.047    6.603 ^ _36653_/ZN (AOI21_X1)
                           _34021_ (net)
     1    0.015    6.618 v _36664_/ZN (NOR3_X1)
                           _34032_ (net)
     4    0.080    6.697 ^ _36666_/ZN (OAI21_X1)
                           _34034_ (net)
     1    0.014    6.711 v _36668_/ZN (NOR2_X1)
                           _34036_ (net)
     2    0.067    6.777 ^ _36673_/ZN (OAI21_X1)
                           _34041_ (net)
     1    0.020    6.797 v _36674_/ZN (AOI21_X1)
                           _34042_ (net)
     1    0.034    6.831 ^ _36675_/ZN (OAI21_X1)
                           _34043_ (net)
     2    0.023    6.854 v _36680_/ZN (AOI21_X1)
                           _34048_ (net)
     4    0.057    6.911 ^ _36681_/ZN (NOR2_X1)
                           _34049_ (net)
     3    0.071    6.983 v _36691_/Z (MUX2_X1)
                           _34059_ (net)
     2    0.045    7.028 v _36693_/ZN (XNOR2_X1)
                           _34061_ (net)
     2    0.080    7.108 ^ _36702_/ZN (OAI21_X1)
                           _34070_ (net)
     1    0.020    7.128 v _36703_/ZN (AOI21_X1)
                           _34071_ (net)
     1    0.033    7.161 ^ _36704_/ZN (OAI21_X1)
                           _34072_ (net)
     2    0.027    7.188 v _36709_/ZN (NAND3_X1)
                           _34077_ (net)
     7    0.084    7.273 ^ _36710_/ZN (AOI21_X1)
                           _34078_ (net)
     3    0.034    7.306 v _36726_/ZN (OAI21_X1)
                           _34094_ (net)
     2    0.051    7.357 v _36728_/ZN (XNOR2_X1)
                           _34096_ (net)
     2    0.080    7.437 ^ _36737_/ZN (OAI21_X1)
                           _34105_ (net)
     2    0.028    7.465 v _36738_/ZN (AOI21_X1)
                           _34106_ (net)
     1    0.037    7.502 ^ _36739_/ZN (OAI21_X1)
                           _34107_ (net)
     2    0.023    7.525 v _36740_/ZN (AOI21_X1)
                           _34108_ (net)
     9    0.102    7.626 ^ _36745_/ZN (AOI21_X1)
                           _34113_ (net)
     3    0.037    7.663 v _36768_/ZN (OAI21_X1)
                           _34136_ (net)
     2    0.053    7.716 v _36770_/ZN (XNOR2_X1)
                           _34138_ (net)
     2    0.082    7.798 ^ _36780_/ZN (OAI21_X1)
                           _34148_ (net)
     2    0.028    7.825 v _36781_/ZN (AOI21_X1)
                           _34149_ (net)
     2    0.047    7.872 ^ _36782_/ZN (OAI21_X1)
                           _34150_ (net)
     1    0.020    7.892 v _36783_/ZN (AOI21_X1)
                           _34151_ (net)
     1    0.035    7.927 ^ _36784_/ZN (OAI21_X1)
                           _34152_ (net)
     3    0.025    7.952 v _36788_/ZN (AOI21_X1)
                           _34156_ (net)
    10    0.107    8.060 ^ _36789_/ZN (NOR2_X1)
                           _34157_ (net)
     1    0.013    8.072 v _36809_/ZN (NOR2_X1)
                           _34177_ (net)
     3    0.062    8.134 ^ _36810_/ZN (AOI21_X1)
                           _34178_ (net)
     2    0.030    8.164 v _36812_/ZN (XNOR2_X1)
                           _34180_ (net)
     2    0.082    8.246 ^ _36834_/ZN (OAI21_X1)
                           _34202_ (net)
     2    0.028    8.274 v _36835_/ZN (AOI21_X1)
                           _34203_ (net)
     2    0.048    8.322 ^ _36836_/ZN (OAI21_X1)
                           _34204_ (net)
     1    0.020    8.342 v _36837_/ZN (AOI21_X1)
                           _34205_ (net)
     1    0.033    8.375 ^ _36838_/ZN (OAI21_X1)
                           _34206_ (net)
     2    0.027    8.403 v _36842_/ZN (NAND3_X1)
                           _34210_ (net)
     1    0.055    8.457 ^ _36876_/ZN (AOI211_X1)
                           _34244_ (net)
     3    0.058    8.516 ^ _36877_/ZN (XNOR2_X1)
                           _34245_ (net)
     3    0.053    8.568 ^ _36879_/ZN (XNOR2_X1)
                           _34247_ (net)
     2    0.029    8.598 v _36884_/ZN (AOI21_X1)
                           _34252_ (net)
     2    0.049    8.647 ^ _36885_/ZN (OAI21_X1)
                           _34253_ (net)
     2    0.027    8.674 v _36886_/ZN (AOI21_X1)
                           _34254_ (net)
     2    0.047    8.721 ^ _36887_/ZN (OAI21_X1)
                           _34255_ (net)
     2    0.028    8.749 v _36888_/ZN (AOI21_X1)
                           _34256_ (net)
     2    0.049    8.798 ^ _36889_/ZN (OAI21_X1)
                           _34257_ (net)
     1    0.020    8.818 v _36890_/ZN (AOI21_X1)
                           _34258_ (net)
     1    0.032    8.851 ^ _36891_/ZN (OAI21_X1)
                           _34259_ (net)
     3    0.025    8.876 v _36896_/ZN (AOI21_X1)
                           _34264_ (net)
     1    0.090    8.966 ^ _36936_/ZN (NOR4_X1)
                           _34304_ (net)
     3    0.058    9.024 ^ _36937_/ZN (XNOR2_X1)
                           _34305_ (net)
     2    0.030    9.054 v _36939_/ZN (XNOR2_X1)
                           _34307_ (net)
     2    0.074    9.129 ^ _36943_/ZN (OAI21_X1)
                           _34311_ (net)
     2    0.027    9.156 v _36944_/ZN (AOI21_X1)
                           _34312_ (net)
     2    0.048    9.204 ^ _36945_/ZN (OAI21_X1)
                           _34313_ (net)
     2    0.028    9.232 v _36946_/ZN (AOI21_X1)
                           _34314_ (net)
     2    0.049    9.281 ^ _36947_/ZN (OAI21_X1)
                           _34315_ (net)
     2    0.027    9.308 v _36948_/ZN (AOI21_X1)
                           _34316_ (net)
     2    0.047    9.355 ^ _36949_/ZN (OAI21_X1)
                           _34317_ (net)
     1    0.020    9.375 v _36950_/ZN (AOI21_X1)
                           _34318_ (net)
     1    0.032    9.407 ^ _36951_/ZN (OAI21_X1)
                           _34319_ (net)
     2    0.023    9.430 v _36955_/ZN (AOI21_X1)
                           _34323_ (net)
    13    0.137    9.567 ^ _36956_/ZN (NOR2_X1)
                           _34324_ (net)
     3    0.072    9.639 v _36994_/Z (MUX2_X1)
                           _34362_ (net)
     2    0.045    9.683 v _36996_/ZN (XNOR2_X1)
                           _34364_ (net)
     2    0.082    9.765 ^ _37006_/ZN (OAI21_X1)
                           _34374_ (net)
     2    0.028    9.793 v _37007_/ZN (AOI21_X1)
                           _34375_ (net)
     2    0.048    9.841 ^ _37008_/ZN (OAI21_X1)
                           _34376_ (net)
     2    0.028    9.869 v _37009_/ZN (AOI21_X1)
                           _34377_ (net)
     2    0.050    9.918 ^ _37010_/ZN (OAI21_X1)
                           _34378_ (net)
     2    0.028    9.946 v _37011_/ZN (AOI21_X1)
                           _34379_ (net)
     2    0.046    9.992 ^ _37012_/ZN (OAI21_X1)
                           _04692_ (net)
     1    0.020   10.012 v _37013_/ZN (AOI21_X1)
                           _04693_ (net)
     1    0.033   10.045 ^ _37014_/ZN (OAI21_X1)
                           _04694_ (net)
     2    0.026   10.071 v _37016_/ZN (OAI21_X1)
                           _04696_ (net)
    16    0.197   10.268 ^ _37019_/ZN (AOI21_X1)
                           _04699_ (net)
     3    0.039   10.307 v _37065_/ZN (OAI21_X1)
                           _04745_ (net)
     2    0.058   10.365 v _37067_/ZN (XNOR2_X1)
                           _04747_ (net)
     2    0.082   10.446 ^ _37077_/ZN (OAI21_X1)
                           _04757_ (net)
     2    0.028   10.474 v _37078_/ZN (AOI21_X1)
                           _04758_ (net)
     2    0.048   10.522 ^ _37079_/ZN (OAI21_X1)
                           _04759_ (net)
     2    0.028   10.549 v _37080_/ZN (AOI21_X1)
                           _04760_ (net)
     2    0.050   10.599 ^ _37081_/ZN (OAI21_X1)
                           _04761_ (net)
     2    0.028   10.627 v _37082_/ZN (AOI21_X1)
                           _04762_ (net)
     2    0.048   10.674 ^ _37083_/ZN (OAI21_X1)
                           _04763_ (net)
     2    0.027   10.701 v _37084_/ZN (AOI21_X1)
                           _04764_ (net)
     1    0.034   10.735 ^ _37085_/ZN (OAI21_X1)
                           _04765_ (net)
     1    0.019   10.754 v _37086_/ZN (AOI21_X1)
                           _04766_ (net)
     2    0.038   10.792 ^ _37090_/ZN (OAI21_X1)
                           _04770_ (net)
    22    0.120   10.912 ^ _37091_/ZN (AND2_X1)
                           _04771_ (net)
     3    0.037   10.949 v _37147_/ZN (OAI21_X1)
                           _04827_ (net)
     2    0.053   11.001 v _37149_/ZN (XNOR2_X1)
                           _04829_ (net)
     2    0.082   11.083 ^ _37163_/ZN (OAI21_X1)
                           _04843_ (net)
     2    0.028   11.111 v _37164_/ZN (AOI21_X1)
                           _04844_ (net)
     2    0.047   11.158 ^ _37165_/ZN (OAI21_X1)
                           _04845_ (net)
     2    0.028   11.185 v _37166_/ZN (AOI21_X1)
                           _04846_ (net)
     2    0.048   11.233 ^ _37167_/ZN (OAI21_X1)
                           _04847_ (net)
     2    0.027   11.260 v _37168_/ZN (AOI21_X1)
                           _04848_ (net)
     2    0.045   11.305 ^ _37169_/ZN (OAI21_X1)
                           _04849_ (net)
     2    0.027   11.332 v _37170_/ZN (AOI21_X1)
                           _04850_ (net)
     2    0.045   11.377 ^ _37171_/ZN (OAI21_X1)
                           _04851_ (net)
     1    0.020   11.397 v _37172_/ZN (AOI21_X1)
                           _04852_ (net)
     1    0.033   11.430 ^ _37173_/ZN (OAI21_X1)
                           _04853_ (net)
     2    0.023   11.453 v _37178_/ZN (AOI21_X1)
                           _04858_ (net)
    16    0.167   11.620 ^ _37179_/ZN (NOR2_X1)
                           _04859_ (net)
     1    0.010   11.630 v _37232_/ZN (NOR2_X1)
                           _04912_ (net)
     3    0.065   11.694 ^ _37233_/ZN (AOI21_X1)
                           _04913_ (net)
     2    0.051   11.745 ^ _37235_/ZN (XNOR2_X1)
                           _04915_ (net)
     2    0.028   11.774 v _37244_/ZN (AOI21_X1)
                           _04924_ (net)
     2    0.048   11.822 ^ _37245_/ZN (OAI21_X1)
                           _04925_ (net)
     2    0.028   11.850 v _37246_/ZN (AOI21_X1)
                           _04926_ (net)
     2    0.049   11.899 ^ _37247_/ZN (OAI21_X1)
                           _04927_ (net)
     2    0.027   11.926 v _37248_/ZN (AOI21_X1)
                           _04928_ (net)
     2    0.047   11.973 ^ _37249_/ZN (OAI21_X1)
                           _04929_ (net)
     2    0.027   12.000 v _37250_/ZN (AOI21_X1)
                           _04930_ (net)
     2    0.045   12.046 ^ _37251_/ZN (OAI21_X1)
                           _04931_ (net)
     2    0.027   12.072 v _37252_/ZN (AOI21_X1)
                           _04932_ (net)
     2    0.045   12.117 ^ _37253_/ZN (OAI21_X1)
                           _04933_ (net)
     1    0.020   12.137 v _37254_/ZN (AOI21_X1)
                           _04934_ (net)
     2    0.041   12.178 ^ _37255_/ZN (OAI21_X1)
                           _04935_ (net)
     2    0.024   12.202 v _37261_/ZN (AOI21_X1)
                           _04941_ (net)
    19    0.189   12.392 ^ _37262_/ZN (NOR2_X1)
                           _04942_ (net)
     3    0.071   12.463 v _37323_/Z (MUX2_X1)
                           _05003_ (net)
     2    0.045   12.508 v _37325_/ZN (XNOR2_X1)
                           _05005_ (net)
     2    0.080   12.588 ^ _37334_/ZN (OAI21_X1)
                           _05014_ (net)
     2    0.027   12.615 v _37335_/ZN (AOI21_X1)
                           _05015_ (net)
     2    0.043   12.657 ^ _37338_/ZN (OAI21_X1)
                           _05018_ (net)
     2    0.026   12.683 v _37339_/ZN (AOI21_X1)
                           _05019_ (net)
     2    0.050   12.733 ^ _37340_/ZN (OAI21_X1)
                           _05020_ (net)
     2    0.028   12.761 v _37341_/ZN (AOI21_X1)
                           _05021_ (net)
     2    0.046   12.807 ^ _37342_/ZN (OAI21_X1)
                           _05022_ (net)
     2    0.027   12.834 v _37343_/ZN (AOI21_X1)
                           _05023_ (net)
     2    0.045   12.879 ^ _37344_/ZN (OAI21_X1)
                           _05024_ (net)
     2    0.027   12.906 v _37345_/ZN (AOI21_X1)
                           _05025_ (net)
     2    0.045   12.951 ^ _37346_/ZN (OAI21_X1)
                           _05026_ (net)
     1    0.020   12.971 v _37347_/ZN (AOI21_X1)
                           _05027_ (net)
     2    0.041   13.011 ^ _37348_/ZN (OAI21_X1)
                           _05028_ (net)
     3    0.024   13.036 v _37353_/ZN (AOI21_X1)
                           _05033_ (net)
    18    0.185   13.221 ^ _37354_/ZN (NOR2_X1)
                           _05034_ (net)
     3    0.072   13.293 v _37417_/Z (MUX2_X1)
                           _05097_ (net)
     2    0.045   13.338 v _37419_/ZN (XNOR2_X1)
                           _05099_ (net)
     2    0.080   13.418 ^ _37435_/ZN (OAI21_X1)
                           _05115_ (net)
     2    0.028   13.446 v _37436_/ZN (AOI21_X1)
                           _05116_ (net)
     2    0.045   13.491 ^ _37437_/ZN (OAI21_X1)
                           _05117_ (net)
     2    0.027   13.518 v _37438_/ZN (AOI21_X1)
                           _05118_ (net)
     2    0.045   13.563 ^ _37439_/ZN (OAI21_X1)
                           _05119_ (net)
     2    0.027   13.590 v _37440_/ZN (AOI21_X1)
                           _05120_ (net)
     2    0.045   13.635 ^ _37441_/ZN (OAI21_X1)
                           _05121_ (net)
     2    0.027   13.662 v _37442_/ZN (AOI21_X1)
                           _05122_ (net)
     2    0.045   13.707 ^ _37443_/ZN (OAI21_X1)
                           _05123_ (net)
     2    0.027   13.734 v _37444_/ZN (AOI21_X1)
                           _05124_ (net)
     2    0.045   13.779 ^ _37445_/ZN (OAI21_X1)
                           _05125_ (net)
     2    0.024   13.803 v _37446_/ZN (AOI21_X1)
                           _05126_ (net)
     2    0.035   13.838 ^ _37452_/ZN (OAI211_X1)
                           _05132_ (net)
    22    0.129   13.967 ^ _37455_/ZN (AND2_X1)
                           _05135_ (net)
     3    0.037   14.004 v _37532_/ZN (OAI21_X1)
                           _05212_ (net)
     2    0.053   14.057 v _37534_/ZN (XNOR2_X1)
                           _05214_ (net)
     2    0.079   14.137 ^ _37543_/ZN (OAI21_X1)
                           _05223_ (net)
     2    0.028   14.164 v _37544_/ZN (AOI21_X1)
                           _05224_ (net)
     2    0.045   14.210 ^ _37545_/ZN (OAI21_X1)
                           _05225_ (net)
     2    0.027   14.236 v _37546_/ZN (AOI21_X1)
                           _05226_ (net)
     2    0.046   14.283 ^ _37547_/ZN (OAI21_X1)
                           _05227_ (net)
     2    0.027   14.310 v _37548_/ZN (AOI21_X1)
                           _05228_ (net)
     2    0.045   14.355 ^ _37549_/ZN (OAI21_X1)
                           _05229_ (net)
     2    0.027   14.382 v _37550_/ZN (AOI21_X1)
                           _05230_ (net)
     2    0.045   14.427 ^ _37551_/ZN (OAI21_X1)
                           _05231_ (net)
     2    0.027   14.454 v _37552_/ZN (AOI21_X1)
                           _05232_ (net)
     2    0.045   14.498 ^ _37553_/ZN (OAI21_X1)
                           _05233_ (net)
     2    0.027   14.525 v _37554_/ZN (AOI21_X1)
                           _05234_ (net)
     2    0.045   14.571 ^ _37555_/ZN (OAI21_X1)
                           _05235_ (net)
     1    0.019   14.589 v _37556_/ZN (AOI21_X1)
                           _05236_ (net)
     2    0.038   14.627 ^ _37557_/ZN (OAI21_X1)
                           _05237_ (net)
     2    0.027   14.654 v _37561_/ZN (OAI21_X1)
                           _05241_ (net)
    22    0.246   14.900 ^ _37563_/ZN (AOI21_X1)
                           _05243_ (net)
     1    0.054   14.954 ^ _37640_/ZN (AND2_X1)
                           _05320_ (net)
     3    0.019   14.972 v _37641_/ZN (AOI21_X1)
                           _05321_ (net)
     2    0.046   15.018 ^ _37643_/ZN (XNOR2_X1)
                           _05323_ (net)
     2    0.028   15.046 v _37652_/ZN (AOI21_X1)
                           _05332_ (net)
     2    0.047   15.093 ^ _37653_/ZN (OAI21_X1)
                           _05333_ (net)
     2    0.028   15.120 v _37654_/ZN (AOI21_X1)
                           _05334_ (net)
     2    0.045   15.165 ^ _37655_/ZN (OAI21_X1)
                           _05335_ (net)
     2    0.027   15.192 v _37656_/ZN (AOI21_X1)
                           _05336_ (net)
     2    0.045   15.237 ^ _37657_/ZN (OAI21_X1)
                           _05337_ (net)
     2    0.027   15.264 v _37658_/ZN (AOI21_X1)
                           _05338_ (net)
     2    0.045   15.309 ^ _37659_/ZN (OAI21_X1)
                           _05339_ (net)
     2    0.027   15.336 v _37660_/ZN (AOI21_X1)
                           _05340_ (net)
     2    0.045   15.381 ^ _37661_/ZN (OAI21_X1)
                           _05341_ (net)
     2    0.027   15.408 v _37662_/ZN (AOI21_X1)
                           _05342_ (net)
     2    0.045   15.453 ^ _37663_/ZN (OAI21_X1)
                           _05343_ (net)
     2    0.027   15.480 v _37664_/ZN (AOI21_X1)
                           _05344_ (net)
     2    0.045   15.525 ^ _37665_/ZN (OAI21_X1)
                           _05345_ (net)
     1    0.020   15.545 v _37666_/ZN (AOI21_X1)
                           _05346_ (net)
     2    0.041   15.586 ^ _37667_/ZN (OAI21_X1)
                           _05347_ (net)
     3    0.028   15.613 v _37672_/ZN (AOI21_X1)
                           _05352_ (net)
    24    0.237   15.851 ^ _37673_/ZN (NOR2_X1)
                           _05353_ (net)
     4    0.070   15.920 ^ _37759_/Z (MUX2_X1)
                           _05439_ (net)
     1    0.012   15.933 v _37761_/ZN (NOR2_X1)
                           _05441_ (net)
     2    0.074   16.007 ^ _37772_/ZN (OAI21_X1)
                           _05452_ (net)
     2    0.027   16.035 v _37773_/ZN (AOI21_X1)
                           _05453_ (net)
     2    0.045   16.080 ^ _37774_/ZN (OAI21_X1)
                           _05454_ (net)
     2    0.027   16.107 v _37775_/ZN (AOI21_X1)
                           _05455_ (net)
     2    0.045   16.152 ^ _37776_/ZN (OAI21_X1)
                           _05456_ (net)
     2    0.028   16.179 v _37777_/ZN (AOI21_X1)
                           _05457_ (net)
     2    0.045   16.224 ^ _37778_/ZN (OAI21_X1)
                           _05458_ (net)
     2    0.028   16.252 v _37779_/ZN (AOI21_X1)
                           _05459_ (net)
     2    0.045   16.297 ^ _37780_/ZN (OAI21_X1)
                           _05460_ (net)
     4    0.035   16.333 v _37781_/ZN (AOI21_X1)
                           _05461_ (net)
     2    0.092   16.424 ^ _37783_/ZN (NOR4_X1)
                           _05463_ (net)
     3    0.027   16.451 v _37787_/ZN (OAI21_X1)
                           _05467_ (net)
     2    0.043   16.494 ^ _37789_/ZN (AOI21_X1)
                           _05469_ (net)
     2    0.030   16.524 v _37794_/ZN (OAI211_X1)
                           _05474_ (net)
    26    0.254   16.778 ^ _37797_/ZN (AOI21_X1)
                           _05477_ (net)
     3    0.038   16.815 v _37887_/ZN (OAI21_X1)
                           _05567_ (net)
     2    0.063   16.879 v _37889_/ZN (XNOR2_X1)
                           _05569_ (net)
     2    0.082   16.960 ^ _37899_/ZN (OAI21_X1)
                           _05579_ (net)
     2    0.028   16.988 v _37900_/ZN (AOI21_X1)
                           _05580_ (net)
     2    0.048   17.036 ^ _37901_/ZN (OAI21_X1)
                           _05581_ (net)
     2    0.027   17.063 v _37902_/ZN (AOI21_X1)
                           _05582_ (net)
     2    0.047   17.110 ^ _37903_/ZN (OAI21_X1)
                           _05583_ (net)
     2    0.027   17.136 v _37904_/ZN (AOI21_X1)
                           _05584_ (net)
     3    0.051   17.187 ^ _37905_/ZN (OAI21_X1)
                           _05585_ (net)
     2    0.037   17.224 v _37907_/ZN (NAND4_X1)
                           _05587_ (net)
     2    0.040   17.264 ^ _37913_/ZN (AOI21_X1)
                           _05593_ (net)
     2    0.026   17.290 v _37915_/ZN (OAI21_X1)
                           _05595_ (net)
     2    0.042   17.332 ^ _37917_/ZN (AOI21_X1)
                           _05597_ (net)
     2    0.025   17.357 v _37919_/ZN (OAI21_X1)
                           _05599_ (net)
     3    0.050   17.407 ^ _37920_/ZN (AOI21_X1)
                           _05600_ (net)
     1    0.023   17.430 v _37922_/ZN (OAI21_X1)
                           _05602_ (net)
     2    0.059   17.489 ^ _37923_/ZN (AOI211_X1)
                           _05603_ (net)
     2    0.022   17.511 v _37925_/ZN (OAI21_X1)
                           _05605_ (net)
     3    0.039   17.550 v _37926_/ZN (AND2_X1)
                           _05606_ (net)
    24    0.237   17.787 ^ _37927_/ZN (NOR2_X1)
                           _05607_ (net)
     1    0.004   17.790 v _38017_/ZN (NOR2_X1)
                           _05697_ (net)
     3    0.072   17.862 ^ _38018_/ZN (AOI21_X1)
                           _05698_ (net)
     2    0.030   17.893 v _38020_/ZN (XNOR2_X1)
                           _05700_ (net)
     2    0.082   17.975 ^ _38036_/ZN (OAI21_X1)
                           _05716_ (net)
     2    0.028   18.003 v _38037_/ZN (AOI21_X1)
                           _05717_ (net)
     2    0.049   18.051 ^ _38038_/ZN (OAI21_X1)
                           _05718_ (net)
     2    0.027   18.078 v _38039_/ZN (AOI21_X1)
                           _05719_ (net)
     2    0.047   18.125 ^ _38040_/ZN (OAI21_X1)
                           _05720_ (net)
     2    0.026   18.151 v _38041_/ZN (AOI21_X1)
                           _05721_ (net)
     2    0.047   18.198 ^ _38042_/ZN (OAI21_X1)
                           _05722_ (net)
     2    0.026   18.224 v _38043_/ZN (AOI21_X1)
                           _05723_ (net)
     2    0.047   18.271 ^ _38044_/ZN (OAI21_X1)
                           _05724_ (net)
     2    0.026   18.297 v _38045_/ZN (AOI21_X1)
                           _05725_ (net)
     2    0.047   18.344 ^ _38046_/ZN (OAI21_X1)
                           _05726_ (net)
     2    0.026   18.370 v _38047_/ZN (AOI21_X1)
                           _05727_ (net)
     2    0.047   18.417 ^ _38048_/ZN (OAI21_X1)
                           _05728_ (net)
     2    0.026   18.443 v _38049_/ZN (AOI21_X1)
                           _05729_ (net)
     2    0.047   18.489 ^ _38050_/ZN (OAI21_X1)
                           _05730_ (net)
     2    0.026   18.515 v _38051_/ZN (AOI21_X1)
                           _05731_ (net)
     2    0.042   18.557 ^ _38052_/ZN (OAI21_X1)
                           _05732_ (net)
     2    0.030   18.587 v _38057_/ZN (NAND3_X1)
                           _05737_ (net)
    36    0.329   18.917 ^ _38059_/ZN (AOI21_X1)
                           _05739_ (net)
     1    0.014   18.930 v _38158_/ZN (NAND2_X1)
                           _05838_ (net)
     3    0.049   18.979 ^ _38159_/ZN (OAI21_X1)
                           _05839_ (net)
     2    0.053   19.032 ^ _38161_/ZN (XNOR2_X1)
                           _05841_ (net)
     2    0.028   19.060 v _38170_/ZN (AOI21_X1)
                           _05850_ (net)
     2    0.048   19.108 ^ _38171_/ZN (OAI21_X1)
                           _05851_ (net)
     2    0.028   19.136 v _38172_/ZN (AOI21_X1)
                           _05852_ (net)
     2    0.049   19.185 ^ _38173_/ZN (OAI21_X1)
                           _05853_ (net)
     2    0.027   19.213 v _38174_/ZN (AOI21_X1)
                           _05854_ (net)
     2    0.047   19.259 ^ _38175_/ZN (OAI21_X1)
                           _05855_ (net)
     2    0.027   19.287 v _38176_/ZN (AOI21_X1)
                           _05856_ (net)
     2    0.045   19.332 ^ _38177_/ZN (OAI21_X1)
                           _05857_ (net)
     2    0.027   19.359 v _38178_/ZN (AOI21_X1)
                           _05858_ (net)
     2    0.045   19.404 ^ _38179_/ZN (OAI21_X1)
                           _05859_ (net)
     2    0.027   19.431 v _38180_/ZN (AOI21_X1)
                           _05860_ (net)
     2    0.045   19.476 ^ _38181_/ZN (OAI21_X1)
                           _05861_ (net)
     2    0.027   19.503 v _38182_/ZN (AOI21_X1)
                           _05862_ (net)
     2    0.045   19.548 ^ _38183_/ZN (OAI21_X1)
                           _05863_ (net)
     2    0.027   19.575 v _38184_/ZN (AOI21_X1)
                           _05864_ (net)
     2    0.045   19.620 ^ _38185_/ZN (OAI21_X1)
                           _05865_ (net)
     2    0.026   19.646 v _38186_/ZN (AOI21_X1)
                           _05866_ (net)
     2    0.045   19.692 ^ _38187_/ZN (OAI21_X1)
                           _05867_ (net)
     1    0.020   19.712 v _38188_/ZN (AOI21_X1)
                           _05868_ (net)
     3    0.045   19.757 ^ _38189_/ZN (OAI21_X1)
                           _05869_ (net)
     3    0.040   19.797 v _38190_/ZN (OAI211_X1)
                           _05870_ (net)
    32    0.337   20.133 ^ _38196_/ZN (NOR2_X1)
                           _05876_ (net)
     2    0.068   20.201 v _38291_/Z (MUX2_X1)
                           _05971_ (net)
     3    0.021   20.222 ^ _38292_/ZN (INV_X1)
                           _05972_ (net)
     1    0.010   20.233 v _38294_/ZN (NOR2_X1)
                           _05974_ (net)
     2    0.074   20.307 ^ _38305_/ZN (OAI21_X1)
                           _05985_ (net)
     2    0.027   20.334 v _38306_/ZN (AOI21_X1)
                           _05986_ (net)
     2    0.048   20.382 ^ _38307_/ZN (OAI21_X1)
                           _05987_ (net)
     2    0.028   20.410 v _38308_/ZN (AOI21_X1)
                           _05988_ (net)
     2    0.050   20.459 ^ _38309_/ZN (OAI21_X1)
                           _05989_ (net)
     2    0.028   20.487 v _38310_/ZN (AOI21_X1)
                           _05990_ (net)
     2    0.046   20.533 ^ _38311_/ZN (OAI21_X1)
                           _05991_ (net)
     2    0.027   20.560 v _38312_/ZN (AOI21_X1)
                           _05992_ (net)
     2    0.045   20.605 ^ _38313_/ZN (OAI21_X1)
                           _05993_ (net)
     4    0.035   20.640 v _38314_/ZN (AOI21_X1)
                           _05994_ (net)
     2    0.100   20.739 ^ _38316_/ZN (NOR4_X1)
                           _05996_ (net)
     2    0.032   20.772 v _38322_/ZN (OAI211_X1)
                           _06002_ (net)
     4    0.063   20.835 ^ _38326_/ZN (OAI211_X1)
                           _06006_ (net)
     1    0.025   20.859 v _38348_/ZN (NAND3_X1)
                           _06028_ (net)
    37    0.524   21.384 ^ _38353_/ZN (AOI211_X1)
                           _06033_ (net)
     3    0.090   21.473 ^ _38471_/ZN (AND3_X1)
                           _06151_ (net)
     1    0.013   21.487 v _38475_/ZN (NOR3_X1)
                           _06155_ (net)
     2    0.069   21.555 ^ _38480_/ZN (OAI21_X1)
                           _06160_ (net)
     2    0.027   21.582 v _38481_/ZN (AOI21_X1)
                           _06161_ (net)
     2    0.048   21.631 ^ _38482_/ZN (OAI21_X1)
                           _06162_ (net)
     2    0.028   21.658 v _38483_/ZN (AOI21_X1)
                           _06163_ (net)
     2    0.049   21.707 ^ _38484_/ZN (OAI21_X1)
                           _06164_ (net)
     2    0.027   21.735 v _38485_/ZN (AOI21_X1)
                           _06165_ (net)
     2    0.049   21.783 ^ _38486_/ZN (OAI21_X1)
                           _06166_ (net)
     2    0.028   21.811 v _38487_/ZN (AOI21_X1)
                           _06167_ (net)
     2    0.046   21.857 ^ _38488_/ZN (OAI21_X1)
                           _06168_ (net)
     2    0.027   21.884 v _38489_/ZN (AOI21_X1)
                           _06169_ (net)
     2    0.045   21.929 ^ _38490_/ZN (OAI21_X1)
                           _06170_ (net)
     2    0.027   21.956 v _38491_/ZN (AOI21_X1)
                           _06171_ (net)
     2    0.045   22.001 ^ _38492_/ZN (OAI21_X1)
                           _06172_ (net)
     2    0.027   22.028 v _38493_/ZN (AOI21_X1)
                           _06173_ (net)
     2    0.045   22.074 ^ _38494_/ZN (OAI21_X1)
                           _06174_ (net)
     2    0.026   22.100 v _38495_/ZN (AOI21_X1)
                           _06175_ (net)
     2    0.045   22.145 ^ _38496_/ZN (OAI21_X1)
                           _06176_ (net)
     2    0.026   22.171 v _38497_/ZN (AOI21_X1)
                           _06177_ (net)
     2    0.045   22.216 ^ _38498_/ZN (OAI21_X1)
                           _06178_ (net)
     2    0.026   22.243 v _38499_/ZN (AOI21_X1)
                           _06179_ (net)
     2    0.045   22.288 ^ _38500_/ZN (OAI21_X1)
                           _06180_ (net)
     1    0.020   22.307 v _38501_/ZN (AOI21_X1)
                           _06181_ (net)
     2    0.042   22.349 ^ _38502_/ZN (OAI21_X1)
                           _06182_ (net)
     2    0.023   22.372 v _38504_/ZN (AOI21_X1)
                           _06184_ (net)
    34    0.323   22.696 ^ _38505_/ZN (NOR2_X1)
                           _06185_ (net)
     4    0.071   22.767 v _38622_/Z (MUX2_X1)
                           _06302_ (net)
     1    0.052   22.818 v _38623_/ZN (OR2_X1)
                           _06303_ (net)
     2    0.028   22.847 ^ _38636_/ZN (OAI21_X1)
                           _06316_ (net)
     2    0.025   22.871 v _38637_/ZN (AOI21_X1)
                           _06317_ (net)
     2    0.048   22.919 ^ _38638_/ZN (OAI21_X1)
                           _06318_ (net)
     2    0.027   22.946 v _38639_/ZN (AOI21_X1)
                           _06319_ (net)
     2    0.047   22.993 ^ _38640_/ZN (OAI21_X1)
                           _06320_ (net)
     2    0.028   23.021 v _38641_/ZN (AOI21_X1)
                           _06321_ (net)
     2    0.048   23.068 ^ _38642_/ZN (OAI21_X1)
                           _06322_ (net)
     2    0.028   23.096 v _38643_/ZN (AOI21_X1)
                           _06323_ (net)
     2    0.047   23.143 ^ _38644_/ZN (OAI21_X1)
                           _06324_ (net)
     2    0.027   23.170 v _38645_/ZN (AOI21_X1)
                           _06325_ (net)
     2    0.045   23.214 ^ _38646_/ZN (OAI21_X1)
                           _06326_ (net)
     4    0.035   23.249 v _38647_/ZN (AOI21_X1)
                           _06327_ (net)
     2    0.100   23.349 ^ _38649_/ZN (NOR4_X1)
                           _06329_ (net)
     2    0.026   23.375 v _38654_/ZN (OAI21_X1)
                           _06334_ (net)
     2    0.043   23.418 ^ _38656_/ZN (AOI21_X1)
                           _06336_ (net)
     2    0.027   23.445 v _38658_/ZN (OAI21_X1)
                           _06338_ (net)
     2    0.042   23.486 ^ _38660_/ZN (AOI21_X1)
                           _06340_ (net)
     2    0.026   23.512 v _38662_/ZN (OAI21_X1)
                           _06342_ (net)
     2    0.038   23.550 ^ _38664_/ZN (AOI21_X1)
                           _06344_ (net)
     1    0.024   23.575 v _38671_/ZN (OAI211_X1)
                           _06351_ (net)
    44    0.393   23.968 ^ _38673_/ZN (AOI21_X1)
                           _06353_ (net)
     3    0.083   24.051 ^ _38804_/ZN (AND3_X1)
                           _06484_ (net)
     1    0.013   24.064 v _38808_/ZN (NOR3_X1)
                           _06488_ (net)
     2    0.069   24.133 ^ _38813_/ZN (OAI21_X1)
                           _06493_ (net)
     2    0.027   24.160 v _38814_/ZN (AOI21_X1)
                           _06494_ (net)
     2    0.048   24.208 ^ _38815_/ZN (OAI21_X1)
                           _06495_ (net)
     2    0.028   24.236 v _38816_/ZN (AOI21_X1)
                           _06496_ (net)
     2    0.049   24.285 ^ _38817_/ZN (OAI21_X1)
                           _06497_ (net)
     2    0.027   24.312 v _38818_/ZN (AOI21_X1)
                           _06498_ (net)
     2    0.047   24.359 ^ _38819_/ZN (OAI21_X1)
                           _06499_ (net)
     2    0.027   24.387 v _38820_/ZN (AOI21_X1)
                           _06500_ (net)
     2    0.047   24.433 ^ _38821_/ZN (OAI21_X1)
                           _06501_ (net)
     2    0.028   24.461 v _38822_/ZN (AOI21_X1)
                           _06502_ (net)
     2    0.046   24.508 ^ _38823_/ZN (OAI21_X1)
                           _06503_ (net)
     2    0.027   24.535 v _38824_/ZN (AOI21_X1)
                           _06504_ (net)
     2    0.045   24.580 ^ _38825_/ZN (OAI21_X1)
                           _06505_ (net)
     2    0.027   24.607 v _38826_/ZN (AOI21_X1)
                           _06506_ (net)
     2    0.045   24.651 ^ _38827_/ZN (OAI21_X1)
                           _06507_ (net)
     2    0.026   24.678 v _38828_/ZN (AOI21_X1)
                           _06508_ (net)
     2    0.045   24.723 ^ _38829_/ZN (OAI21_X1)
                           _06509_ (net)
     2    0.026   24.749 v _38830_/ZN (AOI21_X1)
                           _06510_ (net)
     2    0.045   24.794 ^ _38831_/ZN (OAI21_X1)
                           _06511_ (net)
     2    0.026   24.820 v _38832_/ZN (AOI21_X1)
                           _06512_ (net)
     2    0.045   24.865 ^ _38833_/ZN (OAI21_X1)
                           _06513_ (net)
     2    0.026   24.891 v _38834_/ZN (AOI21_X1)
                           _06514_ (net)
     2    0.045   24.936 ^ _38835_/ZN (OAI21_X1)
                           _06515_ (net)
     1    0.019   24.955 v _38836_/ZN (AOI21_X1)
                           _06516_ (net)
     4    0.059   25.014 ^ _38837_/ZN (OAI21_X1)
                           _06517_ (net)
     2    0.025   25.040 v _38839_/ZN (AOI21_X1)
                           _06519_ (net)
    31    0.309   25.348 ^ _38840_/ZN (NOR2_X1)
                           _06520_ (net)
     3    0.034   25.382 v _38954_/ZN (OAI21_X1)
                           _06634_ (net)
     2    0.066   25.448 v _38956_/ZN (XNOR2_X1)
                           _06636_ (net)
     2    0.082   25.529 ^ _38966_/ZN (OAI21_X1)
                           _06646_ (net)
     2    0.028   25.557 v _38967_/ZN (AOI21_X1)
                           _06647_ (net)
     2    0.048   25.605 ^ _38968_/ZN (OAI21_X1)
                           _06648_ (net)
     2    0.028   25.633 v _38969_/ZN (AOI21_X1)
                           _06649_ (net)
     2    0.050   25.682 ^ _38970_/ZN (OAI21_X1)
                           _06650_ (net)
     2    0.028   25.710 v _38971_/ZN (AOI21_X1)
                           _06651_ (net)
     2    0.046   25.756 ^ _38972_/ZN (OAI21_X1)
                           _06652_ (net)
     2    0.028   25.784 v _38973_/ZN (AOI21_X1)
                           _06653_ (net)
     2    0.047   25.831 ^ _38974_/ZN (OAI21_X1)
                           _06654_ (net)
     2    0.027   25.858 v _38975_/ZN (AOI21_X1)
                           _06655_ (net)
     2    0.047   25.905 ^ _38976_/ZN (OAI21_X1)
                           _06656_ (net)
     2    0.027   25.933 v _38977_/ZN (AOI21_X1)
                           _06657_ (net)
     2    0.045   25.978 ^ _38978_/ZN (OAI21_X1)
                           _06658_ (net)
     2    0.026   26.004 v _38979_/ZN (AOI21_X1)
                           _06659_ (net)
     2    0.045   26.049 ^ _38980_/ZN (OAI21_X1)
                           _06660_ (net)
     2    0.027   26.076 v _38981_/ZN (AOI21_X1)
                           _06661_ (net)
     2    0.046   26.122 ^ _38982_/ZN (OAI21_X1)
                           _06662_ (net)
     2    0.027   26.149 v _38983_/ZN (AOI21_X1)
                           _06663_ (net)
     2    0.045   26.194 ^ _38984_/ZN (OAI21_X1)
                           _06664_ (net)
     2    0.026   26.219 v _38985_/ZN (AOI21_X1)
                           _06665_ (net)
     2    0.045   26.264 ^ _38986_/ZN (OAI21_X1)
                           _06666_ (net)
     2    0.026   26.290 v _38987_/ZN (AOI21_X1)
                           _06667_ (net)
     2    0.045   26.336 ^ _38988_/ZN (OAI21_X1)
                           _06668_ (net)
     1    0.019   26.355 v _38989_/ZN (AOI21_X1)
                           _06669_ (net)
     3    0.049   26.404 ^ _38990_/ZN (OAI21_X1)
                           _06670_ (net)
     2    0.028   26.432 v _38995_/ZN (OAI21_X1)
                           _06675_ (net)
    41    0.389   26.821 ^ _38997_/ZN (AOI21_X1)
                           _06677_ (net)
     1    0.056   26.877 ^ _39117_/ZN (AND2_X1)
                           _06797_ (net)
     4    0.041   26.918 ^ _39118_/ZN (OR2_X1)
                           _06798_ (net)
     1    0.012   26.930 v _39120_/ZN (NOR2_X1)
                           _06800_ (net)
     2    0.074   27.004 ^ _39130_/ZN (OAI21_X1)
                           _06810_ (net)
     2    0.027   27.032 v _39131_/ZN (AOI21_X1)
                           _06811_ (net)
     2    0.047   27.079 ^ _39132_/ZN (OAI21_X1)
                           _06812_ (net)
     2    0.028   27.106 v _39133_/ZN (AOI21_X1)
                           _06813_ (net)
     2    0.050   27.156 ^ _39134_/ZN (OAI21_X1)
                           _06814_ (net)
     2    0.028   27.184 v _39135_/ZN (AOI21_X1)
                           _06815_ (net)
     2    0.048   27.232 ^ _39136_/ZN (OAI21_X1)
                           _06816_ (net)
     2    0.027   27.259 v _39137_/ZN (AOI21_X1)
                           _06817_ (net)
     2    0.049   27.308 ^ _39138_/ZN (OAI21_X1)
                           _06818_ (net)
     2    0.027   27.335 v _39139_/ZN (AOI21_X1)
                           _06819_ (net)
     2    0.049   27.384 ^ _39140_/ZN (OAI21_X1)
                           _06820_ (net)
     2    0.027   27.411 v _39141_/ZN (AOI21_X1)
                           _06821_ (net)
     2    0.049   27.460 ^ _39142_/ZN (OAI21_X1)
                           _06822_ (net)
     2    0.025   27.484 v _39143_/ZN (AOI21_X1)
                           _06823_ (net)
     3    0.051   27.535 ^ _39144_/ZN (OAI21_X1)
                           _06824_ (net)
     2    0.037   27.572 v _39146_/ZN (NAND4_X1)
                           _06826_ (net)
     2    0.037   27.609 ^ _39151_/ZN (AOI21_X1)
                           _06831_ (net)
     2    0.024   27.633 v _39153_/ZN (OAI21_X1)
                           _06833_ (net)
     3    0.049   27.682 ^ _39154_/ZN (AOI21_X1)
                           _06834_ (net)
     2    0.026   27.708 v _39156_/ZN (OAI21_X1)
                           _06836_ (net)
     2    0.060   27.768 ^ _39159_/ZN (AOI211_X1)
                           _06839_ (net)
     2    0.026   27.794 v _39174_/ZN (AOI21_X1)
                           _06854_ (net)
    37    0.347   28.141 ^ _39175_/ZN (NOR2_X1)
                           _06855_ (net)
     3    0.037   28.178 v _39327_/ZN (OAI21_X1)
                           _07007_ (net)
     2    0.068   28.247 v _39329_/ZN (XNOR2_X1)
                           _07009_ (net)
     2    0.082   28.328 ^ _39340_/ZN (OAI21_X1)
                           _07020_ (net)
     2    0.028   28.356 v _39341_/ZN (AOI21_X1)
                           _07021_ (net)
     2    0.047   28.403 ^ _39342_/ZN (OAI21_X1)
                           _07022_ (net)
     2    0.028   28.431 v _39343_/ZN (AOI21_X1)
                           _07023_ (net)
     2    0.048   28.478 ^ _39344_/ZN (OAI21_X1)
                           _07024_ (net)
     2    0.027   28.505 v _39345_/ZN (AOI21_X1)
                           _07025_ (net)
     2    0.045   28.550 ^ _39346_/ZN (OAI21_X1)
                           _07026_ (net)
     2    0.028   28.578 v _39347_/ZN (AOI21_X1)
                           _07027_ (net)
     2    0.045   28.623 ^ _39348_/ZN (OAI21_X1)
                           _07028_ (net)
     2    0.027   28.650 v _39349_/ZN (AOI21_X1)
                           _07029_ (net)
     2    0.045   28.696 ^ _39350_/ZN (OAI21_X1)
                           _07030_ (net)
     2    0.027   28.723 v _39351_/ZN (AOI21_X1)
                           _07031_ (net)
     2    0.045   28.768 ^ _39352_/ZN (OAI21_X1)
                           _07032_ (net)
     2    0.025   28.793 v _39353_/ZN (AOI21_X1)
                           _07033_ (net)
     2    0.045   28.838 ^ _39354_/ZN (OAI21_X1)
                           _07034_ (net)
     5    0.037   28.875 v _39355_/ZN (AOI21_X1)
                           _07035_ (net)
     1    0.119   28.994 v _39359_/ZN (OR4_X1)
                           _07039_ (net)
     3    0.046   29.040 ^ _39364_/ZN (AOI21_X1)
                           _07044_ (net)
     1    0.022   29.062 v _39368_/ZN (OAI21_X1)
                           _07048_ (net)
     3    0.049   29.111 ^ _39369_/ZN (AOI21_X1)
                           _07049_ (net)
     1    0.022   29.133 v _39373_/ZN (OAI21_X1)
                           _07053_ (net)
     3    0.050   29.183 ^ _39374_/ZN (AOI21_X1)
                           _07054_ (net)
     1    0.028   29.211 v _39378_/ZN (OAI22_X1)
                           _07058_ (net)
     2    0.080   29.291 ^ _39379_/ZN (AOI211_X1)
                           _07059_ (net)
     1    0.019   29.310 v _39384_/ZN (OAI21_X1)
                           _07064_ (net)
    44    0.417   29.726 ^ _39385_/ZN (AOI21_X1)
                           _07065_ (net)
     3    0.038   29.764 v _39523_/ZN (AOI22_X1)
                           _07203_ (net)
     2    0.067   29.831 v _39525_/ZN (XNOR2_X1)
                           _07205_ (net)
     2    0.074   29.904 ^ _39529_/ZN (OAI21_X1)
                           _07209_ (net)
     2    0.027   29.932 v _39530_/ZN (AOI21_X1)
                           _07210_ (net)
     2    0.047   29.978 ^ _39531_/ZN (OAI21_X1)
                           _07211_ (net)
     2    0.028   30.006 v _39532_/ZN (AOI21_X1)
                           _07212_ (net)
     2    0.049   30.055 ^ _39533_/ZN (OAI21_X1)
                           _07213_ (net)
     2    0.027   30.082 v _39534_/ZN (AOI21_X1)
                           _07214_ (net)
     2    0.047   30.129 ^ _39535_/ZN (OAI21_X1)
                           _07215_ (net)
     2    0.027   30.156 v _39536_/ZN (AOI21_X1)
                           _07216_ (net)
     2    0.045   30.201 ^ _39537_/ZN (OAI21_X1)
                           _07217_ (net)
     2    0.027   30.228 v _39538_/ZN (AOI21_X1)
                           _07218_ (net)
     2    0.045   30.273 ^ _39539_/ZN (OAI21_X1)
                           _07219_ (net)
     2    0.027   30.300 v _39540_/ZN (AOI21_X1)
                           _07220_ (net)
     2    0.045   30.344 ^ _39541_/ZN (OAI21_X1)
                           _07221_ (net)
     2    0.027   30.371 v _39542_/ZN (AOI21_X1)
                           _07222_ (net)
     2    0.045   30.416 ^ _39543_/ZN (OAI21_X1)
                           _07223_ (net)
     2    0.026   30.442 v _39544_/ZN (AOI21_X1)
                           _07224_ (net)
     2    0.045   30.487 ^ _39545_/ZN (OAI21_X1)
                           _07225_ (net)
     4    0.034   30.521 v _39546_/ZN (AOI21_X1)
                           _07226_ (net)
     2    0.099   30.621 ^ _39549_/ZN (NOR4_X1)
                           _07229_ (net)
     1    0.028   30.649 v _39555_/ZN (OAI211_X1)
                           _07235_ (net)
     4    0.061   30.710 ^ _39560_/ZN (OAI211_X1)
                           _07240_ (net)
     2    0.040   30.750 v _39582_/ZN (NAND4_X1)
                           _07262_ (net)
    41    0.393   31.142 ^ _39587_/ZN (AOI21_X1)
                           _07267_ (net)
     1    0.061   31.203 ^ _39783_/ZN (AND2_X1)
                           _07463_ (net)
     5    0.024   31.227 v _39784_/ZN (AOI21_X1)
                           _07464_ (net)
     2    0.048   31.275 ^ _39788_/ZN (XNOR2_X1)
                           _07468_ (net)
     2    0.028   31.303 v _39800_/ZN (AOI21_X1)
                           _07480_ (net)
     1    0.035   31.338 ^ _39803_/ZN (OAI21_X1)
                           _07483_ (net)
     2    0.025   31.363 v _39804_/ZN (AOI21_X1)
                           _07484_ (net)
     1    0.034   31.397 ^ _39807_/ZN (OAI21_X1)
                           _07487_ (net)
     2    0.025   31.422 v _39808_/ZN (AOI21_X1)
                           _07488_ (net)
     1    0.034   31.456 ^ _39811_/ZN (OAI21_X1)
                           _07491_ (net)
     2    0.025   31.481 v _39812_/ZN (AOI21_X1)
                           _07492_ (net)
     1    0.034   31.515 ^ _39815_/ZN (OAI21_X1)
                           _07495_ (net)
     2    0.024   31.539 v _39816_/ZN (AOI21_X1)
                           _07496_ (net)
     1    0.034   31.573 ^ _39819_/ZN (OAI21_X1)
                           _07499_ (net)
     2    0.024   31.598 v _39820_/ZN (AOI21_X1)
                           _07500_ (net)
     1    0.034   31.632 ^ _39823_/ZN (OAI21_X1)
                           _07503_ (net)
     2    0.024   31.656 v _39824_/ZN (AOI21_X1)
                           _07504_ (net)
     1    0.033   31.689 ^ _39827_/ZN (OAI21_X1)
                           _07507_ (net)
     2    0.024   31.713 v _39828_/ZN (AOI21_X1)
                           _07508_ (net)
     1    0.029   31.742 ^ _39833_/ZN (OAI21_X1)
                           _07513_ (net)
     2    0.024   31.766 v _39834_/ZN (AOI21_X1)
                           _07514_ (net)
     1    0.034   31.800 ^ _39837_/ZN (OAI21_X1)
                           _07517_ (net)
     2    0.022   31.821 v _39838_/ZN (AOI21_X1)
                           _07518_ (net)
     1    0.034   31.855 ^ _39841_/ZN (OAI21_X1)
                           _07521_ (net)
     2    0.022   31.876 v _39842_/ZN (AOI21_X1)
                           _07522_ (net)
     1    0.034   31.910 ^ _39845_/ZN (OAI21_X1)
                           _07525_ (net)
     2    0.024   31.934 v _39846_/ZN (AOI21_X1)
                           _07526_ (net)
     1    0.033   31.967 ^ _39849_/ZN (OAI21_X1)
                           _07529_ (net)
     2    0.023   31.991 v _39850_/ZN (AOI21_X1)
                           _07530_ (net)
     1    0.033   32.024 ^ _39853_/ZN (OAI21_X1)
                           _07533_ (net)
     1    0.018   32.042 v _39854_/ZN (AOI21_X1)
                           _07534_ (net)
     1    0.032   32.074 ^ _39857_/ZN (OAI21_X1)
                           _07537_ (net)
     2    0.021   32.095 v _39858_/ZN (AOI21_X1)
                           _07538_ (net)
    30    0.310   32.405 ^ _39863_/ZN (OAI21_X1)
                           _07543_ (net)
     4    0.070   32.475 v _39984_/Z (MUX2_X1)
                           _07664_ (net)
     1    0.052   32.527 v _39986_/ZN (OR2_X1)
                           _07666_ (net)
     2    0.044   32.571 ^ _39998_/ZN (AOI21_X1)
                           _07678_ (net)
     2    0.029   32.599 v _39999_/ZN (OAI21_X1)
                           _07679_ (net)
     2    0.050   32.650 ^ _40000_/ZN (AOI21_X1)
                           _07680_ (net)
     2    0.028   32.678 v _40001_/ZN (OAI21_X1)
                           _07681_ (net)
     2    0.048   32.726 ^ _40002_/ZN (AOI21_X1)
                           _07682_ (net)
     2    0.028   32.753 v _40003_/ZN (OAI21_X1)
                           _07683_ (net)
     2    0.050   32.803 ^ _40004_/ZN (AOI21_X1)
                           _07684_ (net)
     2    0.028   32.831 v _40005_/ZN (OAI21_X1)
                           _07685_ (net)
     2    0.048   32.879 ^ _40006_/ZN (AOI21_X1)
                           _07686_ (net)
     2    0.028   32.907 v _40007_/ZN (OAI21_X1)
                           _07687_ (net)
     2    0.048   32.955 ^ _40008_/ZN (AOI21_X1)
                           _07688_ (net)
     2    0.028   32.983 v _40009_/ZN (OAI21_X1)
                           _07689_ (net)
     2    0.048   33.031 ^ _40010_/ZN (AOI21_X1)
                           _07690_ (net)
     2    0.028   33.059 v _40011_/ZN (OAI21_X1)
                           _07691_ (net)
     2    0.048   33.107 ^ _40012_/ZN (AOI21_X1)
                           _07692_ (net)
     2    0.028   33.135 v _40013_/ZN (OAI21_X1)
                           _07693_ (net)
     2    0.043   33.178 ^ _40015_/ZN (AOI21_X1)
                           _07695_ (net)
     2    0.028   33.205 v _40016_/ZN (OAI21_X1)
                           _07696_ (net)
     2    0.049   33.254 ^ _40017_/ZN (AOI21_X1)
                           _07697_ (net)
     2    0.028   33.282 v _40018_/ZN (OAI21_X1)
                           _07698_ (net)
     2    0.048   33.330 ^ _40019_/ZN (AOI21_X1)
                           _07699_ (net)
     2    0.028   33.357 v _40020_/ZN (OAI21_X1)
                           _07700_ (net)
     2    0.047   33.405 ^ _40021_/ZN (AOI21_X1)
                           _07701_ (net)
     2    0.028   33.432 v _40022_/ZN (OAI21_X1)
                           _07702_ (net)
     2    0.048   33.480 ^ _40023_/ZN (AOI21_X1)
                           _07703_ (net)
     2    0.028   33.508 v _40024_/ZN (OAI21_X1)
                           _07704_ (net)
     3    0.052   33.560 ^ _40025_/ZN (AOI21_X1)
                           _07705_ (net)
     4    0.045   33.605 ^ _40037_/ZN (OR3_X1)
                           _07717_ (net)
    43    0.155   33.759 v _40041_/ZN (NAND2_X1)
                           _07721_ (net)
     1    0.060   33.820 ^ _40175_/ZN (NOR2_X1)
                           _07855_ (net)
     3    0.024   33.843 v _40176_/ZN (AOI21_X1)
                           _07856_ (net)
     2    0.055   33.899 v _40178_/ZN (XNOR2_X1)
                           _07858_ (net)
     2    0.080   33.978 ^ _40194_/ZN (OAI21_X1)
                           _07874_ (net)
     2    0.028   34.006 v _40195_/ZN (AOI21_X1)
                           _07875_ (net)
     2    0.045   34.051 ^ _40196_/ZN (OAI21_X1)
                           _07876_ (net)
     2    0.027   34.079 v _40197_/ZN (AOI21_X1)
                           _07877_ (net)
     2    0.045   34.124 ^ _40198_/ZN (OAI21_X1)
                           _07878_ (net)
     2    0.028   34.151 v _40199_/ZN (AOI21_X1)
                           _07879_ (net)
     2    0.045   34.196 ^ _40200_/ZN (OAI21_X1)
                           _07880_ (net)
     2    0.027   34.224 v _40201_/ZN (AOI21_X1)
                           _07881_ (net)
     2    0.045   34.269 ^ _40202_/ZN (OAI21_X1)
                           _07882_ (net)
     2    0.027   34.296 v _40203_/ZN (AOI21_X1)
                           _07883_ (net)
     2    0.045   34.341 ^ _40204_/ZN (OAI21_X1)
                           _07884_ (net)
     2    0.025   34.367 v _40205_/ZN (AOI21_X1)
                           _07885_ (net)
     2    0.045   34.411 ^ _40206_/ZN (OAI21_X1)
                           _07886_ (net)
     2    0.027   34.438 v _40207_/ZN (AOI21_X1)
                           _07887_ (net)
     2    0.045   34.483 ^ _40208_/ZN (OAI21_X1)
                           _07888_ (net)
     2    0.027   34.510 v _40209_/ZN (AOI21_X1)
                           _07889_ (net)
     2    0.045   34.555 ^ _40210_/ZN (OAI21_X1)
                           _07890_ (net)
     2    0.027   34.582 v _40211_/ZN (AOI21_X1)
                           _07891_ (net)
     2    0.045   34.627 ^ _40212_/ZN (OAI21_X1)
                           _07892_ (net)
     2    0.027   34.653 v _40213_/ZN (AOI21_X1)
                           _07893_ (net)
     2    0.045   34.698 ^ _40214_/ZN (OAI21_X1)
                           _07894_ (net)
     2    0.026   34.724 v _40215_/ZN (AOI21_X1)
                           _07895_ (net)
     2    0.045   34.769 ^ _40216_/ZN (OAI21_X1)
                           _07896_ (net)
     2    0.025   34.794 v _40217_/ZN (AOI21_X1)
                           _07897_ (net)
     2    0.045   34.839 ^ _40218_/ZN (OAI21_X1)
                           _07898_ (net)
     3    0.028   34.867 v _40219_/ZN (AOI21_X1)
                           _07899_ (net)
     4    0.075   34.941 ^ _40230_/ZN (NOR3_X1)
                           _07910_ (net)
    45    0.216   35.157 ^ _40232_/ZN (OR2_X1)
                           _07912_ (net)
     3    0.039   35.196 v _40358_/ZN (AOI21_X1)
                           _08038_ (net)
     2    0.056   35.252 v _40360_/ZN (XNOR2_X1)
                           _08040_ (net)
     2    0.080   35.332 ^ _40371_/ZN (OAI21_X1)
                           _08051_ (net)
     2    0.028   35.360 v _40373_/ZN (AOI21_X1)
                           _08053_ (net)
     2    0.048   35.408 ^ _40374_/ZN (OAI21_X1)
                           _08054_ (net)
     2    0.027   35.435 v _40375_/ZN (AOI21_X1)
                           _08055_ (net)
     2    0.045   35.481 ^ _40376_/ZN (OAI21_X1)
                           _08056_ (net)
     2    0.027   35.508 v _40377_/ZN (AOI21_X1)
                           _08057_ (net)
     2    0.045   35.553 ^ _40378_/ZN (OAI21_X1)
                           _08058_ (net)
     2    0.027   35.580 v _40379_/ZN (AOI21_X1)
                           _08059_ (net)
     2    0.045   35.625 ^ _40380_/ZN (OAI21_X1)
                           _08060_ (net)
     2    0.027   35.653 v _40381_/ZN (AOI21_X1)
                           _08061_ (net)
     2    0.045   35.698 ^ _40382_/ZN (OAI21_X1)
                           _08062_ (net)
     2    0.027   35.725 v _40383_/ZN (AOI21_X1)
                           _08063_ (net)
     2    0.045   35.770 ^ _40384_/ZN (OAI21_X1)
                           _08064_ (net)
     2    0.027   35.797 v _40385_/ZN (AOI21_X1)
                           _08065_ (net)
     2    0.045   35.842 ^ _40386_/ZN (OAI21_X1)
                           _08066_ (net)
     2    0.027   35.869 v _40387_/ZN (AOI21_X1)
                           _08067_ (net)
     2    0.045   35.914 ^ _40388_/ZN (OAI21_X1)
                           _08068_ (net)
     2    0.027   35.942 v _40390_/ZN (AOI21_X1)
                           _08070_ (net)
     2    0.046   35.988 ^ _40391_/ZN (OAI21_X1)
                           _08071_ (net)
     2    0.026   36.014 v _40392_/ZN (AOI21_X1)
                           _08072_ (net)
     2    0.045   36.059 ^ _40393_/ZN (OAI21_X1)
                           _08073_ (net)
     2    0.026   36.085 v _40394_/ZN (AOI21_X1)
                           _08074_ (net)
     2    0.045   36.130 ^ _40395_/ZN (OAI21_X1)
                           _08075_ (net)
     4    0.032   36.162 v _40396_/ZN (AOI21_X1)
                           _08076_ (net)
     2    0.119   36.281 v _40418_/ZN (OR4_X1)
                           _08098_ (net)
    44    0.204   36.485 ^ _40426_/ZN (NAND2_X1)
                           _08106_ (net)
     4    0.076   36.561 v _40565_/Z (MUX2_X1)
                           _08245_ (net)
     1    0.043   36.604 v _40567_/ZN (XNOR2_X1)
                           _08247_ (net)
     2    0.077   36.681 ^ _40581_/ZN (OAI21_X1)
                           _08261_ (net)
     2    0.026   36.707 v _40582_/ZN (AOI21_X1)
                           _08262_ (net)
     2    0.044   36.750 ^ _40584_/ZN (OAI21_X1)
                           _08264_ (net)
     2    0.025   36.776 v _40585_/ZN (AOI21_X1)
                           _08265_ (net)
     2    0.047   36.822 ^ _40586_/ZN (OAI21_X1)
                           _08266_ (net)
     2    0.026   36.849 v _40587_/ZN (AOI21_X1)
                           _08267_ (net)
     2    0.047   36.896 ^ _40588_/ZN (OAI21_X1)
                           _08268_ (net)
     2    0.026   36.922 v _40589_/ZN (AOI21_X1)
                           _08269_ (net)
     2    0.047   36.969 ^ _40590_/ZN (OAI21_X1)
                           _08270_ (net)
     2    0.026   36.995 v _40591_/ZN (AOI21_X1)
                           _08271_ (net)
     2    0.047   37.042 ^ _40592_/ZN (OAI21_X1)
                           _08272_ (net)
     2    0.026   37.068 v _40593_/ZN (AOI21_X1)
                           _08273_ (net)
     2    0.047   37.114 ^ _40594_/ZN (OAI21_X1)
                           _08274_ (net)
     2    0.026   37.140 v _40595_/ZN (AOI21_X1)
                           _08275_ (net)
     2    0.047   37.187 ^ _40596_/ZN (OAI21_X1)
                           _08276_ (net)
     2    0.026   37.213 v _40597_/ZN (AOI21_X1)
                           _08277_ (net)
     2    0.046   37.259 ^ _40598_/ZN (OAI21_X1)
                           _08278_ (net)
     2    0.026   37.285 v _40599_/ZN (AOI21_X1)
                           _08279_ (net)
     2    0.043   37.328 ^ _40601_/ZN (OAI21_X1)
                           _08281_ (net)
     2    0.025   37.353 v _40602_/ZN (AOI21_X1)
                           _08282_ (net)
     2    0.046   37.399 ^ _40603_/ZN (OAI21_X1)
                           _08283_ (net)
     2    0.025   37.425 v _40604_/ZN (AOI21_X1)
                           _08284_ (net)
     2    0.046   37.471 ^ _40605_/ZN (OAI21_X1)
                           _08285_ (net)
     2    0.025   37.496 v _40606_/ZN (AOI21_X1)
                           _08286_ (net)
     3    0.054   37.550 ^ _40607_/ZN (OAI21_X1)
                           _08287_ (net)
     4    0.050   37.600 v _40626_/ZN (NAND4_X1)
                           _08306_ (net)
    37    0.184   37.784 ^ _40632_/ZN (NAND2_X1)
                           _08312_ (net)
     3    0.071   37.855 v _40757_/Z (MUX2_X1)
                           _08437_ (net)
     3    0.050   37.905 v _40759_/ZN (XNOR2_X1)
                           _08439_ (net)
     1    0.065   37.970 ^ _40772_/ZN (OAI21_X1)
                           _08452_ (net)
     2    0.027   37.997 v _40773_/ZN (AOI211_X1)
                           _08453_ (net)
     2    0.055   38.052 ^ _40774_/ZN (OAI21_X1)
                           _08454_ (net)
     2    0.026   38.078 v _40776_/ZN (AOI21_X1)
                           _08456_ (net)
     2    0.046   38.123 ^ _40777_/ZN (OAI21_X1)
                           _08457_ (net)
     2    0.027   38.151 v _40778_/ZN (AOI21_X1)
                           _08458_ (net)
     2    0.045   38.196 ^ _40779_/ZN (OAI21_X1)
                           _08459_ (net)
     2    0.027   38.223 v _40780_/ZN (AOI21_X1)
                           _08460_ (net)
     2    0.045   38.268 ^ _40781_/ZN (OAI21_X1)
                           _08461_ (net)
     2    0.027   38.295 v _40782_/ZN (AOI21_X1)
                           _08462_ (net)
     2    0.045   38.340 ^ _40783_/ZN (OAI21_X1)
                           _08463_ (net)
     2    0.027   38.367 v _40784_/ZN (AOI21_X1)
                           _08464_ (net)
     2    0.045   38.412 ^ _40785_/ZN (OAI21_X1)
                           _08465_ (net)
     3    0.027   38.439 v _40786_/ZN (AOI21_X1)
                           _08466_ (net)
     2    0.120   38.558 v _40788_/ZN (OR4_X1)
                           _08468_ (net)
     3    0.043   38.601 ^ _40793_/ZN (AOI21_X1)
                           _08473_ (net)
     2    0.031   38.632 v _40795_/ZN (OAI22_X1)
                           _08475_ (net)
     2    0.072   38.704 ^ _40797_/ZN (AOI21_X1)
                           _08477_ (net)
     2    0.032   38.736 v _40799_/ZN (OAI22_X1)
                           _08479_ (net)
     2    0.063   38.799 ^ _40801_/ZN (AOI21_X1)
                           _08481_ (net)
     2    0.031   38.830 v _40803_/ZN (OAI22_X1)
                           _08483_ (net)
     2    0.064   38.894 ^ _40805_/ZN (AOI21_X1)
                           _08485_ (net)
     2    0.031   38.925 v _40807_/ZN (OAI22_X1)
                           _08487_ (net)
     6    0.118   39.043 ^ _40830_/ZN (AOI211_X1)
                           _08510_ (net)
    27    0.107   39.150 v _40835_/ZN (NOR2_X1)
                           _08515_ (net)
     4    0.079   39.228 ^ _40970_/Z (MUX2_X1)
                           _08650_ (net)
     2    0.016   39.244 v _40973_/ZN (NOR2_X1)
                           _08653_ (net)
     2    0.068   39.312 ^ _40974_/ZN (NOR2_X1)
                           _08654_ (net)
     1    0.018   39.330 v _40998_/ZN (AOI21_X1)
                           _08678_ (net)
     2    0.040   39.370 ^ _41000_/ZN (OAI21_X1)
                           _08680_ (net)
     2    0.026   39.396 v _41001_/ZN (AOI21_X1)
                           _08681_ (net)
     2    0.043   39.438 ^ _41003_/ZN (OAI21_X1)
                           _08683_ (net)
     2    0.026   39.464 v _41004_/ZN (AOI21_X1)
                           _08684_ (net)
     2    0.049   39.513 ^ _41005_/ZN (OAI21_X1)
                           _08685_ (net)
     2    0.026   39.539 v _41006_/ZN (AOI21_X1)
                           _08686_ (net)
     2    0.048   39.588 ^ _41007_/ZN (OAI21_X1)
                           _08687_ (net)
     2    0.026   39.614 v _41008_/ZN (AOI21_X1)
                           _08688_ (net)
     2    0.046   39.660 ^ _41009_/ZN (OAI21_X1)
                           _08689_ (net)
     2    0.026   39.687 v _41010_/ZN (AOI21_X1)
                           _08690_ (net)
     2    0.046   39.733 ^ _41011_/ZN (OAI21_X1)
                           _08691_ (net)
     2    0.026   39.759 v _41012_/ZN (AOI21_X1)
                           _08692_ (net)
     2    0.047   39.807 ^ _41013_/ZN (OAI21_X1)
                           _08693_ (net)
     2    0.026   39.833 v _41014_/ZN (AOI21_X1)
                           _08694_ (net)
     2    0.047   39.880 ^ _41015_/ZN (OAI21_X1)
                           _08695_ (net)
     2    0.026   39.906 v _41016_/ZN (AOI21_X1)
                           _08696_ (net)
     2    0.046   39.952 ^ _41017_/ZN (OAI21_X1)
                           _08697_ (net)
     2    0.024   39.976 v _41019_/ZN (AOI21_X1)
                           _08699_ (net)
     2    0.041   40.017 ^ _41021_/ZN (OAI21_X1)
                           _08701_ (net)
     2    0.025   40.042 v _41022_/ZN (AOI21_X1)
                           _08702_ (net)
     2    0.047   40.089 ^ _41023_/ZN (OAI21_X1)
                           _08703_ (net)
     2    0.025   40.114 v _41024_/ZN (AOI21_X1)
                           _08704_ (net)
     2    0.047   40.162 ^ _41025_/ZN (OAI21_X1)
                           _08705_ (net)
     2    0.025   40.187 v _41026_/ZN (AOI21_X1)
                           _08706_ (net)
     4    0.053   40.240 ^ _41027_/ZN (OAI21_X1)
                           _08707_ (net)
     2    0.031   40.271 v _41037_/ZN (NAND3_X1)
                           _08717_ (net)
    30    0.150   40.421 ^ _41042_/ZN (NAND2_X1)
                           _08722_ (net)
     4    0.075   40.496 v _41153_/Z (MUX2_X1)
                           _08833_ (net)
     3    0.050   40.546 v _41155_/ZN (XNOR2_X1)
                           _08835_ (net)
     1    0.060   40.606 ^ _41186_/ZN (OAI21_X1)
                           _08866_ (net)
     2    0.026   40.632 v _41188_/ZN (AOI21_X1)
                           _08868_ (net)
     2    0.045   40.677 ^ _41189_/ZN (OAI21_X1)
                           _08869_ (net)
     2    0.027   40.704 v _41191_/ZN (AOI21_X1)
                           _08871_ (net)
     2    0.046   40.751 ^ _41192_/ZN (OAI21_X1)
                           _08872_ (net)
     2    0.027   40.777 v _41193_/ZN (AOI21_X1)
                           _08873_ (net)
     2    0.045   40.822 ^ _41194_/ZN (OAI21_X1)
                           _08874_ (net)
     2    0.027   40.849 v _41195_/ZN (AOI21_X1)
                           _08875_ (net)
     2    0.045   40.894 ^ _41196_/ZN (OAI21_X1)
                           _08876_ (net)
     2    0.027   40.921 v _41197_/ZN (AOI21_X1)
                           _08877_ (net)
     2    0.045   40.965 ^ _41198_/ZN (OAI21_X1)
                           _08878_ (net)
     2    0.026   40.992 v _41199_/ZN (AOI21_X1)
                           _08879_ (net)
     2    0.045   41.037 ^ _41200_/ZN (OAI21_X1)
                           _08880_ (net)
     2    0.026   41.063 v _41201_/ZN (AOI21_X1)
                           _08881_ (net)
     2    0.045   41.108 ^ _41202_/ZN (OAI21_X1)
                           _08882_ (net)
     2    0.026   41.134 v _41203_/ZN (AOI21_X1)
                           _08883_ (net)
     2    0.045   41.179 ^ _41204_/ZN (OAI21_X1)
                           _08884_ (net)
     3    0.028   41.207 v _41205_/ZN (AOI21_X1)
                           _08885_ (net)
     2    0.120   41.327 v _41208_/ZN (OR4_X1)
                           _08888_ (net)
    33    0.337   41.664 ^ _41248_/ZN (OAI21_X1)
                           _08928_ (net)
     3    0.069   41.733 v _41398_/Z (MUX2_X1)
                           _09078_ (net)
     3    0.050   41.783 v _41402_/ZN (XNOR2_X1)
                           _09082_ (net)
     2    0.070   41.853 ^ _41403_/ZN (NOR2_X1)
                           _09083_ (net)
     1    0.019   41.872 v _41420_/ZN (AOI21_X1)
                           _09100_ (net)
     1    0.033   41.905 ^ _41421_/ZN (OAI21_X1)
                           _09101_ (net)
     2    0.026   41.932 v _41423_/ZN (AOI21_X1)
                           _09103_ (net)
     2    0.046   41.977 ^ _41424_/ZN (OAI21_X1)
                           _09104_ (net)
     2    0.028   42.005 v _41426_/ZN (AOI21_X1)
                           _09106_ (net)
     2    0.046   42.051 ^ _41427_/ZN (OAI21_X1)
                           _09107_ (net)
     2    0.027   42.078 v _41428_/ZN (AOI21_X1)
                           _09108_ (net)
     2    0.045   42.123 ^ _41429_/ZN (OAI21_X1)
                           _09109_ (net)
     2    0.027   42.149 v _41430_/ZN (AOI21_X1)
                           _09110_ (net)
     2    0.045   42.194 ^ _41431_/ZN (OAI21_X1)
                           _09111_ (net)
     2    0.025   42.219 v _41432_/ZN (AOI21_X1)
                           _09112_ (net)
     2    0.045   42.264 ^ _41433_/ZN (OAI21_X1)
                           _09113_ (net)
     2    0.026   42.290 v _41434_/ZN (AOI21_X1)
                           _09114_ (net)
     2    0.045   42.335 ^ _41435_/ZN (OAI21_X1)
                           _09115_ (net)
     2    0.026   42.361 v _41436_/ZN (AOI21_X1)
                           _09116_ (net)
     2    0.045   42.406 ^ _41437_/ZN (OAI21_X1)
                           _09117_ (net)
     2    0.026   42.432 v _41438_/ZN (AOI21_X1)
                           _09118_ (net)
     2    0.045   42.476 ^ _41439_/ZN (OAI21_X1)
                           _09119_ (net)
     3    0.029   42.505 v _41440_/ZN (AOI21_X1)
                           _09120_ (net)
     1    0.118   42.622 v _41444_/ZN (OR4_X1)
                           _09124_ (net)
    34    0.353   42.975 ^ _41459_/ZN (OAI21_X1)
                           _09139_ (net)
     3    0.069   43.044 v _41618_/Z (MUX2_X1)
                           _09298_ (net)
     2    0.047   43.091 v _41622_/ZN (XNOR2_X1)
                           _09302_ (net)
     2    0.074   43.164 ^ _41623_/ZN (OAI21_X1)
                           _09303_ (net)
     1    0.020   43.184 v _41624_/ZN (AOI21_X1)
                           _09304_ (net)
     3    0.046   43.230 ^ _41625_/ZN (OAI21_X1)
                           _09305_ (net)
     1    0.019   43.249 v _41626_/ZN (AOI21_X1)
                           _09306_ (net)
     1    0.033   43.283 ^ _41627_/ZN (OAI21_X1)
                           _09307_ (net)
     2    0.027   43.310 v _41628_/ZN (AOI211_X1)
                           _09308_ (net)
     2    0.046   43.356 ^ _41629_/ZN (OAI21_X1)
                           _09309_ (net)
     2    0.027   43.383 v _41631_/ZN (AOI21_X1)
                           _09311_ (net)
     2    0.046   43.429 ^ _41632_/ZN (OAI21_X1)
                           _09312_ (net)
     2    0.027   43.456 v _41633_/ZN (AOI21_X1)
                           _09313_ (net)
     2    0.045   43.501 ^ _41634_/ZN (OAI21_X1)
                           _09314_ (net)
     2    0.027   43.527 v _41635_/ZN (AOI21_X1)
                           _09315_ (net)
     2    0.045   43.572 ^ _41636_/ZN (OAI21_X1)
                           _09316_ (net)
     2    0.026   43.599 v _41637_/ZN (AOI21_X1)
                           _09317_ (net)
     2    0.045   43.644 ^ _41638_/ZN (OAI21_X1)
                           _09318_ (net)
     2    0.026   43.670 v _41639_/ZN (AOI21_X1)
                           _09319_ (net)
     2    0.045   43.715 ^ _41640_/ZN (OAI21_X1)
                           _09320_ (net)
     2    0.026   43.741 v _41641_/ZN (AOI21_X1)
                           _09321_ (net)
     2    0.045   43.786 ^ _41642_/ZN (OAI21_X1)
                           _09322_ (net)
     2    0.026   43.811 v _41643_/ZN (AOI21_X1)
                           _09323_ (net)
     2    0.045   43.856 ^ _41644_/ZN (OAI21_X1)
                           _09324_ (net)
     3    0.028   43.884 v _41645_/ZN (AOI21_X1)
                           _09325_ (net)
     2    0.120   44.004 v _41647_/ZN (OR4_X1)
                           _09327_ (net)
    34    0.364   44.368 ^ _41656_/ZN (OAI221_X1)
                           _09336_ (net)
     3    0.070   44.437 v _41784_/Z (MUX2_X1)
                           _09464_ (net)
     2    0.048   44.485 v _41786_/ZN (XNOR2_X1)
                           _09466_ (net)
     2    0.079   44.564 ^ _41789_/ZN (OAI21_X1)
                           _09469_ (net)
     2    0.028   44.592 v _41791_/ZN (AOI21_X1)
                           _09471_ (net)
     2    0.048   44.641 ^ _41792_/ZN (OAI21_X1)
                           _09472_ (net)
     2    0.027   44.668 v _41793_/ZN (AOI21_X1)
                           _09473_ (net)
     2    0.048   44.716 ^ _41794_/ZN (OAI21_X1)
                           _09474_ (net)
     2    0.027   44.743 v _41795_/ZN (AOI21_X1)
                           _09475_ (net)
     2    0.045   44.788 ^ _41796_/ZN (OAI21_X1)
                           _09476_ (net)
     2    0.028   44.816 v _41797_/ZN (AOI21_X1)
                           _09477_ (net)
     2    0.045   44.861 ^ _41798_/ZN (OAI21_X1)
                           _09478_ (net)
     2    0.028   44.889 v _41800_/ZN (AOI21_X1)
                           _09480_ (net)
     2    0.046   44.935 ^ _41801_/ZN (OAI21_X1)
                           _09481_ (net)
     2    0.027   44.962 v _41802_/ZN (AOI21_X1)
                           _09482_ (net)
     2    0.045   45.007 ^ _41803_/ZN (OAI21_X1)
                           _09483_ (net)
     2    0.025   45.033 v _41804_/ZN (AOI21_X1)
                           _09484_ (net)
     2    0.045   45.078 ^ _41805_/ZN (OAI21_X1)
                           _09485_ (net)
     2    0.027   45.105 v _41806_/ZN (AOI21_X1)
                           _09486_ (net)
     2    0.045   45.150 ^ _41807_/ZN (OAI21_X1)
                           _09487_ (net)
     2    0.027   45.176 v _41808_/ZN (AOI21_X1)
                           _09488_ (net)
     2    0.045   45.221 ^ _41809_/ZN (OAI21_X1)
                           _09489_ (net)
     3    0.031   45.252 v _41810_/ZN (AOI21_X1)
                           _09490_ (net)
     2    0.089   45.341 ^ _41813_/ZN (NOR4_X1)
                           _09493_ (net)
     4    0.046   45.387 v _41823_/ZN (OAI211_X1)
                           _09503_ (net)
     3    0.090   45.478 v _41842_/ZN (OR3_X1)
                           _09522_ (net)
    41    0.187   45.665 ^ _41850_/ZN (NAND2_X1)
                           _09530_ (net)
     3    0.039   45.704 v _41970_/ZN (AOI21_X1)
                           _09650_ (net)
     2    0.055   45.759 v _41972_/ZN (XNOR2_X1)
                           _09652_ (net)
     2    0.080   45.839 ^ _41984_/ZN (OAI21_X1)
                           _09664_ (net)
     2    0.028   45.867 v _41986_/ZN (AOI21_X1)
                           _09666_ (net)
     2    0.048   45.915 ^ _41987_/ZN (OAI21_X1)
                           _09667_ (net)
     2    0.027   45.942 v _41988_/ZN (AOI21_X1)
                           _09668_ (net)
     2    0.047   45.989 ^ _41989_/ZN (OAI21_X1)
                           _09669_ (net)
     2    0.027   46.016 v _41990_/ZN (AOI21_X1)
                           _09670_ (net)
     2    0.045   46.061 ^ _41991_/ZN (OAI21_X1)
                           _09671_ (net)
     2    0.027   46.089 v _41992_/ZN (AOI21_X1)
                           _09672_ (net)
     2    0.045   46.134 ^ _41993_/ZN (OAI21_X1)
                           _09673_ (net)
     2    0.028   46.161 v _41995_/ZN (AOI21_X1)
                           _09675_ (net)
     2    0.046   46.208 ^ _41996_/ZN (OAI21_X1)
                           _09676_ (net)
     2    0.027   46.235 v _41997_/ZN (AOI21_X1)
                           _09677_ (net)
     2    0.045   46.280 ^ _41998_/ZN (OAI21_X1)
                           _09678_ (net)
     2    0.027   46.307 v _41999_/ZN (AOI21_X1)
                           _09679_ (net)
     2    0.045   46.352 ^ _42000_/ZN (OAI21_X1)
                           _09680_ (net)
     2    0.027   46.379 v _42001_/ZN (AOI21_X1)
                           _09681_ (net)
     2    0.045   46.424 ^ _42002_/ZN (OAI21_X1)
                           _09682_ (net)
     2    0.027   46.451 v _42003_/ZN (AOI21_X1)
                           _09683_ (net)
     2    0.045   46.496 ^ _42004_/ZN (OAI21_X1)
                           _09684_ (net)
     3    0.029   46.525 v _42005_/ZN (AOI21_X1)
                           _09685_ (net)
     2    0.120   46.645 v _42007_/ZN (OR4_X1)
                           _09687_ (net)
     3    0.044   46.689 ^ _42049_/ZN (AOI21_X1)
                           _09729_ (net)
    41    0.201   46.889 ^ _42056_/ZN (OR2_X1)
                           _09736_ (net)
     3    0.071   46.960 v _42192_/Z (MUX2_X1)
                           _09872_ (net)
     2    0.045   47.006 ^ _42194_/ZN (XNOR2_X1)
                           _09874_ (net)
     2    0.028   47.034 v _42206_/ZN (AOI211_X1)
                           _09886_ (net)
     2    0.048   47.083 ^ _42207_/ZN (OAI21_X1)
                           _09887_ (net)
     2    0.027   47.110 v _42209_/ZN (AOI21_X1)
                           _09889_ (net)
     2    0.046   47.156 ^ _42210_/ZN (OAI21_X1)
                           _09890_ (net)
     2    0.027   47.183 v _42211_/ZN (AOI21_X1)
                           _09891_ (net)
     2    0.045   47.229 ^ _42212_/ZN (OAI21_X1)
                           _09892_ (net)
     2    0.028   47.256 v _42213_/ZN (AOI21_X1)
                           _09893_ (net)
     2    0.045   47.301 ^ _42214_/ZN (OAI21_X1)
                           _09894_ (net)
     2    0.027   47.329 v _42215_/ZN (AOI21_X1)
                           _09895_ (net)
     2    0.045   47.374 ^ _42216_/ZN (OAI21_X1)
                           _09896_ (net)
     2    0.028   47.401 v _42218_/ZN (AOI21_X1)
                           _09898_ (net)
     2    0.046   47.448 ^ _42219_/ZN (OAI21_X1)
                           _09899_ (net)
     2    0.025   47.473 v _42220_/ZN (AOI21_X1)
                           _09900_ (net)
     2    0.045   47.518 ^ _42221_/ZN (OAI21_X1)
                           _09901_ (net)
     2    0.027   47.545 v _42222_/ZN (AOI21_X1)
                           _09902_ (net)
     2    0.045   47.590 ^ _42223_/ZN (OAI21_X1)
                           _09903_ (net)
     2    0.027   47.617 v _42224_/ZN (AOI21_X1)
                           _09904_ (net)
     2    0.045   47.662 ^ _42225_/ZN (OAI21_X1)
                           _09905_ (net)
     2    0.027   47.688 v _42226_/ZN (AOI21_X1)
                           _09906_ (net)
     2    0.045   47.733 ^ _42227_/ZN (OAI21_X1)
                           _09907_ (net)
     2    0.027   47.760 v _42228_/ZN (AOI21_X1)
                           _09908_ (net)
     2    0.045   47.805 ^ _42229_/ZN (OAI21_X1)
                           _09909_ (net)
     2    0.025   47.830 v _42230_/ZN (AOI21_X1)
                           _09910_ (net)
     2    0.045   47.875 ^ _42231_/ZN (OAI21_X1)
                           _09911_ (net)
     3    0.029   47.904 v _42232_/ZN (AOI21_X1)
                           _09912_ (net)
     4    0.114   48.017 ^ _42248_/ZN (NOR4_X1)
                           _09928_ (net)
    46    0.225   48.242 ^ _42254_/ZN (OR2_X1)
                           _09934_ (net)
     4    0.073   48.315 v _42392_/Z (MUX2_X1)
                           _10072_ (net)
     2    0.046   48.361 v _42395_/ZN (XNOR2_X1)
                           _10075_ (net)
     1    0.042   48.403 ^ _42407_/ZN (AOI21_X1)
                           _10087_ (net)
     2    0.023   48.426 v _42409_/ZN (OAI21_X1)
                           _10089_ (net)
     2    0.045   48.471 ^ _42410_/ZN (AOI21_X1)
                           _10090_ (net)
     2    0.025   48.496 v _42412_/ZN (OAI21_X1)
                           _10092_ (net)
     2    0.047   48.543 ^ _42413_/ZN (AOI21_X1)
                           _10093_ (net)
     2    0.028   48.571 v _42414_/ZN (OAI21_X1)
                           _10094_ (net)
     2    0.047   48.618 ^ _42415_/ZN (AOI21_X1)
                           _10095_ (net)
     2    0.029   48.647 v _42416_/ZN (OAI21_X1)
                           _10096_ (net)
     2    0.046   48.693 ^ _42417_/ZN (AOI21_X1)
                           _10097_ (net)
     2    0.028   48.721 v _42418_/ZN (OAI21_X1)
                           _10098_ (net)
     2    0.047   48.769 ^ _42419_/ZN (AOI21_X1)
                           _10099_ (net)
     2    0.025   48.794 v _42421_/ZN (OAI21_X1)
                           _10101_ (net)
     2    0.045   48.839 ^ _42422_/ZN (AOI21_X1)
                           _10102_ (net)
     2    0.028   48.867 v _42423_/ZN (OAI21_X1)
                           _10103_ (net)
     2    0.046   48.913 ^ _42424_/ZN (AOI21_X1)
                           _10104_ (net)
     2    0.028   48.940 v _42425_/ZN (OAI21_X1)
                           _10105_ (net)
     2    0.046   48.986 ^ _42426_/ZN (AOI21_X1)
                           _10106_ (net)
     2    0.028   49.014 v _42427_/ZN (OAI21_X1)
                           _10107_ (net)
     2    0.046   49.060 ^ _42428_/ZN (AOI21_X1)
                           _10108_ (net)
     2    0.028   49.088 v _42429_/ZN (OAI21_X1)
                           _10109_ (net)
     2    0.047   49.134 ^ _42430_/ZN (AOI21_X1)
                           _10110_ (net)
     2    0.028   49.162 v _42431_/ZN (OAI21_X1)
                           _10111_ (net)
     2    0.045   49.207 ^ _42432_/ZN (AOI21_X1)
                           _10112_ (net)
     2    0.028   49.235 v _42433_/ZN (OAI21_X1)
                           _10113_ (net)
     2    0.045   49.281 ^ _42434_/ZN (AOI21_X1)
                           _10114_ (net)
     4    0.033   49.314 v _42435_/ZN (OAI21_X1)
                           _10115_ (net)
     2    0.025   49.339 ^ _42460_/ZN (NAND3_X1)
                           _10140_ (net)
    30    0.126   49.465 v _42466_/ZN (NAND2_X1)
                           _10146_ (net)
     3    0.094   49.559 v _42587_/Z (MUX2_X1)
                           _10267_ (net)
     2    0.046   49.605 v _42589_/ZN (XNOR2_X1)
                           _10269_ (net)
     2    0.080   49.685 ^ _42609_/ZN (OAI21_X1)
                           _10289_ (net)
     2    0.028   49.712 v _42610_/ZN (AOI21_X1)
                           _10290_ (net)
     2    0.048   49.760 ^ _42611_/ZN (OAI21_X1)
                           _10291_ (net)
     2    0.028   49.788 v _42613_/ZN (AOI21_X1)
                           _10293_ (net)
     2    0.047   49.835 ^ _42614_/ZN (OAI21_X1)
                           _10294_ (net)
     2    0.028   49.862 v _42615_/ZN (AOI21_X1)
                           _10295_ (net)
     2    0.045   49.907 ^ _42616_/ZN (OAI21_X1)
                           _10296_ (net)
     2    0.027   49.935 v _42617_/ZN (AOI21_X1)
                           _10297_ (net)
     2    0.045   49.980 ^ _42618_/ZN (OAI21_X1)
                           _10298_ (net)
     2    0.027   50.007 v _42619_/ZN (AOI21_X1)
                           _10299_ (net)
     2    0.045   50.052 ^ _42620_/ZN (OAI21_X1)
                           _10300_ (net)
     2    0.026   50.078 v _42622_/ZN (AOI21_X1)
                           _10302_ (net)
     2    0.046   50.123 ^ _42623_/ZN (OAI21_X1)
                           _10303_ (net)
     2    0.027   50.150 v _42624_/ZN (AOI21_X1)
                           _10304_ (net)
     2    0.045   50.195 ^ _42625_/ZN (OAI21_X1)
                           _10305_ (net)
     2    0.027   50.222 v _42626_/ZN (AOI21_X1)
                           _10306_ (net)
     2    0.045   50.267 ^ _42627_/ZN (OAI21_X1)
                           _10307_ (net)
     2    0.027   50.293 v _42628_/ZN (AOI21_X1)
                           _10308_ (net)
     2    0.045   50.338 ^ _42629_/ZN (OAI21_X1)
                           _10309_ (net)
     2    0.027   50.365 v _42630_/ZN (AOI21_X1)
                           _10310_ (net)
     2    0.045   50.410 ^ _42631_/ZN (OAI21_X1)
                           _10311_ (net)
     2    0.026   50.436 v _42632_/ZN (AOI21_X1)
                           _10312_ (net)
     2    0.045   50.481 ^ _42633_/ZN (OAI21_X1)
                           _10313_ (net)
     2    0.026   50.507 v _42634_/ZN (AOI21_X1)
                           _10314_ (net)
     2    0.045   50.551 ^ _42635_/ZN (OAI21_X1)
                           _10315_ (net)
     4    0.030   50.581 v _42636_/ZN (AOI21_X1)
                           _10316_ (net)
     2    0.083   50.664 v _42643_/ZN (OR3_X1)
                           _10323_ (net)
    45    0.204   50.867 ^ _42650_/ZN (NAND2_X1)
                           _10330_ (net)
     3    0.036   50.904 v _42799_/ZN (AOI21_X1)
                           _10479_ (net)
     2    0.056   50.959 v _42801_/ZN (XNOR2_X1)
                           _10481_ (net)
     2    0.080   51.039 ^ _42813_/ZN (OAI21_X1)
                           _10493_ (net)
     2    0.028   51.067 v _42815_/ZN (AOI21_X1)
                           _10495_ (net)
     2    0.048   51.115 ^ _42816_/ZN (OAI21_X1)
                           _10496_ (net)
     2    0.027   51.143 v _42817_/ZN (AOI21_X1)
                           _10497_ (net)
     2    0.047   51.190 ^ _42818_/ZN (OAI21_X1)
                           _10498_ (net)
     2    0.027   51.217 v _42820_/ZN (AOI21_X1)
                           _10500_ (net)
     2    0.046   51.263 ^ _42821_/ZN (OAI21_X1)
                           _10501_ (net)
     2    0.027   51.290 v _42822_/ZN (AOI21_X1)
                           _10502_ (net)
     2    0.045   51.335 ^ _42823_/ZN (OAI21_X1)
                           _10503_ (net)
     2    0.027   51.361 v _42824_/ZN (AOI21_X1)
                           _10504_ (net)
     2    0.045   51.406 ^ _42825_/ZN (OAI21_X1)
                           _10505_ (net)
     2    0.027   51.433 v _42826_/ZN (AOI21_X1)
                           _10506_ (net)
     2    0.045   51.478 ^ _42827_/ZN (OAI21_X1)
                           _10507_ (net)
     2    0.027   51.505 v _42829_/ZN (AOI21_X1)
                           _10509_ (net)
     2    0.046   51.551 ^ _42830_/ZN (OAI21_X1)
                           _10510_ (net)
     2    0.026   51.577 v _42831_/ZN (AOI21_X1)
                           _10511_ (net)
     2    0.045   51.622 ^ _42832_/ZN (OAI21_X1)
                           _10512_ (net)
     2    0.026   51.648 v _42833_/ZN (AOI21_X1)
                           _10513_ (net)
     2    0.045   51.693 ^ _42834_/ZN (OAI21_X1)
                           _10514_ (net)
     2    0.026   51.718 v _42835_/ZN (AOI21_X1)
                           _10515_ (net)
     2    0.045   51.763 ^ _42836_/ZN (OAI21_X1)
                           _10516_ (net)
     2    0.026   51.789 v _42837_/ZN (AOI21_X1)
                           _10517_ (net)
     2    0.045   51.833 ^ _42838_/ZN (OAI21_X1)
                           _10518_ (net)
     2    0.026   51.860 v _42839_/ZN (AOI21_X1)
                           _10519_ (net)
     2    0.045   51.904 ^ _42840_/ZN (OAI21_X1)
                           _10520_ (net)
     2    0.025   51.930 v _42841_/ZN (AOI21_X1)
                           _10521_ (net)
     2    0.045   51.974 ^ _42842_/ZN (OAI21_X1)
                           _10522_ (net)
     2    0.023   51.997 v _42843_/ZN (AOI21_X1)
                           _10523_ (net)
    36    0.365   52.362 ^ _42849_/ZN (OAI211_X1)
                           _10529_ (net)
     2    0.061   52.423 ^ _42913_/Z (MUX2_X1)
                           _10593_ (net)
     1    0.023   52.447 v _42921_/ZN (AOI22_X1)
                           _10601_ (net)
     1    0.070   52.516 ^ _42922_/ZN (AOI21_X1)
                           _10602_ (net)
     1    0.022   52.538 v _42923_/ZN (OAI21_X1)
                           _10603_ (net)
     1    0.032   52.570 ^ _42924_/ZN (AOI21_X1)
                           _10604_ (net)
     1    0.021   52.591 v _42925_/ZN (OAI21_X1)
                           _10605_ (net)
     1    0.046   52.637 ^ _42936_/ZN (AOI211_X1)
                           _10616_ (net)
     1    0.037   52.674 v _42947_/ZN (OAI221_X1)
                           _10627_ (net)
     1    0.067   52.741 ^ _42971_/ZN (AOI21_X1)
                           _10651_ (net)
     1    0.022   52.763 v _43020_/ZN (OAI21_X1)
                           _10700_ (net)
     2    0.092   52.855 ^ _43028_/ZN (AOI221_X1)
                           _10708_ (net)
     3    0.019   52.874 v _43031_/ZN (NOR2_X1)
                           _10711_ (net)
     1    0.033   52.907 ^ _43034_/ZN (AOI21_X1)
                           _10714_ (net)
     1    0.045   52.953 ^ _43035_/ZN (XNOR2_X1)
                           _10715_ (net)
     1    0.008   52.961 v _43039_/ZN (NOR2_X1)
                           _10719_ (net)
    37    0.165   53.125 v _43998_/ZN (OR3_X1)
                           i0.SCDP.AluData[2] (net)
   129    1.127   54.252 ^ _63136_/ZN (NOR2_X1)
                           _30614_ (net)
     1    0.045   54.297 v _63138_/ZN (AOI221_X1)
                           _30616_ (net)
     2    0.096   54.393 ^ _63141_/ZN (OAI21_X1)
                           _30619_ (net)
    17    0.067   54.460 v _63159_/ZN (OAI33_X1)
                           i0.SCDP.Mem_or_ALU[0] (net)
     1    0.069   54.529 v _65987_/Z (MUX2_X1)
                           _03621_ (net)
          0.000   54.529 v _68473_/D (DFF_X1)
                  54.529   data arrival time

         10.000   10.000   clock clk (rise edge)
          0.000   10.000   clock network delay (ideal)
          0.000   10.000   clock reconvergence pessimism
                  10.000 ^ _68473_/CK (DFF_X1)
         -0.041    9.959   library setup time
                   9.959   data required time
-----------------------------------------------------------------
                   9.959   data required time
                 -54.529   data arrival time
-----------------------------------------------------------------
                 -44.570   slack (VIOLATED)


