FF groups: RF=1088 DMEM=1152 XBUF=128 PC=68
RESULT mode=beq slack=5.376 direct=NA start=PC end=PC
Startpoint: _42582_ (rising edge-triggered flip-flop clocked by clk)
Endpoint: _42576_ (rising edge-triggered flip-flop clocked by clk)
Path Group: clk
Path Type: max

Fanout    Delay     Time   Description
-----------------------------------------------------------------
          0.000    0.000   clock clk (rise edge)
          0.000    0.000   clock network delay (ideal)
          0.000    0.000 ^ _42582_/CK (DFF_X1)
    17    0.112    0.112 v _42582_/Q (DFF_X1)
                           _00008_ (net)
   204    0.833    0.945 ^ _21741_/ZN (NAND2_X1)
                           _19181_ (net)
   257    1.843    2.788 v _21742_/ZN (INV_X1)
                           i0.SCDP.instruction[16] (net)
     1    0.237    3.025 ^ _22211_/ZN (OAI21_X1)
                           _19614_ (net)
     1    0.049    3.074 v _22212_/ZN (OAI221_X1)
                           _19615_ (net)
     1    0.047    3.121 ^ _22213_/ZN (AOI21_X1)
                           _19616_ (net)
     1    0.018    3.139 v _22214_/ZN (AOI211_X1)
                           _19617_ (net)
    21    0.225    3.364 ^ _22215_/ZN (AOI211_X1)
                           i0.SCDP.read_data_2[14] (net)
    61    0.330    3.694 v _22218_/ZN (AOI21_X1)
                           _19619_ (net)
     3    0.106    3.801 ^ _27172_/ZN (NOR2_X1)
                           _07955_ (net)
     3    0.030    3.831 v _27174_/ZN (OAI21_X1)
                           _07957_ (net)
     2    0.068    3.899 ^ _27186_/ZN (NOR4_X1)
                           _07969_ (net)
     1    0.035    3.933 v _27187_/ZN (NAND4_X1)
                           _07970_ (net)
     2    0.084    4.018 ^ _27188_/ZN (NOR4_X1)
                           i0.SCDP.alu.zero (net)
     9    0.072    4.089 ^ _37807_/ZN (AND2_X1)
                           _18344_ (net)
     1    0.049    4.138 ^ _37815_/ZN (AND3_X1)
                           _18352_ (net)
     1    0.013    4.152 v _37818_/ZN (AOI211_X1)
                           _18355_ (net)
    10    0.172    4.324 ^ _37819_/ZN (AOI211_X1)
                           _02363_ (net)
     2    0.011    4.335 v _37820_/ZN (INV_X1)
                           _18356_ (net)
     9    0.097    4.432 ^ _37888_/ZN (NOR2_X1)
                           _18418_ (net)
     2    0.026    4.458 v _37890_/ZN (NAND2_X1)
                           _18420_ (net)
     1    0.026    4.484 ^ _37893_/ZN (NAND2_X1)
                           _18423_ (net)
     1    0.013    4.497 v _37896_/ZN (OAI21_X1)
                           _18426_ (net)
     1    0.059    4.556 v _37897_/Z (MUX2_X1)
                           _18427_ (net)
     1    0.029    4.586 ^ _37903_/ZN (OAI22_X1)
                           _00000_[2] (net)
          0.000    4.586 ^ _42576_/D (DFF_X1)
                   4.586   data arrival time

         10.000   10.000   clock clk (rise edge)
          0.000   10.000   clock network delay (ideal)
          0.000   10.000   clock reconvergence pessimism
                  10.000 ^ _42576_/CK (DFF_X1)
         -0.039    9.961   library setup time
                   9.961   data required time
-----------------------------------------------------------------
                   9.961   data required time
                  -4.586   data arrival time
-----------------------------------------------------------------
                   5.376   slack (MET)


