Startpoint: reset (input port clocked by clk)
Endpoint: _41871_ (rising edge-triggered flip-flop clocked by clk)
Path Group: clk
Path Type: max

Fanout      Cap     Slew    Delay     Time   Description
---------------------------------------------------------------------------------
                            0.000    0.000   clock clk (rise edge)
                            0.000    0.000   clock network delay (propagated)
                            0.000    0.000 v input external delay
   196  844.202    0.000    0.000    0.000 v reset (in)
                                             reset (net)
     2   28.326    0.078    0.426    0.426 ^ _24194_/ZN (NAND2_X4)
                                             _05085_ (net)
    69  157.618    0.012    0.033    0.459 ^ max_cap120/Z (BUF_X32)
                                             net120 (net)
    85  230.849    0.009    0.036    0.495 ^ max_cap119/Z (BUF_X32)
                                             net119 (net)
   128  226.802    0.015    0.054    0.549 v _24195_/ZN (INV_X32)
                                             i1.SCDP.instruction[16] (net)
     1    1.968    0.027    0.089    0.638 ^ _24230_/ZN (AOI21_X1)
                                             _05116_ (net)
     1    3.509    0.033    0.021    0.659 v _24232_/ZN (AOI211_X1)
                                             _05118_ (net)
     1    7.046    0.041    0.050    0.709 ^ _24233_/ZN (OAI21_X2)
                                             _05119_ (net)
     2   11.634    0.040    0.037    0.747 v _24243_/ZN (OAI211_X4)
                                             _05129_ (net)
     8   20.158    0.037    0.059    0.806 ^ _24247_/ZN (AOI21_X4)
                                             _05132_ (net)
    23   59.924    0.033    0.059    0.865 ^ _24248_/ZN (OR2_X4)
                                             _05133_ (net)
     2    5.302    0.032    0.023    0.888 v _25565_/ZN (NOR2_X1)
                                             _06391_ (net)
     2    4.705    0.033    0.053    0.940 ^ _25591_/ZN (XNOR2_X1)
                                             _06416_ (net)
     2    4.466    0.031    0.052    0.992 ^ _25594_/ZN (XNOR2_X1)
                                             _06419_ (net)
     2    5.752    0.037    0.054    1.046 ^ _25596_/ZN (XNOR2_X1)
                                             _06421_ (net)
     2    6.687    0.026    0.048    1.094 ^ _25604_/ZN (XNOR2_X2)
                                             _06429_ (net)
     2    6.234    0.028    0.058    1.152 ^ _25607_/Z (XOR2_X2)
                                             _06432_ (net)
     2    6.816    0.029    0.061    1.212 ^ _25621_/Z (XOR2_X2)
                                             _06446_ (net)
     2    6.151    0.028    0.058    1.271 ^ _25623_/Z (XOR2_X2)
                                             _06448_ (net)
     2    6.962    0.030    0.061    1.332 ^ _25647_/Z (XOR2_X2)
                                             _06472_ (net)
     2    6.107    0.025    0.045    1.377 ^ _25649_/ZN (XNOR2_X2)
                                             _06474_ (net)
     2    6.249    0.028    0.059    1.435 ^ _25668_/Z (XOR2_X2)
                                             _06493_ (net)
     2    6.670    0.029    0.059    1.495 ^ _25671_/Z (XOR2_X2)
                                             _06496_ (net)
     2    6.174    0.028    0.058    1.553 ^ _25673_/Z (XOR2_X2)
                                             _06498_ (net)
     2    6.782    0.029    0.059    1.612 ^ _25675_/Z (XOR2_X2)
                                             _06500_ (net)
     2    6.212    0.028    0.058    1.670 ^ _25677_/Z (XOR2_X2)
                                             _06502_ (net)
     3   10.312    0.034    0.050    1.720 ^ _25679_/ZN (XNOR2_X2)
                                             _06504_ (net)
     3    8.655    0.015    0.021    1.741 v _25965_/ZN (OAI21_X4)
                                             _06790_ (net)
     3   11.467    0.027    0.040    1.781 ^ _26264_/ZN (AOI21_X4)
                                             _07083_ (net)
     3    8.161    0.018    0.023    1.803 v _26266_/ZN (OAI21_X4)
                                             _07085_ (net)
     3   10.245    0.025    0.039    1.843 ^ _26463_/ZN (AOI21_X4)
                                             _07278_ (net)
     3    8.347    0.018    0.022    1.865 v _27922_/ZN (OAI21_X4)
                                             _08670_ (net)
     3   10.143    0.025    0.039    1.904 ^ _32320_/ZN (AOI21_X4)
                                             _13038_ (net)
     3    8.974    0.014    0.022    1.926 v _32457_/ZN (OAI21_X4)
                                             _13174_ (net)
     3   10.221    0.025    0.038    1.964 ^ _32620_/ZN (AOI21_X4)
                                             _13336_ (net)
     3    9.074    0.018    0.023    1.986 v _32782_/ZN (OAI21_X4)
                                             _13497_ (net)
     3   10.173    0.025    0.039    2.025 ^ _32940_/ZN (AOI21_X4)
                                             _13654_ (net)
     3    9.102    0.018    0.023    2.048 v _33126_/ZN (OAI21_X4)
                                             _13839_ (net)
     3   10.326    0.025    0.039    2.087 ^ _33296_/ZN (AOI21_X4)
                                             _14008_ (net)
     3    8.242    0.012    0.023    2.110 v _33490_/ZN (OAI21_X4)
                                             _14201_ (net)
     3   10.055    0.025    0.037    2.146 ^ _33674_/ZN (AOI21_X4)
                                             _14384_ (net)
     3    8.969    0.013    0.022    2.169 v _33858_/ZN (OAI21_X4)
                                             _14567_ (net)
     3   10.208    0.025    0.037    2.206 ^ _34049_/ZN (AOI21_X4)
                                             _14757_ (net)
     3    9.620    0.018    0.023    2.229 v _34256_/ZN (OAI21_X4)
                                             _14963_ (net)
     3    9.423    0.025    0.038    2.267 ^ _34440_/ZN (AOI21_X4)
                                             _15146_ (net)
     3    8.756    0.017    0.022    2.289 v _34626_/ZN (OAI21_X4)
                                             _15331_ (net)
     3   10.177    0.025    0.039    2.328 ^ _34794_/ZN (AOI21_X4)
                                             _15498_ (net)
     3    9.525    0.013    0.023    2.351 v _34984_/ZN (OAI21_X4)
                                             _15687_ (net)
     3   10.622    0.026    0.038    2.388 ^ _35157_/ZN (AOI21_X4)
                                             _15859_ (net)
     3    8.419    0.012    0.022    2.411 v _35317_/ZN (OAI21_X4)
                                             _16018_ (net)
     3   10.186    0.025    0.037    2.448 ^ _35489_/ZN (AOI21_X4)
                                             _16189_ (net)
     3    8.607    0.012    0.022    2.470 v _35650_/ZN (OAI21_X4)
                                             _16349_ (net)
     3   10.214    0.025    0.037    2.507 ^ _35790_/ZN (AOI21_X4)
                                             _16488_ (net)
     3    8.006    0.012    0.022    2.529 v _35941_/ZN (OAI21_X4)
                                             _16638_ (net)
     3    5.830    0.027    0.039    2.568 ^ _36101_/ZN (AOI21_X2)
                                             _16797_ (net)
     3    4.153    0.015    0.027    2.595 v _36232_/ZN (OAI21_X1)
                                             _16927_ (net)
     1    1.992    0.039    0.050    2.645 ^ _36438_/ZN (AOI211_X1)
                                             _17132_ (net)
     1    5.701    0.015    0.024    2.669 v _36439_/ZN (NOR2_X1)
                                             _17133_ (net)
     7   46.060    0.064    0.076    2.744 ^ _36449_/ZN (AOI21_X4)
                                             _17143_ (net)
     4   29.880    0.012    0.036    2.781 ^ rebuffer207/Z (BUF_X8)
                                             net207 (net)
     8   18.580    0.023    0.034    2.815 v clone154/ZN (NAND3_X4)
                                             net154 (net)
     1    1.139    0.009    0.052    2.867 v _39291_/Z (MUX2_X1)
                                             _03463_ (net)
                   0.009    0.000    2.867 v _41871_/D (DFF_X1)
                                     2.867   data arrival time

                            2.000    2.000   clock clk (rise edge)
                            0.000    2.000   clock source latency
     1    4.134    0.000    0.000    2.000 ^ clk (in)
                                             clk (net)
    16   58.141    0.034    0.048    2.048 ^ clkbuf_0_clk/Z (BUF_X4)
                                             clknet_0_clk (net)
    16   55.384    0.033    0.059    2.107 ^ clkbuf_4_15_0_clk/Z (BUF_X4)
                                             clknet_4_15_0_clk (net)
    10   11.218    0.010    0.030    2.137 ^ clkbuf_8_240_0_clk/Z (BUF_X4)
                                             clknet_8_240_0_clk (net)
                   0.010    0.000    2.137 ^ _41871_/CK (DFF_X1)
                            0.000    2.137   clock reconvergence pessimism
                           -0.037    2.099   library setup time
                                     2.099   data required time
---------------------------------------------------------------------------------
                                     2.099   data required time
                                    -2.867   data arrival time
---------------------------------------------------------------------------------
                                    -0.767   slack (VIOLATED)
