Startpoint: reset (input port clocked by clk)
Endpoint: _41871_ (rising edge-triggered flip-flop clocked by clk)
Path Group: clk
Path Type: max

Fanout      Cap     Slew    Delay     Time   Description
---------------------------------------------------------------------------------
                            0.000    0.000   clock clk (rise edge)
                            0.000    0.000   clock network delay (propagated)
                            0.000    0.000 v input external delay
   218  928.639    0.000    0.000    0.000 v reset (in)
                                             reset (net)
     4   43.401    0.096    0.476    0.476 ^ _24161_/ZN (NAND2_X4)
                                             _05057_ (net)
     3   30.902    0.010    0.035    0.511 ^ rebuffer320/Z (BUF_X16)
                                             net320 (net)
    40  108.870    0.006    0.020    0.531 ^ max_cap122/Z (BUF_X32)
                                             net122 (net)
   190  308.307    0.015    0.050    0.581 v _24162_/ZN (INV_X32)
                                             i1.SCDP.instruction[21] (net)
     1    1.939    0.007    0.086    0.667 v _25168_/ZN (AND2_X1)
                                             _05998_ (net)
     1    1.765    0.040    0.063    0.730 ^ _25169_/ZN (AOI211_X1)
                                             _05999_ (net)
     1    5.889    0.024    0.036    0.766 v _25170_/ZN (OAI21_X1)
                                             _06000_ (net)
     4   22.625    0.039    0.052    0.818 ^ _25176_/ZN (AOI21_X4)
                                             _06006_ (net)
     6   29.623    0.070    0.035    0.853 v _25188_/ZN (OAI21_X4)
                                             _06018_ (net)
     3    6.149    0.030    0.073    0.926 ^ _25255_/ZN (NOR3_X4)
                                             _06084_ (net)
     2    5.903    0.025    0.045    0.971 ^ _25283_/ZN (XNOR2_X2)
                                             _06111_ (net)
     2    3.358    0.032    0.018    0.989 v _25285_/ZN (NOR3_X1)
                                             _06113_ (net)
     1    3.171    0.037    0.065    1.054 ^ _25384_/ZN (NOR3_X1)
                                             _06211_ (net)
     2    5.557    0.015    0.023    1.077 v _25452_/ZN (OAI21_X2)
                                             _06279_ (net)
     2    6.206    0.013    0.061    1.138 v _25497_/Z (XOR2_X2)
                                             _06323_ (net)
     1    2.095    0.017    0.027    1.166 ^ _25510_/ZN (NOR2_X1)
                                             _06336_ (net)
     2    6.503    0.011    0.031    1.197 ^ _25562_/ZN (OR2_X2)
                                             _06388_ (net)
     2    6.527    0.029    0.053    1.250 ^ _25623_/Z (XOR2_X2)
                                             _06448_ (net)
     2    6.299    0.028    0.058    1.309 ^ _25647_/Z (XOR2_X2)
                                             _06472_ (net)
     2    6.187    0.025    0.045    1.354 ^ _25649_/ZN (XNOR2_X2)
                                             _06474_ (net)
     2    6.169    0.028    0.057    1.411 ^ _25668_/Z (XOR2_X2)
                                             _06493_ (net)
     2    6.973    0.030    0.061    1.472 ^ _25671_/Z (XOR2_X2)
                                             _06496_ (net)
     2    6.122    0.028    0.059    1.531 ^ _25673_/Z (XOR2_X2)
                                             _06498_ (net)
     2    6.871    0.030    0.061    1.592 ^ _25675_/Z (XOR2_X2)
                                             _06500_ (net)
     2    6.415    0.029    0.060    1.651 ^ _25677_/Z (XOR2_X2)
                                             _06502_ (net)
     3   10.758    0.035    0.051    1.702 ^ _25679_/ZN (XNOR2_X2)
                                             _06504_ (net)
     3    8.868    0.013    0.021    1.723 v _25965_/ZN (OAI21_X4)
                                             _06790_ (net)
     3   11.583    0.027    0.039    1.762 ^ _26264_/ZN (AOI21_X4)
                                             _07083_ (net)
     3    8.181    0.013    0.023    1.785 v _26266_/ZN (OAI21_X4)
                                             _07085_ (net)
     3   10.687    0.026    0.038    1.823 ^ _26463_/ZN (AOI21_X4)
                                             _07278_ (net)
     3    8.500    0.018    0.022    1.845 v _27922_/ZN (OAI21_X4)
                                             _08670_ (net)
     3   10.143    0.025    0.039    1.885 ^ _32320_/ZN (AOI21_X4)
                                             _13038_ (net)
     3    8.993    0.014    0.022    1.907 v _32457_/ZN (OAI21_X4)
                                             _13174_ (net)
     3   10.342    0.026    0.038    1.945 ^ _32620_/ZN (AOI21_X4)
                                             _13336_ (net)
     3    9.167    0.018    0.023    1.967 v _32782_/ZN (OAI21_X4)
                                             _13497_ (net)
     3   10.131    0.025    0.039    2.006 ^ _32940_/ZN (AOI21_X4)
                                             _13654_ (net)
     3    9.102    0.018    0.023    2.029 v _33126_/ZN (OAI21_X4)
                                             _13839_ (net)
     3   10.377    0.026    0.039    2.068 ^ _33296_/ZN (AOI21_X4)
                                             _14008_ (net)
     3    8.242    0.012    0.023    2.091 v _33490_/ZN (OAI21_X4)
                                             _14201_ (net)
     3   10.055    0.025    0.037    2.127 ^ _33674_/ZN (AOI21_X4)
                                             _14384_ (net)
     3    8.969    0.013    0.022    2.150 v _33858_/ZN (OAI21_X4)
                                             _14567_ (net)
     3   10.208    0.025    0.037    2.187 ^ _34049_/ZN (AOI21_X4)
                                             _14757_ (net)
     3    9.620    0.018    0.023    2.210 v _34256_/ZN (OAI21_X4)
                                             _14963_ (net)
     3    9.423    0.025    0.038    2.248 ^ _34440_/ZN (AOI21_X4)
                                             _15146_ (net)
     3    8.756    0.017    0.022    2.270 v _34626_/ZN (OAI21_X4)
                                             _15331_ (net)
     3   10.177    0.025    0.039    2.309 ^ _34794_/ZN (AOI21_X4)
                                             _15498_ (net)
     3    9.525    0.013    0.023    2.332 v _34984_/ZN (OAI21_X4)
                                             _15687_ (net)
     3   10.460    0.026    0.037    2.369 ^ _35157_/ZN (AOI21_X4)
                                             _15859_ (net)
     3    8.419    0.012    0.022    2.391 v _35317_/ZN (OAI21_X4)
                                             _16018_ (net)
     3   10.186    0.025    0.037    2.428 ^ _35489_/ZN (AOI21_X4)
                                             _16189_ (net)
     3    9.854    0.013    0.023    2.451 v _35650_/ZN (OAI21_X4)
                                             _16349_ (net)
     3   10.214    0.025    0.037    2.489 ^ _35790_/ZN (AOI21_X4)
                                             _16488_ (net)
     3   11.394    0.013    0.024    2.512 v _35941_/ZN (OAI21_X4)
                                             _16638_ (net)
     3    6.640    0.021    0.034    2.546 ^ _36101_/ZN (AOI21_X4)
                                             _16797_ (net)
     1    5.838    0.013    0.020    2.566 v _36229_/ZN (AOI21_X2)
                                             _16925_ (net)
     3   14.904    0.031    0.043    2.610 ^ _36230_/ZN (AOI21_X4)
                                             _16926_ (net)
     1    6.093    0.018    0.034    2.644 v _39223_/ZN (NAND4_X4)
                                             _18638_ (net)
     1    6.684    0.028    0.055    2.699 ^ _39224_/ZN (NOR3_X4)
                                             _18639_ (net)
     8   61.844    0.015    0.033    2.731 ^ rebuffer159/Z (BUF_X8)
                                             net159 (net)
     8   18.580    0.023    0.049    2.781 v clone157/ZN (NAND3_X4)
                                             net157 (net)
     1    1.139    0.009    0.052    2.832 v _39291_/Z (MUX2_X1)
                                             _03463_ (net)
                   0.009    0.000    2.832 v _41871_/D (DFF_X1)
                                     2.832   data arrival time

                            2.500    2.500   clock clk (rise edge)
                            0.000    2.500   clock source latency
     1    4.134    0.000    0.000    2.500 ^ clk (in)
                                             clk (net)
    16   58.141    0.034    0.048    2.548 ^ clkbuf_0_clk/Z (BUF_X4)
                                             clknet_0_clk (net)
    16   55.384    0.033    0.059    2.607 ^ clkbuf_4_15_0_clk/Z (BUF_X4)
                                             clknet_4_15_0_clk (net)
    10   11.218    0.010    0.030    2.637 ^ clkbuf_8_240_0_clk/Z (BUF_X4)
                                             clknet_8_240_0_clk (net)
                   0.010    0.000    2.637 ^ _41871_/CK (DFF_X1)
                            0.000    2.637   clock reconvergence pessimism
                           -0.037    2.599   library setup time
                                     2.599   data required time
---------------------------------------------------------------------------------
                                     2.599   data required time
                                    -2.832   data arrival time
---------------------------------------------------------------------------------
                                    -0.233   slack (VIOLATED)
