FF groups: RF=1088 DMEM=1152 XBUF=128 PC=68
RESULT mode=beq slack=3.078 direct=NA start=PC end=PC
Startpoint: _68325_ (rising edge-triggered flip-flop clocked by clk)
Endpoint: _68317_ (rising edge-triggered flip-flop clocked by clk)
Path Group: clk
Path Type: max

Fanout    Delay     Time   Description
-----------------------------------------------------------------
          0.000    0.000   clock clk (rise edge)
          0.000    0.000   clock network delay (ideal)
          0.000    0.000 ^ _68325_/CK (DFF_X1)
     7    0.092    0.092 v _68325_/Q (DFF_X1)
                           _00008_ (net)
   247    0.934    1.026 ^ _34614_/ZN (NAND2_X1)
                           _32087_ (net)
   248    1.979    3.005 v _34615_/ZN (INV_X1)
                           i0.SCDP.instruction[16] (net)
     1    0.256    3.261 ^ _35470_/ZN (AOI21_X1)
                           _32872_ (net)
     1    0.018    3.279 v _35472_/ZN (AOI211_X1)
                           _32874_ (net)
     1    0.049    3.328 ^ _35473_/ZN (OAI21_X1)
                           _32875_ (net)
     2    0.031    3.359 v _35474_/ZN (OAI211_X1)
                           _32876_ (net)
     2    0.054    3.413 v _35477_/ZN (AND4_X1)
                           _32878_ (net)
   107    0.930    4.343 ^ _35479_/ZN (NOR2_X1)
                           _32880_ (net)
     4    0.000    4.343 v _39554_/ZN (NOR2_X1)
                           _07403_ (net)
     2    0.099    4.442 v _43702_/ZN (OR2_X1)
                           _11551_ (net)
     3    0.031    4.473 ^ _43703_/ZN (OAI21_X1)
                           _11552_ (net)
     1    0.020    4.493 v _43708_/ZN (AOI21_X1)
                           _11557_ (net)
     1    0.021    4.514 ^ _43709_/ZN (OAI21_X1)
                           _11558_ (net)
     1    0.035    4.550 ^ _43720_/ZN (AND2_X1)
                           _11569_ (net)
    35    0.206    4.756 v _43721_/ZN (OAI221_X1)
                           i0.SCDP.AluData[2] (net)
   130    1.252    6.008 ^ _62627_/ZN (NOR2_X1)
                           _30304_ (net)
     2    0.071    6.079 v _62629_/ZN (NAND3_X1)
                           _30306_ (net)
     4    0.133    6.212 v _62631_/ZN (OR3_X1)
                           _30308_ (net)
     8    0.124    6.336 ^ _62633_/ZN (NOR3_X1)
                           _30309_ (net)
     1    0.027    6.363 v _62673_/ZN (OAI21_X1)
                           _30346_ (net)
    15    0.159    6.522 ^ _62674_/ZN (OAI221_X1)
                           _30347_ (net)
    23    0.091    6.613 v _62675_/ZN (INV_X1)
                           _02388_ (net)
     8    0.140    6.753 ^ _62678_/ZN (NOR3_X1)
                           _30350_ (net)
     5    0.055    6.807 v _62692_/ZN (NAND3_X1)
                           _30363_ (net)
     1    0.051    6.858 v _62693_/ZN (AND2_X1)
                           _30364_ (net)
     1    0.028    6.886 ^ _62712_/ZN (OAI21_X1)
                           _00000_[0] (net)
          0.000    6.886 ^ _68317_/D (DFF_X1)
                   6.886   data arrival time

         10.000   10.000   clock clk (rise edge)
          0.000   10.000   clock network delay (ideal)
          0.000   10.000   clock reconvergence pessimism
                  10.000 ^ _68317_/CK (DFF_X1)
         -0.036    9.964   library setup time
                   9.964   data required time
-----------------------------------------------------------------
                   9.964   data required time
                  -6.886   data arrival time
-----------------------------------------------------------------
                   3.078   slack (MET)


