FF groups: RF=1088 DMEM=1152 XBUF=128 PC=68
RESULT mode=div slack=-44.788 direct=-44.033 start=PC end=RF
Startpoint: _68325_ (rising edge-triggered flip-flop clocked by clk)
Endpoint: _68338_ (rising edge-triggered flip-flop clocked by clk)
Path Group: clk
Path Type: max

Fanout    Delay     Time   Description
-----------------------------------------------------------------
          0.000    0.000   clock clk (rise edge)
          0.000    0.000   clock network delay (ideal)
          0.000    0.000 ^ _68325_/CK (DFF_X1)
     7    0.092    0.092 v _68325_/Q (DFF_X1)
                           _00008_ (net)
   247    0.934    1.026 ^ _34614_/ZN (NAND2_X1)
                           _32087_ (net)
   248    1.979    3.005 v _34615_/ZN (INV_X1)
                           i0.SCDP.instruction[16] (net)
     1    0.256    3.261 ^ _35422_/ZN (AOI21_X1)
                           _32828_ (net)
     1    0.018    3.279 v _35424_/ZN (AOI211_X1)
                           _32830_ (net)
     1    0.049    3.328 ^ _35425_/ZN (OAI21_X1)
                           _32831_ (net)
    21    0.060    3.388 v _35427_/ZN (AOI221_X1)
                           i0.SCDP.read_data_2[2] (net)
    58    0.562    3.950 ^ _35429_/ZN (AOI21_X1)
                           _32834_ (net)
     9    0.060    4.010 v _35430_/ZN (INV_X1)
                           i0.SCDP.ALU_operand2[2] (net)
     6    0.175    4.185 ^ _35837_/ZN (NOR4_X1)
                           _33222_ (net)
     4    0.058    4.243 v _35840_/ZN (NAND4_X1)
                           _33225_ (net)
     3    0.128    4.371 ^ _35843_/ZN (NOR4_X1)
                           _33228_ (net)
     3    0.071    4.442 ^ _35846_/ZN (AND4_X1)
                           _33231_ (net)
     4    0.076    4.518 ^ _35849_/ZN (AND4_X1)
                           _33234_ (net)
     2    0.039    4.557 v _35851_/ZN (NAND4_X1)
                           _33236_ (net)
     4    0.147    4.704 ^ _35854_/ZN (NOR4_X1)
                           _33239_ (net)
     4    0.056    4.761 v _35856_/ZN (NAND4_X1)
                           _33241_ (net)
     3    0.083    4.844 ^ _35871_/ZN (OAI21_X1)
                           _33256_ (net)
     1    0.019    4.863 v _35872_/ZN (AOI21_X1)
                           _33257_ (net)
    44    0.352    5.215 ^ _35873_/ZN (AOI21_X1)
                           _33258_ (net)
     7    0.127    5.341 v _35895_/ZN (NAND4_X1)
                           _33280_ (net)
     4    0.148    5.489 ^ _36362_/ZN (NOR4_X1)
                           _33730_ (net)
     4    0.064    5.553 v _36371_/ZN (NAND4_X1)
                           _33739_ (net)
     3    0.141    5.693 v _36382_/ZN (OR4_X1)
                           _33750_ (net)
     7    0.124    5.817 v _36401_/ZN (OR4_X1)
                           _33769_ (net)
     2    0.070    5.887 ^ _36448_/ZN (NOR4_X1)
                           _33816_ (net)
     2    0.030    5.917 v _36449_/ZN (NAND3_X1)
                           _33817_ (net)
     3    0.088    6.005 ^ _36450_/ZN (NOR3_X1)
                           _33818_ (net)
     3    0.064    6.070 ^ _36455_/ZN (AND3_X1)
                           _33823_ (net)
     2    0.016    6.085 v _36460_/ZN (NOR3_X1)
                           _33828_ (net)
     1    0.057    6.142 ^ _36466_/ZN (OAI21_X1)
                           _33834_ (net)
     2    0.027    6.169 v _36478_/ZN (OAI21_X1)
                           _33846_ (net)
     1    0.091    6.260 ^ _36486_/ZN (AOI211_X1)
                           _33854_ (net)
     4    0.059    6.319 ^ _36487_/ZN (XNOR2_X1)
                           _33855_ (net)
     1    0.041    6.360 ^ _36489_/ZN (AND2_X1)
                           _33857_ (net)
     1    0.016    6.376 v _36496_/ZN (OAI21_X1)
                           _33864_ (net)
     2    0.046    6.422 ^ _36501_/ZN (AOI211_X1)
                           _33869_ (net)
     3    0.040    6.462 ^ _36505_/ZN (OR2_X1)
                           _33873_ (net)
     1    0.009    6.471 v _36511_/ZN (NOR2_X1)
                           _33879_ (net)
     3    0.058    6.529 ^ _36512_/ZN (AOI21_X1)
                           _33880_ (net)
     2    0.030    6.558 v _36514_/ZN (XNOR2_X1)
                           _33882_ (net)
     1    0.059    6.617 ^ _36526_/ZN (OAI21_X1)
                           _33894_ (net)
     1    0.019    6.636 v _36527_/ZN (AOI21_X1)
                           _33895_ (net)
     2    0.041    6.677 ^ _36531_/ZN (OAI21_X1)
                           _33899_ (net)
     1    0.027    6.704 v _36547_/ZN (NAND3_X1)
                           _33915_ (net)
     3    0.060    6.764 v _36548_/ZN (XNOR2_X1)
                           _33916_ (net)
     2    0.050    6.814 v _36550_/ZN (XNOR2_X1)
                           _33918_ (net)
     2    0.079    6.893 ^ _36554_/ZN (OAI21_X1)
                           _33922_ (net)
     2    0.027    6.920 v _36555_/ZN (AOI21_X1)
                           _33923_ (net)
     1    0.034    6.954 ^ _36556_/ZN (OAI21_X1)
                           _33924_ (net)
     2    0.022    6.976 v _36557_/ZN (AOI21_X1)
                           _33925_ (net)
     7    0.086    7.062 ^ _36562_/ZN (AOI21_X1)
                           _33930_ (net)
     1    0.014    7.075 v _36578_/ZN (NOR2_X1)
                           _33946_ (net)
     3    0.060    7.136 ^ _36579_/ZN (AOI21_X1)
                           _33947_ (net)
     2    0.030    7.165 v _36581_/ZN (XNOR2_X1)
                           _33949_ (net)
     2    0.076    7.242 ^ _36590_/ZN (OAI21_X1)
                           _33958_ (net)
     2    0.027    7.269 v _36591_/ZN (AOI21_X1)
                           _33959_ (net)
     1    0.035    7.303 ^ _36592_/ZN (OAI21_X1)
                           _33960_ (net)
     1    0.018    7.322 v _36593_/ZN (AOI21_X1)
                           _33961_ (net)
     2    0.041    7.362 ^ _36597_/ZN (OAI21_X1)
                           _33965_ (net)
     1    0.027    7.389 v _36623_/ZN (NAND3_X1)
                           _33991_ (net)
     4    0.073    7.462 v _36624_/Z (XOR2_X1)
                           _33992_ (net)
     1    0.053    7.515 v _36625_/ZN (OR2_X1)
                           _33993_ (net)
     2    0.030    7.545 ^ _36632_/ZN (OAI21_X1)
                           _34000_ (net)
     2    0.025    7.570 v _36633_/ZN (AOI21_X1)
                           _34001_ (net)
     2    0.047    7.617 ^ _36634_/ZN (OAI21_X1)
                           _34002_ (net)
     2    0.028    7.644 v _36635_/ZN (AOI21_X1)
                           _34003_ (net)
     1    0.036    7.680 ^ _36636_/ZN (OAI21_X1)
                           _34004_ (net)
     1    0.019    7.699 v _36639_/ZN (AOI211_X1)
                           _34007_ (net)
    13    0.278    7.977 ^ _36641_/ZN (NOR4_X1)
                           _34009_ (net)
     3    0.063    8.040 ^ _36673_/ZN (AND2_X1)
                           _34041_ (net)
     1    0.013    8.053 v _36676_/ZN (NOR3_X1)
                           _34044_ (net)
     2    0.071    8.124 ^ _36686_/ZN (OAI21_X1)
                           _34054_ (net)
     2    0.027    8.151 v _36687_/ZN (AOI21_X1)
                           _34055_ (net)
     2    0.049    8.200 ^ _36688_/ZN (OAI21_X1)
                           _34056_ (net)
     2    0.028    8.228 v _36689_/ZN (AOI21_X1)
                           _34057_ (net)
     2    0.046    8.274 ^ _36690_/ZN (OAI21_X1)
                           _34058_ (net)
     1    0.020    8.294 v _36691_/ZN (AOI21_X1)
                           _34059_ (net)
     1    0.034    8.328 ^ _36692_/ZN (OAI21_X1)
                           _34060_ (net)
     2    0.023    8.351 v _36696_/ZN (AOI21_X1)
                           _34064_ (net)
    11    0.118    8.469 ^ _36697_/ZN (NOR2_X1)
                           _34065_ (net)
     3    0.038    8.507 v _36728_/ZN (OAI21_X1)
                           _34096_ (net)
     2    0.054    8.561 v _36730_/ZN (XNOR2_X1)
                           _34098_ (net)
     2    0.078    8.638 ^ _36740_/ZN (OAI21_X1)
                           _34108_ (net)
     2    0.027    8.665 v _36741_/ZN (AOI21_X1)
                           _34109_ (net)
     2    0.048    8.713 ^ _36742_/ZN (OAI21_X1)
                           _34110_ (net)
     2    0.027    8.741 v _36743_/ZN (AOI21_X1)
                           _34111_ (net)
     2    0.050    8.790 ^ _36744_/ZN (OAI21_X1)
                           _34112_ (net)
     1    0.020    8.810 v _36745_/ZN (AOI21_X1)
                           _34113_ (net)
     1    0.032    8.843 ^ _36746_/ZN (OAI21_X1)
                           _34114_ (net)
     2    0.021    8.863 v _36751_/ZN (AOI21_X1)
                           _34119_ (net)
     1    0.089    8.953 ^ _36793_/ZN (NOR4_X1)
                           _34161_ (net)
     3    0.058    9.011 ^ _36794_/ZN (XNOR2_X1)
                           _34162_ (net)
     2    0.031    9.042 v _36796_/ZN (XNOR2_X1)
                           _34164_ (net)
     2    0.079    9.121 ^ _36800_/ZN (OAI21_X1)
                           _34168_ (net)
     2    0.028    9.149 v _36801_/ZN (AOI21_X1)
                           _34169_ (net)
     2    0.049    9.198 ^ _36802_/ZN (OAI21_X1)
                           _34170_ (net)
     2    0.028    9.225 v _36803_/ZN (AOI21_X1)
                           _34171_ (net)
     2    0.049    9.274 ^ _36804_/ZN (OAI21_X1)
                           _34172_ (net)
     2    0.028    9.302 v _36805_/ZN (AOI21_X1)
                           _34173_ (net)
     2    0.047    9.349 ^ _36806_/ZN (OAI21_X1)
                           _34174_ (net)
     1    0.020    9.370 v _36807_/ZN (AOI21_X1)
                           _34175_ (net)
     1    0.033    9.402 ^ _36808_/ZN (OAI21_X1)
                           _34176_ (net)
     2    0.023    9.425 v _36812_/ZN (AOI21_X1)
                           _34180_ (net)
    14    0.145    9.570 ^ _36813_/ZN (NOR2_X1)
                           _34181_ (net)
     3    0.072    9.642 v _36852_/Z (MUX2_X1)
                           _04701_ (net)
     2    0.045    9.687 v _36854_/ZN (XNOR2_X1)
                           _04703_ (net)
     2    0.078    9.764 ^ _36864_/ZN (OAI21_X1)
                           _04713_ (net)
     2    0.028    9.792 v _36865_/ZN (AOI21_X1)
                           _04714_ (net)
     2    0.048    9.840 ^ _36866_/ZN (OAI21_X1)
                           _04715_ (net)
     2    0.027    9.867 v _36867_/ZN (AOI21_X1)
                           _04716_ (net)
     2    0.050    9.917 ^ _36868_/ZN (OAI21_X1)
                           _04717_ (net)
     2    0.027    9.944 v _36869_/ZN (AOI21_X1)
                           _04718_ (net)
     2    0.046    9.990 ^ _36870_/ZN (OAI21_X1)
                           _04719_ (net)
     1    0.020   10.010 v _36871_/ZN (AOI21_X1)
                           _04720_ (net)
     1    0.033   10.043 ^ _36872_/ZN (OAI21_X1)
                           _04721_ (net)
     2    0.026   10.069 v _36874_/ZN (OAI21_X1)
                           _04723_ (net)
    16    0.192   10.262 ^ _36877_/ZN (AOI21_X1)
                           _04726_ (net)
     3    0.039   10.300 v _36924_/ZN (OAI21_X1)
                           _04773_ (net)
     2    0.058   10.358 v _36926_/ZN (XNOR2_X1)
                           _04775_ (net)
     2    0.078   10.435 ^ _36936_/ZN (OAI21_X1)
                           _04785_ (net)
     2    0.027   10.463 v _36937_/ZN (AOI21_X1)
                           _04786_ (net)
     2    0.048   10.511 ^ _36938_/ZN (OAI21_X1)
                           _04787_ (net)
     2    0.027   10.538 v _36939_/ZN (AOI21_X1)
                           _04788_ (net)
     2    0.050   10.587 ^ _36940_/ZN (OAI21_X1)
                           _04789_ (net)
     2    0.027   10.615 v _36941_/ZN (AOI21_X1)
                           _04790_ (net)
     2    0.048   10.663 ^ _36942_/ZN (OAI21_X1)
                           _04791_ (net)
     2    0.027   10.689 v _36943_/ZN (AOI21_X1)
                           _04792_ (net)
     1    0.033   10.723 ^ _36944_/ZN (OAI21_X1)
                           _04793_ (net)
     1    0.018   10.741 v _36945_/ZN (AOI21_X1)
                           _04794_ (net)
     2    0.038   10.780 ^ _36949_/ZN (OAI21_X1)
                           _04798_ (net)
    23    0.123   10.902 ^ _36950_/ZN (AND2_X1)
                           _04799_ (net)
     3    0.037   10.939 v _37007_/ZN (OAI21_X1)
                           _04856_ (net)
     2    0.053   10.992 v _37009_/ZN (XNOR2_X1)
                           _04858_ (net)
     2    0.078   11.069 ^ _37023_/ZN (OAI21_X1)
                           _04872_ (net)
     2    0.028   11.097 v _37024_/ZN (AOI21_X1)
                           _04873_ (net)
     2    0.047   11.144 ^ _37025_/ZN (OAI21_X1)
                           _04874_ (net)
     2    0.027   11.171 v _37026_/ZN (AOI21_X1)
                           _04875_ (net)
     2    0.048   11.219 ^ _37027_/ZN (OAI21_X1)
                           _04876_ (net)
     2    0.026   11.246 v _37028_/ZN (AOI21_X1)
                           _04877_ (net)
     2    0.045   11.290 ^ _37029_/ZN (OAI21_X1)
                           _04878_ (net)
     2    0.027   11.317 v _37030_/ZN (AOI21_X1)
                           _04879_ (net)
     2    0.045   11.362 ^ _37031_/ZN (OAI21_X1)
                           _04880_ (net)
     1    0.020   11.382 v _37032_/ZN (AOI21_X1)
                           _04881_ (net)
     1    0.033   11.415 ^ _37033_/ZN (OAI21_X1)
                           _04882_ (net)
     2    0.023   11.438 v _37038_/ZN (AOI21_X1)
                           _04887_ (net)
    17    0.175   11.613 ^ _37039_/ZN (NOR2_X1)
                           _04888_ (net)
     1    0.009   11.622 v _37093_/ZN (NOR2_X1)
                           _04942_ (net)
     3    0.064   11.686 ^ _37094_/ZN (AOI21_X1)
                           _04943_ (net)
     2    0.051   11.737 ^ _37096_/ZN (XNOR2_X1)
                           _04945_ (net)
     2    0.029   11.766 v _37105_/ZN (AOI21_X1)
                           _04954_ (net)
     2    0.049   11.814 ^ _37106_/ZN (OAI21_X1)
                           _04955_ (net)
     2    0.028   11.842 v _37107_/ZN (AOI21_X1)
                           _04956_ (net)
     2    0.049   11.891 ^ _37108_/ZN (OAI21_X1)
                           _04957_ (net)
     2    0.028   11.919 v _37109_/ZN (AOI21_X1)
                           _04958_ (net)
     2    0.047   11.966 ^ _37110_/ZN (OAI21_X1)
                           _04959_ (net)
     2    0.027   11.993 v _37111_/ZN (AOI21_X1)
                           _04960_ (net)
     2    0.045   12.039 ^ _37112_/ZN (OAI21_X1)
                           _04961_ (net)
     2    0.027   12.065 v _37113_/ZN (AOI21_X1)
                           _04962_ (net)
     2    0.045   12.110 ^ _37114_/ZN (OAI21_X1)
                           _04963_ (net)
     1    0.020   12.130 v _37115_/ZN (AOI21_X1)
                           _04964_ (net)
     1    0.032   12.162 ^ _37116_/ZN (OAI21_X1)
                           _04965_ (net)
     2    0.023   12.185 v _37121_/ZN (AOI21_X1)
                           _04970_ (net)
    18    0.183   12.367 ^ _37122_/ZN (NOR2_X1)
                           _04971_ (net)
     3    0.071   12.439 v _37185_/Z (MUX2_X1)
                           _05034_ (net)
     2    0.045   12.484 v _37187_/ZN (XNOR2_X1)
                           _05036_ (net)
     2    0.078   12.561 ^ _37197_/ZN (OAI21_X1)
                           _05046_ (net)
     2    0.026   12.588 v _37198_/ZN (AOI21_X1)
                           _05047_ (net)
     2    0.046   12.634 ^ _37201_/ZN (OAI21_X1)
                           _05050_ (net)
     2    0.026   12.660 v _37202_/ZN (AOI21_X1)
                           _05051_ (net)
     2    0.050   12.709 ^ _37203_/ZN (OAI21_X1)
                           _05052_ (net)
     2    0.027   12.736 v _37204_/ZN (AOI21_X1)
                           _05053_ (net)
     2    0.046   12.783 ^ _37205_/ZN (OAI21_X1)
                           _05054_ (net)
     2    0.027   12.809 v _37206_/ZN (AOI21_X1)
                           _05055_ (net)
     2    0.045   12.854 ^ _37207_/ZN (OAI21_X1)
                           _05056_ (net)
     2    0.027   12.881 v _37208_/ZN (AOI21_X1)
                           _05057_ (net)
     2    0.046   12.927 ^ _37209_/ZN (OAI21_X1)
                           _05058_ (net)
     1    0.020   12.946 v _37210_/ZN (AOI21_X1)
                           _05059_ (net)
     1    0.033   12.979 ^ _37211_/ZN (OAI21_X1)
                           _05060_ (net)
     2    0.021   13.001 v _37215_/ZN (AOI21_X1)
                           _05064_ (net)
    18    0.186   13.187 ^ _37216_/ZN (NOR2_X1)
                           _05065_ (net)
     4    0.076   13.262 v _37282_/Z (MUX2_X1)
                           _05131_ (net)
     1    0.031   13.293 ^ _37283_/ZN (NOR2_X1)
                           _05132_ (net)
     2    0.023   13.316 v _37293_/ZN (AOI21_X1)
                           _05142_ (net)
     2    0.045   13.361 ^ _37294_/ZN (OAI21_X1)
                           _05143_ (net)
     2    0.027   13.388 v _37295_/ZN (AOI21_X1)
                           _05144_ (net)
     2    0.046   13.434 ^ _37296_/ZN (OAI21_X1)
                           _05145_ (net)
     2    0.027   13.461 v _37297_/ZN (AOI21_X1)
                           _05146_ (net)
     2    0.046   13.506 ^ _37298_/ZN (OAI21_X1)
                           _05147_ (net)
     2    0.027   13.533 v _37299_/ZN (AOI21_X1)
                           _05148_ (net)
     2    0.045   13.578 ^ _37300_/ZN (OAI21_X1)
                           _05149_ (net)
     2    0.027   13.605 v _37301_/ZN (AOI21_X1)
                           _05150_ (net)
     2    0.045   13.650 ^ _37302_/ZN (OAI21_X1)
                           _05151_ (net)
     2    0.026   13.676 v _37303_/ZN (AOI21_X1)
                           _05152_ (net)
     2    0.045   13.721 ^ _37304_/ZN (OAI21_X1)
                           _05153_ (net)
     1    0.020   13.741 v _37305_/ZN (AOI21_X1)
                           _05154_ (net)
     1    0.032   13.773 ^ _37306_/ZN (OAI21_X1)
                           _05155_ (net)
     3    0.026   13.799 v _37311_/ZN (AOI21_X1)
                           _05160_ (net)
    25    0.239   14.038 ^ _37312_/ZN (NOR2_X1)
                           _05161_ (net)
     4    0.070   14.108 ^ _37391_/Z (MUX2_X1)
                           _05240_ (net)
     1    0.012   14.120 v _37393_/ZN (NOR2_X1)
                           _05242_ (net)
     2    0.069   14.189 ^ _37404_/ZN (OAI21_X1)
                           _05253_ (net)
     2    0.027   14.216 v _37405_/ZN (AOI21_X1)
                           _05254_ (net)
     2    0.045   14.261 ^ _37406_/ZN (OAI21_X1)
                           _05255_ (net)
     2    0.027   14.287 v _37407_/ZN (AOI21_X1)
                           _05256_ (net)
     2    0.045   14.332 ^ _37408_/ZN (OAI21_X1)
                           _05257_ (net)
     2    0.026   14.359 v _37409_/ZN (AOI21_X1)
                           _05258_ (net)
     2    0.045   14.403 ^ _37410_/ZN (OAI21_X1)
                           _05259_ (net)
     2    0.027   14.430 v _37411_/ZN (AOI21_X1)
                           _05260_ (net)
     2    0.045   14.475 ^ _37412_/ZN (OAI21_X1)
                           _05261_ (net)
     2    0.027   14.502 v _37413_/ZN (AOI21_X1)
                           _05262_ (net)
     2    0.045   14.546 ^ _37414_/ZN (OAI21_X1)
                           _05263_ (net)
     2    0.027   14.573 v _37415_/ZN (AOI21_X1)
                           _05264_ (net)
     2    0.045   14.618 ^ _37416_/ZN (OAI21_X1)
                           _05265_ (net)
     1    0.018   14.636 v _37417_/ZN (AOI21_X1)
                           _05266_ (net)
     2    0.034   14.670 ^ _37421_/ZN (OAI211_X1)
                           _05270_ (net)
    27    0.146   14.816 ^ _37424_/ZN (AND2_X1)
                           _05273_ (net)
     1    0.019   14.835 v _37508_/ZN (NAND2_X1)
                           _05357_ (net)
     3    0.036   14.872 ^ _37509_/ZN (OAI21_X1)
                           _05358_ (net)
     2    0.051   14.923 ^ _37511_/ZN (XNOR2_X1)
                           _05360_ (net)
     2    0.028   14.951 v _37520_/ZN (AOI21_X1)
                           _05369_ (net)
     2    0.047   14.998 ^ _37521_/ZN (OAI21_X1)
                           _05370_ (net)
     2    0.027   15.025 v _37522_/ZN (AOI21_X1)
                           _05371_ (net)
     2    0.046   15.071 ^ _37523_/ZN (OAI21_X1)
                           _05372_ (net)
     2    0.027   15.097 v _37524_/ZN (AOI21_X1)
                           _05373_ (net)
     2    0.046   15.143 ^ _37525_/ZN (OAI21_X1)
                           _05374_ (net)
     2    0.027   15.170 v _37526_/ZN (AOI21_X1)
                           _05375_ (net)
     2    0.045   15.215 ^ _37527_/ZN (OAI21_X1)
                           _05376_ (net)
     2    0.027   15.242 v _37528_/ZN (AOI21_X1)
                           _05377_ (net)
     2    0.045   15.286 ^ _37529_/ZN (OAI21_X1)
                           _05378_ (net)
     2    0.026   15.313 v _37530_/ZN (AOI21_X1)
                           _05379_ (net)
     2    0.045   15.358 ^ _37531_/ZN (OAI21_X1)
                           _05380_ (net)
     2    0.027   15.384 v _37532_/ZN (AOI21_X1)
                           _05381_ (net)
     2    0.045   15.429 ^ _37533_/ZN (OAI21_X1)
                           _05382_ (net)
     1    0.020   15.449 v _37534_/ZN (AOI21_X1)
                           _05383_ (net)
     1    0.033   15.482 ^ _37535_/ZN (OAI21_X1)
                           _05384_ (net)
     2    0.022   15.504 v _37539_/ZN (AOI21_X1)
                           _05388_ (net)
    24    0.236   15.740 ^ _37540_/ZN (NOR2_X1)
                           _05389_ (net)
     3    0.071   15.810 v _37621_/Z (MUX2_X1)
                           _05470_ (net)
     2    0.045   15.855 v _37623_/ZN (XNOR2_X1)
                           _05472_ (net)
     2    0.078   15.933 ^ _37632_/ZN (OAI21_X1)
                           _05481_ (net)
     2    0.028   15.960 v _37633_/ZN (AOI21_X1)
                           _05482_ (net)
     2    0.046   16.007 ^ _37634_/ZN (OAI21_X1)
                           _05483_ (net)
     2    0.027   16.034 v _37635_/ZN (AOI21_X1)
                           _05484_ (net)
     2    0.046   16.080 ^ _37636_/ZN (OAI21_X1)
                           _05485_ (net)
     2    0.026   16.107 v _37637_/ZN (AOI21_X1)
                           _05486_ (net)
     2    0.045   16.151 ^ _37638_/ZN (OAI21_X1)
                           _05487_ (net)
     2    0.027   16.178 v _37639_/ZN (AOI21_X1)
                           _05488_ (net)
     2    0.045   16.223 ^ _37640_/ZN (OAI21_X1)
                           _05489_ (net)
     2    0.026   16.249 v _37641_/ZN (AOI21_X1)
                           _05490_ (net)
     2    0.041   16.289 ^ _37644_/ZN (OAI21_X1)
                           _05493_ (net)
     2    0.026   16.315 v _37645_/ZN (AOI21_X1)
                           _05494_ (net)
     2    0.046   16.361 ^ _37646_/ZN (OAI21_X1)
                           _05495_ (net)
     2    0.025   16.386 v _37647_/ZN (AOI21_X1)
                           _05496_ (net)
     2    0.045   16.431 ^ _37648_/ZN (OAI21_X1)
                           _05497_ (net)
     1    0.019   16.451 v _37649_/ZN (AOI21_X1)
                           _05498_ (net)
     2    0.045   16.496 ^ _37650_/ZN (OAI21_X1)
                           _05499_ (net)
     2    0.028   16.524 v _37656_/ZN (OAI21_X1)
                           _05505_ (net)
    22    0.244   16.768 ^ _37658_/ZN (AOI21_X1)
                           _05507_ (net)
     4    0.019   16.787 v _37659_/ZN (INV_X1)
                           _05508_ (net)
     3    0.058   16.845 ^ _37745_/ZN (AOI21_X1)
                           _05594_ (net)
     2    0.051   16.896 ^ _37747_/ZN (XNOR2_X1)
                           _05596_ (net)
     2    0.029   16.925 v _37756_/ZN (AOI21_X1)
                           _05605_ (net)
     2    0.049   16.973 ^ _37757_/ZN (OAI21_X1)
                           _05606_ (net)
     2    0.028   17.001 v _37758_/ZN (AOI21_X1)
                           _05607_ (net)
     2    0.047   17.048 ^ _37759_/ZN (OAI21_X1)
                           _05608_ (net)
     2    0.027   17.075 v _37760_/ZN (AOI21_X1)
                           _05609_ (net)
     2    0.046   17.121 ^ _37761_/ZN (OAI21_X1)
                           _05610_ (net)
     2    0.027   17.147 v _37762_/ZN (AOI21_X1)
                           _05611_ (net)
     2    0.045   17.192 ^ _37763_/ZN (OAI21_X1)
                           _05612_ (net)
     2    0.027   17.219 v _37764_/ZN (AOI21_X1)
                           _05613_ (net)
     2    0.045   17.264 ^ _37765_/ZN (OAI21_X1)
                           _05614_ (net)
     2    0.026   17.290 v _37766_/ZN (AOI21_X1)
                           _05615_ (net)
     2    0.045   17.335 ^ _37767_/ZN (OAI21_X1)
                           _05616_ (net)
     2    0.027   17.362 v _37768_/ZN (AOI21_X1)
                           _05617_ (net)
     2    0.045   17.407 ^ _37769_/ZN (OAI21_X1)
                           _05618_ (net)
     2    0.026   17.433 v _37770_/ZN (AOI21_X1)
                           _05619_ (net)
     2    0.045   17.478 ^ _37771_/ZN (OAI21_X1)
                           _05620_ (net)
     2    0.026   17.504 v _37772_/ZN (AOI21_X1)
                           _05621_ (net)
     2    0.042   17.547 ^ _37773_/ZN (OAI21_X1)
                           _05622_ (net)
     3    0.027   17.574 v _37774_/ZN (AOI21_X1)
                           _05623_ (net)
    22    0.230   17.805 ^ _37775_/ZN (NOR2_X1)
                           _05624_ (net)
     3    0.071   17.875 v _37866_/Z (MUX2_X1)
                           _05715_ (net)
     2    0.045   17.920 v _37868_/ZN (XNOR2_X1)
                           _05717_ (net)
     2    0.078   17.998 ^ _37878_/ZN (OAI21_X1)
                           _05727_ (net)
     2    0.028   18.025 v _37879_/ZN (AOI21_X1)
                           _05728_ (net)
     2    0.048   18.073 ^ _37880_/ZN (OAI21_X1)
                           _05729_ (net)
     2    0.027   18.101 v _37881_/ZN (AOI21_X1)
                           _05730_ (net)
     2    0.048   18.149 ^ _37882_/ZN (OAI21_X1)
                           _05731_ (net)
     2    0.027   18.176 v _37883_/ZN (AOI21_X1)
                           _05732_ (net)
     2    0.045   18.221 ^ _37884_/ZN (OAI21_X1)
                           _05733_ (net)
     2    0.027   18.247 v _37885_/ZN (AOI21_X1)
                           _05734_ (net)
     2    0.045   18.292 ^ _37886_/ZN (OAI21_X1)
                           _05735_ (net)
     2    0.027   18.319 v _37887_/ZN (AOI21_X1)
                           _05736_ (net)
     2    0.046   18.365 ^ _37888_/ZN (OAI21_X1)
                           _05737_ (net)
     2    0.026   18.390 v _37889_/ZN (AOI21_X1)
                           _05738_ (net)
     2    0.040   18.431 ^ _37892_/ZN (OAI21_X1)
                           _05741_ (net)
     2    0.025   18.456 v _37893_/ZN (AOI21_X1)
                           _05742_ (net)
     2    0.045   18.501 ^ _37894_/ZN (OAI21_X1)
                           _05743_ (net)
     2    0.027   18.528 v _37895_/ZN (AOI21_X1)
                           _05744_ (net)
     2    0.045   18.573 ^ _37896_/ZN (OAI21_X1)
                           _05745_ (net)
     2    0.026   18.599 v _37897_/ZN (AOI21_X1)
                           _05746_ (net)
     3    0.050   18.648 ^ _37898_/ZN (OAI21_X1)
                           _05747_ (net)
     3    0.027   18.675 v _37904_/ZN (AOI21_X1)
                           _05753_ (net)
    24    0.242   18.918 ^ _37905_/ZN (NOR2_X1)
                           _05754_ (net)
     3    0.069   18.987 v _38001_/Z (MUX2_X1)
                           _05850_ (net)
     2    0.045   19.032 v _38004_/ZN (XNOR2_X1)
                           _05853_ (net)
     2    0.081   19.113 ^ _38019_/ZN (OAI21_X1)
                           _05868_ (net)
     2    0.028   19.141 v _38020_/ZN (AOI21_X1)
                           _05869_ (net)
     2    0.049   19.190 ^ _38021_/ZN (OAI21_X1)
                           _05870_ (net)
     2    0.028   19.217 v _38022_/ZN (AOI21_X1)
                           _05871_ (net)
     2    0.047   19.265 ^ _38023_/ZN (OAI21_X1)
                           _05872_ (net)
     2    0.027   19.292 v _38024_/ZN (AOI21_X1)
                           _05873_ (net)
     2    0.045   19.337 ^ _38025_/ZN (OAI21_X1)
                           _05874_ (net)
     2    0.027   19.364 v _38026_/ZN (AOI21_X1)
                           _05875_ (net)
     2    0.045   19.409 ^ _38027_/ZN (OAI21_X1)
                           _05876_ (net)
     2    0.026   19.435 v _38028_/ZN (AOI21_X1)
                           _05877_ (net)
     2    0.045   19.480 ^ _38029_/ZN (OAI21_X1)
                           _05878_ (net)
     2    0.027   19.507 v _38030_/ZN (AOI21_X1)
                           _05879_ (net)
     2    0.045   19.552 ^ _38031_/ZN (OAI21_X1)
                           _05880_ (net)
     2    0.027   19.579 v _38032_/ZN (AOI21_X1)
                           _05881_ (net)
     2    0.045   19.624 ^ _38033_/ZN (OAI21_X1)
                           _05882_ (net)
     2    0.026   19.650 v _38034_/ZN (AOI21_X1)
                           _05883_ (net)
     2    0.045   19.696 ^ _38035_/ZN (OAI21_X1)
                           _05884_ (net)
     2    0.025   19.721 v _38036_/ZN (AOI21_X1)
                           _05885_ (net)
     3    0.045   19.766 ^ _38038_/ZN (OAI21_X1)
                           _05887_ (net)
     3    0.041   19.807 v _38039_/ZN (OAI211_X1)
                           _05888_ (net)
    29    0.316   20.123 ^ _38044_/ZN (NOR2_X1)
                           _05893_ (net)
     3    0.070   20.193 v _38155_/Z (MUX2_X1)
                           _06004_ (net)
     2    0.045   20.238 v _38157_/ZN (XNOR2_X1)
                           _06006_ (net)
     2    0.078   20.315 ^ _38168_/ZN (OAI21_X1)
                           _06017_ (net)
     2    0.027   20.343 v _38169_/ZN (AOI21_X1)
                           _06018_ (net)
     2    0.048   20.391 ^ _38170_/ZN (OAI21_X1)
                           _06019_ (net)
     2    0.027   20.417 v _38171_/ZN (AOI21_X1)
                           _06020_ (net)
     2    0.047   20.464 ^ _38172_/ZN (OAI21_X1)
                           _06021_ (net)
     2    0.027   20.491 v _38173_/ZN (AOI21_X1)
                           _06022_ (net)
     2    0.046   20.537 ^ _38174_/ZN (OAI21_X1)
                           _06023_ (net)
     2    0.027   20.564 v _38175_/ZN (AOI21_X1)
                           _06024_ (net)
     2    0.045   20.609 ^ _38176_/ZN (OAI21_X1)
                           _06025_ (net)
     2    0.027   20.636 v _38177_/ZN (AOI21_X1)
                           _06026_ (net)
     2    0.046   20.682 ^ _38178_/ZN (OAI21_X1)
                           _06027_ (net)
     2    0.027   20.708 v _38179_/ZN (AOI21_X1)
                           _06028_ (net)
     2    0.045   20.754 ^ _38180_/ZN (OAI21_X1)
                           _06029_ (net)
     2    0.025   20.778 v _38181_/ZN (AOI21_X1)
                           _06030_ (net)
     2    0.045   20.824 ^ _38182_/ZN (OAI21_X1)
                           _06031_ (net)
     2    0.026   20.850 v _38183_/ZN (AOI21_X1)
                           _06032_ (net)
     2    0.045   20.895 ^ _38184_/ZN (OAI21_X1)
                           _06033_ (net)
     3    0.030   20.925 v _38185_/ZN (AOI21_X1)
                           _06034_ (net)
     2    0.098   21.023 ^ _38187_/ZN (NOR4_X1)
                           _06036_ (net)
     1    0.010   21.033 v _38193_/ZN (NOR2_X1)
                           _06042_ (net)
    32    0.492   21.525 ^ _38194_/ZN (NOR3_X1)
                           _06043_ (net)
     3    0.072   21.598 ^ _38306_/Z (MUX2_X1)
                           _06155_ (net)
     2    0.049   21.647 ^ _38308_/ZN (XNOR2_X1)
                           _06157_ (net)
     2    0.028   21.675 v _38317_/ZN (AOI21_X1)
                           _06166_ (net)
     2    0.049   21.724 ^ _38318_/ZN (OAI21_X1)
                           _06167_ (net)
     2    0.028   21.752 v _38319_/ZN (AOI21_X1)
                           _06168_ (net)
     2    0.049   21.801 ^ _38320_/ZN (OAI21_X1)
                           _06169_ (net)
     2    0.028   21.828 v _38321_/ZN (AOI21_X1)
                           _06170_ (net)
     2    0.049   21.877 ^ _38322_/ZN (OAI21_X1)
                           _06171_ (net)
     2    0.028   21.905 v _38323_/ZN (AOI21_X1)
                           _06172_ (net)
     2    0.047   21.952 ^ _38324_/ZN (OAI21_X1)
                           _06173_ (net)
     2    0.027   21.979 v _38325_/ZN (AOI21_X1)
                           _06174_ (net)
     2    0.045   22.024 ^ _38326_/ZN (OAI21_X1)
                           _06175_ (net)
     2    0.026   22.050 v _38327_/ZN (AOI21_X1)
                           _06176_ (net)
     2    0.045   22.095 ^ _38328_/ZN (OAI21_X1)
                           _06177_ (net)
     2    0.027   22.122 v _38329_/ZN (AOI21_X1)
                           _06178_ (net)
     2    0.045   22.167 ^ _38330_/ZN (OAI21_X1)
                           _06179_ (net)
     2    0.026   22.193 v _38331_/ZN (AOI21_X1)
                           _06180_ (net)
     2    0.045   22.238 ^ _38332_/ZN (OAI21_X1)
                           _06181_ (net)
     2    0.026   22.265 v _38333_/ZN (AOI21_X1)
                           _06182_ (net)
     2    0.045   22.310 ^ _38334_/ZN (OAI21_X1)
                           _06183_ (net)
     2    0.026   22.336 v _38335_/ZN (AOI21_X1)
                           _06184_ (net)
     2    0.045   22.381 ^ _38336_/ZN (OAI21_X1)
                           _06185_ (net)
     2    0.026   22.407 v _38337_/ZN (AOI21_X1)
                           _06186_ (net)
     2    0.043   22.451 ^ _38338_/ZN (OAI21_X1)
                           _06187_ (net)
     2    0.023   22.474 v _38345_/ZN (AOI21_X1)
                           _06194_ (net)
    29    0.290   22.763 ^ _38346_/ZN (NOR2_X1)
                           _06195_ (net)
     3    0.070   22.833 v _38459_/Z (MUX2_X1)
                           _06308_ (net)
     2    0.045   22.878 v _38461_/ZN (XNOR2_X1)
                           _06310_ (net)
     2    0.078   22.956 ^ _38470_/ZN (OAI21_X1)
                           _06319_ (net)
     2    0.028   22.984 v _38471_/ZN (AOI21_X1)
                           _06320_ (net)
     2    0.048   23.031 ^ _38472_/ZN (OAI21_X1)
                           _06321_ (net)
     2    0.027   23.059 v _38473_/ZN (AOI21_X1)
                           _06322_ (net)
     2    0.050   23.109 ^ _38474_/ZN (OAI21_X1)
                           _06323_ (net)
     2    0.027   23.136 v _38475_/ZN (AOI21_X1)
                           _06324_ (net)
     2    0.048   23.184 ^ _38476_/ZN (OAI21_X1)
                           _06325_ (net)
     2    0.028   23.211 v _38477_/ZN (AOI21_X1)
                           _06326_ (net)
     2    0.047   23.258 ^ _38478_/ZN (OAI21_X1)
                           _06327_ (net)
     2    0.027   23.285 v _38479_/ZN (AOI21_X1)
                           _06328_ (net)
     2    0.046   23.331 ^ _38480_/ZN (OAI21_X1)
                           _06329_ (net)
     2    0.027   23.358 v _38481_/ZN (AOI21_X1)
                           _06330_ (net)
     2    0.045   23.403 ^ _38482_/ZN (OAI21_X1)
                           _06331_ (net)
     2    0.025   23.428 v _38483_/ZN (AOI21_X1)
                           _06332_ (net)
     2    0.045   23.473 ^ _38484_/ZN (OAI21_X1)
                           _06333_ (net)
     2    0.026   23.499 v _38485_/ZN (AOI21_X1)
                           _06334_ (net)
     2    0.045   23.544 ^ _38486_/ZN (OAI21_X1)
                           _06335_ (net)
     2    0.026   23.570 v _38487_/ZN (AOI21_X1)
                           _06336_ (net)
     2    0.045   23.615 ^ _38488_/ZN (OAI21_X1)
                           _06337_ (net)
     2    0.026   23.641 v _38489_/ZN (AOI21_X1)
                           _06338_ (net)
     2    0.045   23.685 ^ _38490_/ZN (OAI21_X1)
                           _06339_ (net)
     3    0.030   23.715 v _38491_/ZN (AOI21_X1)
                           _06340_ (net)
     2    0.043   23.758 ^ _38492_/ZN (OAI21_X1)
                           _06341_ (net)
     3    0.027   23.785 v _38494_/ZN (AOI21_X1)
                           _06343_ (net)
    23    0.228   24.014 ^ _38495_/ZN (NOR2_X1)
                           _06344_ (net)
    18    0.081   24.095 v _38496_/ZN (INV_X1)
                           _06345_ (net)
     3    0.073   24.168 ^ _38622_/ZN (AOI21_X1)
                           _06471_ (net)
     2    0.031   24.199 v _38624_/ZN (XNOR2_X1)
                           _06473_ (net)
     2    0.078   24.276 ^ _38635_/ZN (OAI21_X1)
                           _06484_ (net)
     2    0.027   24.304 v _38636_/ZN (AOI21_X1)
                           _06485_ (net)
     2    0.048   24.351 ^ _38637_/ZN (OAI21_X1)
                           _06486_ (net)
     2    0.027   24.378 v _38638_/ZN (AOI21_X1)
                           _06487_ (net)
     2    0.047   24.425 ^ _38639_/ZN (OAI21_X1)
                           _06488_ (net)
     2    0.027   24.452 v _38640_/ZN (AOI21_X1)
                           _06489_ (net)
     2    0.048   24.499 ^ _38641_/ZN (OAI21_X1)
                           _06490_ (net)
     2    0.027   24.526 v _38642_/ZN (AOI21_X1)
                           _06491_ (net)
     2    0.048   24.575 ^ _38643_/ZN (OAI21_X1)
                           _06492_ (net)
     2    0.027   24.601 v _38644_/ZN (AOI21_X1)
                           _06493_ (net)
     2    0.049   24.650 ^ _38645_/ZN (OAI21_X1)
                           _06494_ (net)
     2    0.026   24.676 v _38646_/ZN (AOI21_X1)
                           _06495_ (net)
     2    0.047   24.723 ^ _38647_/ZN (OAI21_X1)
                           _06496_ (net)
     2    0.025   24.748 v _38648_/ZN (AOI21_X1)
                           _06497_ (net)
     2    0.046   24.794 ^ _38649_/ZN (OAI21_X1)
                           _06498_ (net)
     2    0.026   24.819 v _38650_/ZN (AOI21_X1)
                           _06499_ (net)
     2    0.046   24.866 ^ _38651_/ZN (OAI21_X1)
                           _06500_ (net)
     2    0.026   24.891 v _38652_/ZN (AOI21_X1)
                           _06501_ (net)
     2    0.046   24.938 ^ _38653_/ZN (OAI21_X1)
                           _06502_ (net)
     2    0.026   24.963 v _38654_/ZN (AOI21_X1)
                           _06503_ (net)
     2    0.046   25.010 ^ _38655_/ZN (OAI21_X1)
                           _06504_ (net)
     2    0.026   25.035 v _38656_/ZN (AOI21_X1)
                           _06505_ (net)
     3    0.055   25.090 ^ _38657_/ZN (OAI21_X1)
                           _06506_ (net)
     2    0.032   25.122 v _38663_/ZN (NAND3_X1)
                           _06512_ (net)
    36    0.339   25.461 ^ _38665_/ZN (AOI21_X1)
                           _06514_ (net)
     3    0.070   25.531 v _38798_/Z (MUX2_X1)
                           _06647_ (net)
     2    0.047   25.578 v _38800_/ZN (XNOR2_X1)
                           _06649_ (net)
     2    0.076   25.654 ^ _38809_/ZN (OAI21_X1)
                           _06658_ (net)
     2    0.027   25.681 v _38810_/ZN (AOI21_X1)
                           _06659_ (net)
     2    0.048   25.729 ^ _38811_/ZN (OAI21_X1)
                           _06660_ (net)
     2    0.027   25.757 v _38812_/ZN (AOI21_X1)
                           _06661_ (net)
     2    0.050   25.806 ^ _38813_/ZN (OAI21_X1)
                           _06662_ (net)
     2    0.027   25.834 v _38814_/ZN (AOI21_X1)
                           _06663_ (net)
     2    0.045   25.879 ^ _38815_/ZN (OAI21_X1)
                           _06664_ (net)
     2    0.027   25.906 v _38816_/ZN (AOI21_X1)
                           _06665_ (net)
     2    0.047   25.953 ^ _38817_/ZN (OAI21_X1)
                           _06666_ (net)
     2    0.027   25.980 v _38818_/ZN (AOI21_X1)
                           _06667_ (net)
     2    0.047   26.028 ^ _38819_/ZN (OAI21_X1)
                           _06668_ (net)
     2    0.027   26.055 v _38820_/ZN (AOI21_X1)
                           _06669_ (net)
     2    0.045   26.101 ^ _38821_/ZN (OAI21_X1)
                           _06670_ (net)
     2    0.025   26.125 v _38822_/ZN (AOI21_X1)
                           _06671_ (net)
     2    0.045   26.171 ^ _38823_/ZN (OAI21_X1)
                           _06672_ (net)
     2    0.026   26.197 v _38824_/ZN (AOI21_X1)
                           _06673_ (net)
     2    0.045   26.242 ^ _38825_/ZN (OAI21_X1)
                           _06674_ (net)
     2    0.026   26.268 v _38826_/ZN (AOI21_X1)
                           _06675_ (net)
     2    0.045   26.312 ^ _38827_/ZN (OAI21_X1)
                           _06676_ (net)
     2    0.026   26.338 v _38828_/ZN (AOI21_X1)
                           _06677_ (net)
     2    0.045   26.383 ^ _38829_/ZN (OAI21_X1)
                           _06678_ (net)
     2    0.026   26.409 v _38830_/ZN (AOI21_X1)
                           _06679_ (net)
     2    0.045   26.454 ^ _38831_/ZN (OAI21_X1)
                           _06680_ (net)
     2    0.025   26.480 v _38832_/ZN (AOI21_X1)
                           _06681_ (net)
     2    0.043   26.523 ^ _38833_/ZN (OAI21_X1)
                           _06682_ (net)
     1    0.019   26.541 v _38839_/ZN (AOI21_X1)
                           _06688_ (net)
    35    0.336   26.878 ^ _38840_/ZN (NOR2_X1)
                           _06689_ (net)
     3    0.079   26.957 ^ _38968_/ZN (AND3_X1)
                           _06817_ (net)
     1    0.013   26.970 v _38972_/ZN (NOR3_X1)
                           _06821_ (net)
     2    0.071   27.041 ^ _38977_/ZN (OAI21_X1)
                           _06826_ (net)
     2    0.027   27.068 v _38978_/ZN (AOI21_X1)
                           _06827_ (net)
     2    0.047   27.115 ^ _38979_/ZN (OAI21_X1)
                           _06828_ (net)
     2    0.028   27.143 v _38980_/ZN (AOI21_X1)
                           _06829_ (net)
     2    0.049   27.192 ^ _38981_/ZN (OAI21_X1)
                           _06830_ (net)
     2    0.028   27.219 v _38982_/ZN (AOI21_X1)
                           _06831_ (net)
     2    0.049   27.268 ^ _38983_/ZN (OAI21_X1)
                           _06832_ (net)
     2    0.028   27.296 v _38984_/ZN (AOI21_X1)
                           _06833_ (net)
     2    0.047   27.343 ^ _38985_/ZN (OAI21_X1)
                           _06834_ (net)
     2    0.027   27.370 v _38986_/ZN (AOI21_X1)
                           _06835_ (net)
     2    0.047   27.417 ^ _38987_/ZN (OAI21_X1)
                           _06836_ (net)
     2    0.027   27.444 v _38988_/ZN (AOI21_X1)
                           _06837_ (net)
     2    0.046   27.491 ^ _38989_/ZN (OAI21_X1)
                           _06838_ (net)
     2    0.027   27.518 v _38990_/ZN (AOI21_X1)
                           _06839_ (net)
     2    0.045   27.563 ^ _38991_/ZN (OAI21_X1)
                           _06840_ (net)
     2    0.026   27.589 v _38992_/ZN (AOI21_X1)
                           _06841_ (net)
     2    0.045   27.635 ^ _38993_/ZN (OAI21_X1)
                           _06842_ (net)
     2    0.026   27.661 v _38994_/ZN (AOI21_X1)
                           _06843_ (net)
     2    0.045   27.706 ^ _38995_/ZN (OAI21_X1)
                           _06844_ (net)
     2    0.026   27.732 v _38996_/ZN (AOI21_X1)
                           _06845_ (net)
     2    0.045   27.778 ^ _38997_/ZN (OAI21_X1)
                           _06846_ (net)
     2    0.026   27.804 v _38998_/ZN (AOI21_X1)
                           _06847_ (net)
     2    0.045   27.848 ^ _38999_/ZN (OAI21_X1)
                           _06848_ (net)
     2    0.026   27.874 v _39000_/ZN (AOI21_X1)
                           _06849_ (net)
     2    0.045   27.919 ^ _39001_/ZN (OAI21_X1)
                           _06850_ (net)
     2    0.025   27.944 v _39002_/ZN (AOI21_X1)
                           _06851_ (net)
     2    0.043   27.987 ^ _39003_/ZN (OAI21_X1)
                           _06852_ (net)
     3    0.026   28.014 v _39010_/ZN (AOI21_X1)
                           _06859_ (net)
    28    0.274   28.288 ^ _39011_/ZN (NOR2_X1)
                           _06860_ (net)
    15    0.074   28.362 v _39012_/ZN (INV_X1)
                           _06861_ (net)
     4    0.080   28.442 ^ _39152_/ZN (AOI21_X1)
                           _07001_ (net)
     1    0.014   28.455 v _39154_/ZN (NOR2_X1)
                           _07003_ (net)
     2    0.071   28.526 ^ _39166_/ZN (OAI21_X1)
                           _07015_ (net)
     2    0.027   28.553 v _39167_/ZN (AOI21_X1)
                           _07016_ (net)
     2    0.047   28.600 ^ _39168_/ZN (OAI21_X1)
                           _07017_ (net)
     2    0.027   28.627 v _39169_/ZN (AOI21_X1)
                           _07018_ (net)
     2    0.048   28.675 ^ _39170_/ZN (OAI21_X1)
                           _07019_ (net)
     2    0.026   28.702 v _39171_/ZN (AOI21_X1)
                           _07020_ (net)
     2    0.045   28.746 ^ _39172_/ZN (OAI21_X1)
                           _07021_ (net)
     2    0.027   28.773 v _39173_/ZN (AOI21_X1)
                           _07022_ (net)
     2    0.045   28.818 ^ _39174_/ZN (OAI21_X1)
                           _07023_ (net)
     2    0.027   28.845 v _39175_/ZN (AOI21_X1)
                           _07024_ (net)
     2    0.045   28.889 ^ _39176_/ZN (OAI21_X1)
                           _07025_ (net)
     2    0.027   28.916 v _39177_/ZN (AOI21_X1)
                           _07026_ (net)
     2    0.045   28.961 ^ _39178_/ZN (OAI21_X1)
                           _07027_ (net)
     2    0.025   28.986 v _39179_/ZN (AOI21_X1)
                           _07028_ (net)
     2    0.045   29.030 ^ _39180_/ZN (OAI21_X1)
                           _07029_ (net)
     2    0.026   29.056 v _39181_/ZN (AOI21_X1)
                           _07030_ (net)
     2    0.045   29.101 ^ _39182_/ZN (OAI21_X1)
                           _07031_ (net)
     2    0.026   29.127 v _39183_/ZN (AOI21_X1)
                           _07032_ (net)
     2    0.045   29.172 ^ _39184_/ZN (OAI21_X1)
                           _07033_ (net)
     2    0.026   29.198 v _39185_/ZN (AOI21_X1)
                           _07034_ (net)
     2    0.045   29.242 ^ _39186_/ZN (OAI21_X1)
                           _07035_ (net)
     2    0.026   29.268 v _39187_/ZN (AOI21_X1)
                           _07036_ (net)
     2    0.045   29.313 ^ _39188_/ZN (OAI21_X1)
                           _07037_ (net)
     2    0.025   29.338 v _39189_/ZN (AOI21_X1)
                           _07038_ (net)
     2    0.045   29.383 ^ _39190_/ZN (OAI21_X1)
                           _07039_ (net)
     2    0.025   29.408 v _39191_/ZN (AOI21_X1)
                           _07040_ (net)
     2    0.043   29.451 ^ _39192_/ZN (OAI21_X1)
                           _07041_ (net)
     3    0.026   29.478 v _39194_/ZN (AOI21_X1)
                           _07043_ (net)
    33    0.329   29.806 ^ _39195_/ZN (NOR2_X1)
                           _07044_ (net)
     7    0.037   29.843 v _39196_/ZN (INV_X1)
                           _07045_ (net)
     4    0.069   29.912 ^ _39324_/ZN (AOI21_X1)
                           _07173_ (net)
     1    0.039   29.951 ^ _39325_/ZN (AND2_X1)
                           _07174_ (net)
     2    0.021   29.972 v _39338_/ZN (AOI21_X1)
                           _07187_ (net)
     2    0.047   30.019 ^ _39339_/ZN (OAI21_X1)
                           _07188_ (net)
     2    0.028   30.046 v _39340_/ZN (AOI21_X1)
                           _07189_ (net)
     2    0.049   30.096 ^ _39341_/ZN (OAI21_X1)
                           _07190_ (net)
     2    0.027   30.122 v _39342_/ZN (AOI21_X1)
                           _07191_ (net)
     2    0.045   30.167 ^ _39343_/ZN (OAI21_X1)
                           _07192_ (net)
     2    0.027   30.194 v _39344_/ZN (AOI21_X1)
                           _07193_ (net)
     2    0.045   30.239 ^ _39345_/ZN (OAI21_X1)
                           _07194_ (net)
     2    0.027   30.266 v _39346_/ZN (AOI21_X1)
                           _07195_ (net)
     2    0.045   30.311 ^ _39347_/ZN (OAI21_X1)
                           _07196_ (net)
     2    0.026   30.337 v _39348_/ZN (AOI21_X1)
                           _07197_ (net)
     2    0.045   30.382 ^ _39349_/ZN (OAI21_X1)
                           _07198_ (net)
     2    0.027   30.409 v _39350_/ZN (AOI21_X1)
                           _07199_ (net)
     2    0.045   30.453 ^ _39351_/ZN (OAI21_X1)
                           _07200_ (net)
     2    0.026   30.480 v _39352_/ZN (AOI21_X1)
                           _07201_ (net)
     2    0.045   30.524 ^ _39353_/ZN (OAI21_X1)
                           _07202_ (net)
     4    0.034   30.558 v _39354_/ZN (AOI21_X1)
                           _07203_ (net)
     2    0.100   30.658 ^ _39357_/ZN (NOR4_X1)
                           _07206_ (net)
     2    0.032   30.690 v _39364_/ZN (OAI211_X1)
                           _07213_ (net)
     4    0.060   30.751 ^ _39368_/ZN (OAI21_X1)
                           _07217_ (net)
     2    0.031   30.782 v _39393_/ZN (NAND3_X1)
                           _07242_ (net)
    34    0.340   31.121 ^ _39396_/ZN (AOI21_X1)
                           _07245_ (net)
     3    0.071   31.192 ^ _39547_/Z (MUX2_X1)
                           _07396_ (net)
     2    0.048   31.241 ^ _39550_/ZN (XNOR2_X1)
                           _07399_ (net)
     2    0.028   31.269 v _39558_/ZN (AOI21_X1)
                           _07407_ (net)
     2    0.049   31.318 ^ _39559_/ZN (OAI21_X1)
                           _07408_ (net)
     2    0.028   31.346 v _39560_/ZN (AOI21_X1)
                           _07409_ (net)
     2    0.047   31.393 ^ _39561_/ZN (OAI21_X1)
                           _07410_ (net)
     2    0.028   31.420 v _39562_/ZN (AOI21_X1)
                           _07411_ (net)
     2    0.049   31.469 ^ _39563_/ZN (OAI21_X1)
                           _07412_ (net)
     2    0.027   31.496 v _39564_/ZN (AOI21_X1)
                           _07413_ (net)
     2    0.048   31.544 ^ _39565_/ZN (OAI21_X1)
                           _07414_ (net)
     2    0.026   31.571 v _39566_/ZN (AOI21_X1)
                           _07415_ (net)
     2    0.047   31.617 ^ _39567_/ZN (OAI21_X1)
                           _07416_ (net)
     2    0.026   31.643 v _39568_/ZN (AOI21_X1)
                           _07417_ (net)
     2    0.047   31.690 ^ _39569_/ZN (OAI21_X1)
                           _07418_ (net)
     2    0.026   31.716 v _39570_/ZN (AOI21_X1)
                           _07419_ (net)
     2    0.047   31.763 ^ _39571_/ZN (OAI21_X1)
                           _07420_ (net)
     2    0.026   31.788 v _39572_/ZN (AOI21_X1)
                           _07421_ (net)
     2    0.044   31.832 ^ _39574_/ZN (OAI21_X1)
                           _07423_ (net)
     2    0.025   31.858 v _39575_/ZN (AOI21_X1)
                           _07424_ (net)
     2    0.046   31.904 ^ _39576_/ZN (OAI21_X1)
                           _07425_ (net)
     2    0.024   31.928 v _39577_/ZN (AOI21_X1)
                           _07426_ (net)
     2    0.046   31.974 ^ _39578_/ZN (OAI21_X1)
                           _07427_ (net)
     2    0.024   31.998 v _39579_/ZN (AOI21_X1)
                           _07428_ (net)
     2    0.046   32.044 ^ _39580_/ZN (OAI21_X1)
                           _07429_ (net)
     2    0.025   32.070 v _39581_/ZN (AOI21_X1)
                           _07430_ (net)
     2    0.046   32.116 ^ _39582_/ZN (OAI21_X1)
                           _07431_ (net)
     2    0.025   32.141 v _39583_/ZN (AOI21_X1)
                           _07432_ (net)
     2    0.045   32.186 ^ _39584_/ZN (OAI21_X1)
                           _07433_ (net)
     2    0.025   32.211 v _39585_/ZN (AOI21_X1)
                           _07434_ (net)
     2    0.048   32.259 ^ _39586_/ZN (OAI21_X1)
                           _07435_ (net)
     1    0.019   32.277 v _39587_/ZN (AOI21_X1)
                           _07436_ (net)
    37    0.362   32.640 ^ _39589_/ZN (OAI21_X1)
                           _07438_ (net)
     4    0.075   32.714 ^ _39727_/Z (MUX2_X1)
                           _07576_ (net)
     1    0.013   32.727 v _39729_/ZN (NOR2_X1)
                           _07578_ (net)
     2    0.072   32.799 ^ _39731_/ZN (OAI21_X1)
                           _07580_ (net)
     2    0.029   32.828 v _39732_/ZN (AOI21_X1)
                           _07581_ (net)
     2    0.048   32.876 ^ _39733_/ZN (OAI21_X1)
                           _07582_ (net)
     2    0.028   32.903 v _39734_/ZN (AOI21_X1)
                           _07583_ (net)
     2    0.047   32.951 ^ _39735_/ZN (OAI21_X1)
                           _07584_ (net)
     2    0.027   32.977 v _39736_/ZN (AOI21_X1)
                           _07585_ (net)
     2    0.045   33.022 ^ _39737_/ZN (OAI21_X1)
                           _07586_ (net)
     2    0.027   33.050 v _39738_/ZN (AOI21_X1)
                           _07587_ (net)
     2    0.045   33.095 ^ _39739_/ZN (OAI21_X1)
                           _07588_ (net)
     2    0.027   33.122 v _39740_/ZN (AOI21_X1)
                           _07589_ (net)
     2    0.045   33.167 ^ _39741_/ZN (OAI21_X1)
                           _07590_ (net)
     2    0.027   33.194 v _39742_/ZN (AOI21_X1)
                           _07591_ (net)
     2    0.045   33.239 ^ _39743_/ZN (OAI21_X1)
                           _07592_ (net)
     2    0.027   33.266 v _39744_/ZN (AOI21_X1)
                           _07593_ (net)
     2    0.045   33.311 ^ _39745_/ZN (OAI21_X1)
                           _07594_ (net)
     2    0.027   33.338 v _39746_/ZN (AOI21_X1)
                           _07595_ (net)
     2    0.045   33.383 ^ _39747_/ZN (OAI21_X1)
                           _07596_ (net)
     2    0.027   33.411 v _39749_/ZN (AOI21_X1)
                           _07598_ (net)
     2    0.046   33.457 ^ _39750_/ZN (OAI21_X1)
                           _07599_ (net)
     2    0.027   33.484 v _39751_/ZN (AOI21_X1)
                           _07600_ (net)
     2    0.045   33.529 ^ _39752_/ZN (OAI21_X1)
                           _07601_ (net)
     2    0.027   33.555 v _39753_/ZN (AOI21_X1)
                           _07602_ (net)
     2    0.045   33.600 ^ _39754_/ZN (OAI21_X1)
                           _07603_ (net)
     2    0.026   33.627 v _39755_/ZN (AOI21_X1)
                           _07604_ (net)
     2    0.045   33.671 ^ _39756_/ZN (OAI21_X1)
                           _07605_ (net)
     2    0.026   33.697 v _39757_/ZN (AOI21_X1)
                           _07606_ (net)
     2    0.045   33.742 ^ _39758_/ZN (OAI21_X1)
                           _07607_ (net)
     4    0.032   33.774 v _39759_/ZN (AOI21_X1)
                           _07608_ (net)
     2    0.083   33.857 v _39775_/ZN (OR3_X1)
                           _07624_ (net)
    43    0.196   34.053 ^ _39779_/ZN (NAND2_X1)
                           _07628_ (net)
     1    0.006   34.059 v _39911_/ZN (NOR2_X1)
                           _07760_ (net)
     3    0.070   34.129 ^ _39912_/ZN (AOI21_X1)
                           _07761_ (net)
     2    0.032   34.162 v _39914_/ZN (XNOR2_X1)
                           _07763_ (net)
     2    0.076   34.238 ^ _39930_/ZN (OAI21_X1)
                           _07779_ (net)
     2    0.027   34.265 v _39931_/ZN (AOI21_X1)
                           _07780_ (net)
     2    0.045   34.310 ^ _39932_/ZN (OAI21_X1)
                           _07781_ (net)
     2    0.027   34.337 v _39933_/ZN (AOI21_X1)
                           _07782_ (net)
     2    0.045   34.382 ^ _39934_/ZN (OAI21_X1)
                           _07783_ (net)
     2    0.027   34.410 v _39935_/ZN (AOI21_X1)
                           _07784_ (net)
     2    0.045   34.455 ^ _39936_/ZN (OAI21_X1)
                           _07785_ (net)
     2    0.027   34.482 v _39937_/ZN (AOI21_X1)
                           _07786_ (net)
     2    0.045   34.527 ^ _39938_/ZN (OAI21_X1)
                           _07787_ (net)
     2    0.027   34.554 v _39939_/ZN (AOI21_X1)
                           _07788_ (net)
     2    0.045   34.599 ^ _39940_/ZN (OAI21_X1)
                           _07789_ (net)
     2    0.025   34.625 v _39941_/ZN (AOI21_X1)
                           _07790_ (net)
     2    0.045   34.669 ^ _39942_/ZN (OAI21_X1)
                           _07791_ (net)
     2    0.027   34.696 v _39943_/ZN (AOI21_X1)
                           _07792_ (net)
     2    0.045   34.741 ^ _39944_/ZN (OAI21_X1)
                           _07793_ (net)
     2    0.027   34.768 v _39945_/ZN (AOI21_X1)
                           _07794_ (net)
     2    0.045   34.813 ^ _39946_/ZN (OAI21_X1)
                           _07795_ (net)
     2    0.027   34.839 v _39947_/ZN (AOI21_X1)
                           _07796_ (net)
     2    0.045   34.884 ^ _39948_/ZN (OAI21_X1)
                           _07797_ (net)
     2    0.027   34.911 v _39949_/ZN (AOI21_X1)
                           _07798_ (net)
     2    0.045   34.956 ^ _39950_/ZN (OAI21_X1)
                           _07799_ (net)
     2    0.026   34.982 v _39951_/ZN (AOI21_X1)
                           _07800_ (net)
     2    0.045   35.027 ^ _39952_/ZN (OAI21_X1)
                           _07801_ (net)
     2    0.026   35.052 v _39953_/ZN (AOI21_X1)
                           _07802_ (net)
     2    0.045   35.097 ^ _39954_/ZN (OAI21_X1)
                           _07803_ (net)
     3    0.028   35.125 v _39955_/ZN (AOI21_X1)
                           _07804_ (net)
     4    0.074   35.199 ^ _39966_/ZN (NOR3_X1)
                           _07815_ (net)
    45    0.219   35.417 ^ _39969_/ZN (OR2_X1)
                           _07818_ (net)
     3    0.072   35.489 v _40103_/Z (MUX2_X1)
                           _07952_ (net)
     2    0.046   35.535 v _40105_/ZN (XNOR2_X1)
                           _07954_ (net)
     2    0.076   35.611 ^ _40124_/ZN (OAI21_X1)
                           _07973_ (net)
     2    0.027   35.639 v _40125_/ZN (AOI21_X1)
                           _07974_ (net)
     2    0.049   35.687 ^ _40126_/ZN (OAI21_X1)
                           _07975_ (net)
     2    0.027   35.714 v _40127_/ZN (AOI21_X1)
                           _07976_ (net)
     2    0.047   35.760 ^ _40128_/ZN (OAI21_X1)
                           _07977_ (net)
     2    0.026   35.787 v _40129_/ZN (AOI21_X1)
                           _07978_ (net)
     2    0.047   35.834 ^ _40130_/ZN (OAI21_X1)
                           _07979_ (net)
     2    0.026   35.860 v _40131_/ZN (AOI21_X1)
                           _07980_ (net)
     2    0.048   35.908 ^ _40132_/ZN (OAI21_X1)
                           _07981_ (net)
     2    0.026   35.935 v _40133_/ZN (AOI21_X1)
                           _07982_ (net)
     2    0.048   35.982 ^ _40134_/ZN (OAI21_X1)
                           _07983_ (net)
     2    0.024   36.007 v _40135_/ZN (AOI21_X1)
                           _07984_ (net)
     2    0.047   36.054 ^ _40136_/ZN (OAI21_X1)
                           _07985_ (net)
     2    0.026   36.080 v _40137_/ZN (AOI21_X1)
                           _07986_ (net)
     2    0.047   36.127 ^ _40138_/ZN (OAI21_X1)
                           _07987_ (net)
     2    0.025   36.152 v _40139_/ZN (AOI21_X1)
                           _07988_ (net)
     2    0.041   36.193 ^ _40141_/ZN (OAI21_X1)
                           _07990_ (net)
     2    0.025   36.219 v _40142_/ZN (AOI21_X1)
                           _07991_ (net)
     2    0.046   36.265 ^ _40143_/ZN (OAI21_X1)
                           _07992_ (net)
     2    0.026   36.290 v _40144_/ZN (AOI21_X1)
                           _07993_ (net)
     2    0.047   36.338 ^ _40145_/ZN (OAI21_X1)
                           _07994_ (net)
     2    0.025   36.363 v _40146_/ZN (AOI21_X1)
                           _07995_ (net)
     4    0.057   36.420 ^ _40147_/ZN (OAI21_X1)
                           _07996_ (net)
     3    0.046   36.466 v _40171_/ZN (NAND4_X1)
                           _08020_ (net)
    35    0.179   36.645 ^ _40177_/ZN (NAND2_X1)
                           _08026_ (net)
     3    0.071   36.716 v _40307_/Z (MUX2_X1)
                           _08156_ (net)
     2    0.047   36.763 v _40308_/ZN (XNOR2_X1)
                           _08157_ (net)
     2    0.078   36.840 ^ _40322_/ZN (OAI21_X1)
                           _08171_ (net)
     2    0.026   36.867 v _40323_/ZN (AOI21_X1)
                           _08172_ (net)
     2    0.043   36.910 ^ _40326_/ZN (OAI21_X1)
                           _08175_ (net)
     2    0.025   36.935 v _40327_/ZN (AOI21_X1)
                           _08176_ (net)
     2    0.048   36.983 ^ _40328_/ZN (OAI21_X1)
                           _08177_ (net)
     2    0.026   37.009 v _40329_/ZN (AOI21_X1)
                           _08178_ (net)
     2    0.047   37.056 ^ _40330_/ZN (OAI21_X1)
                           _08179_ (net)
     2    0.026   37.083 v _40331_/ZN (AOI21_X1)
                           _08180_ (net)
     2    0.047   37.130 ^ _40332_/ZN (OAI21_X1)
                           _08181_ (net)
     2    0.026   37.156 v _40333_/ZN (AOI21_X1)
                           _08182_ (net)
     2    0.047   37.203 ^ _40334_/ZN (OAI21_X1)
                           _08183_ (net)
     2    0.026   37.229 v _40335_/ZN (AOI21_X1)
                           _08184_ (net)
     2    0.047   37.276 ^ _40336_/ZN (OAI21_X1)
                           _08185_ (net)
     2    0.026   37.302 v _40337_/ZN (AOI21_X1)
                           _08186_ (net)
     2    0.048   37.350 ^ _40338_/ZN (OAI21_X1)
                           _08187_ (net)
     2    0.026   37.376 v _40339_/ZN (AOI21_X1)
                           _08188_ (net)
     2    0.048   37.423 ^ _40340_/ZN (OAI21_X1)
                           _08189_ (net)
     2    0.026   37.449 v _40341_/ZN (AOI21_X1)
                           _08190_ (net)
     2    0.042   37.491 ^ _40343_/ZN (OAI21_X1)
                           _08192_ (net)
     2    0.025   37.516 v _40344_/ZN (AOI21_X1)
                           _08193_ (net)
     2    0.047   37.563 ^ _40345_/ZN (OAI21_X1)
                           _08194_ (net)
     2    0.025   37.589 v _40346_/ZN (AOI21_X1)
                           _08195_ (net)
     2    0.047   37.636 ^ _40347_/ZN (OAI21_X1)
                           _08196_ (net)
     2    0.025   37.661 v _40348_/ZN (AOI21_X1)
                           _08197_ (net)
     3    0.052   37.712 ^ _40349_/ZN (OAI21_X1)
                           _08198_ (net)
     4    0.049   37.762 v _40367_/ZN (NAND4_X1)
                           _08216_ (net)
    31    0.164   37.925 ^ _40373_/ZN (NAND2_X1)
                           _08222_ (net)
     3    0.072   37.997 v _40489_/Z (MUX2_X1)
                           _08338_ (net)
     3    0.055   38.052 ^ _40491_/ZN (XNOR2_X1)
                           _08340_ (net)
     1    0.019   38.071 v _40503_/ZN (OAI21_X1)
                           _08352_ (net)
     2    0.069   38.140 ^ _40504_/ZN (AOI211_X1)
                           _08353_ (net)
     2    0.032   38.172 v _40505_/ZN (OAI21_X1)
                           _08354_ (net)
     2    0.044   38.215 ^ _40507_/ZN (AOI21_X1)
                           _08356_ (net)
     2    0.028   38.243 v _40508_/ZN (OAI21_X1)
                           _08357_ (net)
     2    0.050   38.293 ^ _40509_/ZN (AOI21_X1)
                           _08358_ (net)
     2    0.028   38.320 v _40510_/ZN (OAI21_X1)
                           _08359_ (net)
     2    0.048   38.369 ^ _40511_/ZN (AOI21_X1)
                           _08360_ (net)
     2    0.028   38.396 v _40512_/ZN (OAI21_X1)
                           _08361_ (net)
     2    0.048   38.445 ^ _40513_/ZN (AOI21_X1)
                           _08362_ (net)
     2    0.028   38.472 v _40514_/ZN (OAI21_X1)
                           _08363_ (net)
     2    0.048   38.520 ^ _40515_/ZN (AOI21_X1)
                           _08364_ (net)
     2    0.028   38.548 v _40516_/ZN (OAI21_X1)
                           _08365_ (net)
     2    0.048   38.596 ^ _40517_/ZN (AOI21_X1)
                           _08366_ (net)
     2    0.028   38.624 v _40518_/ZN (OAI21_X1)
                           _08367_ (net)
     2    0.048   38.671 ^ _40519_/ZN (AOI21_X1)
                           _08368_ (net)
     2    0.028   38.699 v _40520_/ZN (OAI21_X1)
                           _08369_ (net)
     2    0.048   38.748 ^ _40521_/ZN (AOI21_X1)
                           _08370_ (net)
     2    0.028   38.775 v _40522_/ZN (OAI21_X1)
                           _08371_ (net)
     2    0.043   38.819 ^ _40524_/ZN (AOI21_X1)
                           _08373_ (net)
     2    0.028   38.846 v _40525_/ZN (OAI21_X1)
                           _08374_ (net)
     2    0.047   38.894 ^ _40526_/ZN (AOI21_X1)
                           _08375_ (net)
     2    0.028   38.921 v _40527_/ZN (OAI21_X1)
                           _08376_ (net)
     2    0.048   38.969 ^ _40528_/ZN (AOI21_X1)
                           _08377_ (net)
     2    0.028   38.997 v _40529_/ZN (OAI21_X1)
                           _08378_ (net)
     3    0.055   39.052 ^ _40530_/ZN (AOI21_X1)
                           _08379_ (net)
     6    0.027   39.079 v _40550_/ZN (NOR4_X1)
                           _08399_ (net)
    19    0.198   39.277 ^ _40553_/ZN (NOR2_X1)
                           _08402_ (net)
    24    0.100   39.377 v _40554_/ZN (INV_X1)
                           _08403_ (net)
     3    0.077   39.454 ^ _40688_/ZN (AOI21_X1)
                           _08537_ (net)
     1    0.046   39.500 ^ _40689_/ZN (XNOR2_X1)
                           _08538_ (net)
     2    0.016   39.516 v _40690_/ZN (INV_X1)
                           _08539_ (net)
     2    0.046   39.562 ^ _40722_/ZN (OAI21_X1)
                           _08571_ (net)
     2    0.025   39.587 v _40723_/ZN (AOI21_X1)
                           _08572_ (net)
     2    0.043   39.630 ^ _40725_/ZN (OAI21_X1)
                           _08574_ (net)
     2    0.026   39.656 v _40726_/ZN (AOI21_X1)
                           _08575_ (net)
     2    0.047   39.703 ^ _40727_/ZN (OAI21_X1)
                           _08576_ (net)
     2    0.026   39.729 v _40728_/ZN (AOI21_X1)
                           _08577_ (net)
     2    0.047   39.776 ^ _40729_/ZN (OAI21_X1)
                           _08578_ (net)
     2    0.026   39.803 v _40730_/ZN (AOI21_X1)
                           _08579_ (net)
     2    0.047   39.850 ^ _40731_/ZN (OAI21_X1)
                           _08580_ (net)
     2    0.026   39.876 v _40732_/ZN (AOI21_X1)
                           _08581_ (net)
     2    0.047   39.923 ^ _40733_/ZN (OAI21_X1)
                           _08582_ (net)
     2    0.026   39.949 v _40734_/ZN (AOI21_X1)
                           _08583_ (net)
     2    0.048   39.996 ^ _40735_/ZN (OAI21_X1)
                           _08584_ (net)
     2    0.026   40.022 v _40736_/ZN (AOI21_X1)
                           _08585_ (net)
     2    0.048   40.070 ^ _40737_/ZN (OAI21_X1)
                           _08586_ (net)
     2    0.026   40.096 v _40738_/ZN (AOI21_X1)
                           _08587_ (net)
     2    0.047   40.142 ^ _40739_/ZN (OAI21_X1)
                           _08588_ (net)
     2    0.025   40.168 v _40741_/ZN (AOI21_X1)
                           _08590_ (net)
     2    0.041   40.209 ^ _40743_/ZN (OAI21_X1)
                           _08592_ (net)
     2    0.025   40.234 v _40744_/ZN (AOI21_X1)
                           _08593_ (net)
     2    0.047   40.281 ^ _40745_/ZN (OAI21_X1)
                           _08594_ (net)
     2    0.025   40.306 v _40746_/ZN (AOI21_X1)
                           _08595_ (net)
     2    0.047   40.353 ^ _40747_/ZN (OAI21_X1)
                           _08596_ (net)
     2    0.025   40.378 v _40748_/ZN (AOI21_X1)
                           _08597_ (net)
     4    0.060   40.438 ^ _40749_/ZN (OAI21_X1)
                           _08598_ (net)
     5    0.047   40.484 v _40760_/ZN (NAND3_X1)
                           _08609_ (net)
    30    0.156   40.641 ^ _40763_/ZN (NAND2_X1)
                           _08612_ (net)
     3    0.071   40.711 v _40869_/Z (MUX2_X1)
                           _08718_ (net)
     2    0.044   40.756 v _40871_/ZN (XNOR2_X1)
                           _08720_ (net)
     2    0.047   40.803 ^ _40872_/ZN (INV_X1)
                           _08721_ (net)
     1    0.018   40.821 v _40903_/ZN (AOI21_X1)
                           _08752_ (net)
     2    0.048   40.869 ^ _40904_/ZN (OAI211_X1)
                           _08753_ (net)
     2    0.026   40.895 v _40905_/ZN (AOI21_X1)
                           _08754_ (net)
     2    0.042   40.937 ^ _40907_/ZN (OAI21_X1)
                           _08756_ (net)
     2    0.026   40.962 v _40908_/ZN (AOI21_X1)
                           _08757_ (net)
     2    0.046   41.009 ^ _40909_/ZN (OAI21_X1)
                           _08758_ (net)
     2    0.026   41.035 v _40910_/ZN (AOI21_X1)
                           _08759_ (net)
     2    0.047   41.082 ^ _40911_/ZN (OAI21_X1)
                           _08760_ (net)
     2    0.026   41.108 v _40912_/ZN (AOI21_X1)
                           _08761_ (net)
     2    0.047   41.154 ^ _40913_/ZN (OAI21_X1)
                           _08762_ (net)
     2    0.025   41.179 v _40914_/ZN (AOI21_X1)
                           _08763_ (net)
     2    0.046   41.225 ^ _40915_/ZN (OAI21_X1)
                           _08764_ (net)
     2    0.026   41.251 v _40916_/ZN (AOI21_X1)
                           _08765_ (net)
     2    0.046   41.297 ^ _40917_/ZN (OAI21_X1)
                           _08766_ (net)
     2    0.026   41.323 v _40918_/ZN (AOI21_X1)
                           _08767_ (net)
     2    0.046   41.369 ^ _40919_/ZN (OAI21_X1)
                           _08768_ (net)
     2    0.026   41.395 v _40920_/ZN (AOI21_X1)
                           _08769_ (net)
     3    0.049   41.444 ^ _40921_/ZN (OAI21_X1)
                           _08770_ (net)
     2    0.038   41.482 v _40928_/ZN (NAND4_X1)
                           _08777_ (net)
    33    0.344   41.826 ^ _40969_/ZN (OAI21_X1)
                           _08818_ (net)
     3    0.069   41.895 v _41118_/Z (MUX2_X1)
                           _08967_ (net)
     3    0.050   41.945 v _41123_/ZN (XNOR2_X1)
                           _08972_ (net)
     2    0.071   42.016 ^ _41124_/ZN (OAI21_X1)
                           _08973_ (net)
     1    0.019   42.034 v _41143_/ZN (AOI21_X1)
                           _08992_ (net)
     1    0.033   42.067 ^ _41144_/ZN (OAI21_X1)
                           _08993_ (net)
     2    0.026   42.093 v _41146_/ZN (AOI21_X1)
                           _08995_ (net)
     2    0.045   42.139 ^ _41147_/ZN (OAI21_X1)
                           _08996_ (net)
     2    0.027   42.166 v _41149_/ZN (AOI21_X1)
                           _08998_ (net)
     2    0.046   42.212 ^ _41150_/ZN (OAI21_X1)
                           _08999_ (net)
     2    0.027   42.238 v _41151_/ZN (AOI21_X1)
                           _09000_ (net)
     2    0.045   42.283 ^ _41152_/ZN (OAI21_X1)
                           _09001_ (net)
     2    0.027   42.310 v _41153_/ZN (AOI21_X1)
                           _09002_ (net)
     2    0.045   42.355 ^ _41154_/ZN (OAI21_X1)
                           _09003_ (net)
     2    0.025   42.379 v _41155_/ZN (AOI21_X1)
                           _09004_ (net)
     2    0.045   42.424 ^ _41156_/ZN (OAI21_X1)
                           _09005_ (net)
     2    0.026   42.450 v _41157_/ZN (AOI21_X1)
                           _09006_ (net)
     2    0.045   42.495 ^ _41158_/ZN (OAI21_X1)
                           _09007_ (net)
     2    0.026   42.521 v _41159_/ZN (AOI21_X1)
                           _09008_ (net)
     2    0.045   42.565 ^ _41160_/ZN (OAI21_X1)
                           _09009_ (net)
     2    0.026   42.591 v _41161_/ZN (AOI21_X1)
                           _09010_ (net)
     2    0.045   42.636 ^ _41162_/ZN (OAI21_X1)
                           _09011_ (net)
     3    0.028   42.664 v _41163_/ZN (AOI21_X1)
                           _09012_ (net)
     1    0.118   42.782 v _41167_/ZN (OR4_X1)
                           _09016_ (net)
    34    0.353   43.135 ^ _41185_/ZN (OAI21_X1)
                           _09034_ (net)
     3    0.069   43.204 v _41340_/Z (MUX2_X1)
                           _09189_ (net)
     2    0.047   43.250 v _41344_/ZN (XNOR2_X1)
                           _09193_ (net)
     2    0.070   43.321 ^ _41345_/ZN (OAI21_X1)
                           _09194_ (net)
     1    0.020   43.340 v _41346_/ZN (AOI21_X1)
                           _09195_ (net)
     2    0.038   43.378 ^ _41347_/ZN (OAI21_X1)
                           _09196_ (net)
     1    0.019   43.397 v _41348_/ZN (AOI21_X1)
                           _09197_ (net)
     1    0.032   43.429 ^ _41349_/ZN (OAI21_X1)
                           _09198_ (net)
     2    0.027   43.456 v _41350_/ZN (AOI211_X1)
                           _09199_ (net)
     2    0.047   43.502 ^ _41351_/ZN (OAI21_X1)
                           _09200_ (net)
     2    0.028   43.530 v _41353_/ZN (AOI21_X1)
                           _09202_ (net)
     2    0.046   43.576 ^ _41354_/ZN (OAI21_X1)
                           _09203_ (net)
     2    0.027   43.604 v _41355_/ZN (AOI21_X1)
                           _09204_ (net)
     2    0.045   43.649 ^ _41356_/ZN (OAI21_X1)
                           _09205_ (net)
     2    0.027   43.676 v _41357_/ZN (AOI21_X1)
                           _09206_ (net)
     2    0.045   43.721 ^ _41358_/ZN (OAI21_X1)
                           _09207_ (net)
     2    0.027   43.748 v _41359_/ZN (AOI21_X1)
                           _09208_ (net)
     2    0.045   43.793 ^ _41360_/ZN (OAI21_X1)
                           _09209_ (net)
     2    0.027   43.820 v _41361_/ZN (AOI21_X1)
                           _09210_ (net)
     2    0.045   43.865 ^ _41362_/ZN (OAI21_X1)
                           _09211_ (net)
     3    0.029   43.894 v _41363_/ZN (AOI21_X1)
                           _09212_ (net)
     2    0.122   44.016 v _41366_/ZN (OR4_X1)
                           _09215_ (net)
     4    0.075   44.091 ^ _41371_/ZN (AOI211_X1)
                           _09220_ (net)
     2    0.032   44.123 v _41373_/ZN (NAND3_X1)
                           _09222_ (net)
    38    0.182   44.305 ^ _41381_/ZN (NAND2_X1)
                           _09230_ (net)
     4    0.072   44.377 v _41516_/Z (MUX2_X1)
                           _09365_ (net)
     1    0.052   44.429 v _41530_/ZN (OR2_X1)
                           _09379_ (net)
     2    0.047   44.476 ^ _41531_/ZN (AOI21_X1)
                           _09380_ (net)
     2    0.028   44.505 v _41532_/ZN (OAI21_X1)
                           _09381_ (net)
     2    0.047   44.551 ^ _41533_/ZN (AOI21_X1)
                           _09382_ (net)
     2    0.028   44.579 v _41534_/ZN (OAI21_X1)
                           _09383_ (net)
     2    0.048   44.627 ^ _41535_/ZN (AOI21_X1)
                           _09384_ (net)
     2    0.028   44.655 v _41536_/ZN (OAI21_X1)
                           _09385_ (net)
     2    0.049   44.704 ^ _41537_/ZN (AOI21_X1)
                           _09386_ (net)
     2    0.028   44.732 v _41538_/ZN (OAI21_X1)
                           _09387_ (net)
     2    0.043   44.775 ^ _41540_/ZN (AOI21_X1)
                           _09389_ (net)
     2    0.028   44.803 v _41541_/ZN (OAI21_X1)
                           _09390_ (net)
     2    0.049   44.852 ^ _41542_/ZN (AOI21_X1)
                           _09391_ (net)
     2    0.028   44.880 v _41543_/ZN (OAI21_X1)
                           _09392_ (net)
     2    0.047   44.926 ^ _41544_/ZN (AOI21_X1)
                           _09393_ (net)
     2    0.028   44.954 v _41545_/ZN (OAI21_X1)
                           _09394_ (net)
     2    0.048   45.002 ^ _41546_/ZN (AOI21_X1)
                           _09395_ (net)
     2    0.028   45.029 v _41547_/ZN (OAI21_X1)
                           _09396_ (net)
     2    0.048   45.077 ^ _41548_/ZN (AOI21_X1)
                           _09397_ (net)
     2    0.028   45.105 v _41549_/ZN (OAI21_X1)
                           _09398_ (net)
     3    0.055   45.160 ^ _41550_/ZN (AOI21_X1)
                           _09399_ (net)
     2    0.020   45.180 v _41552_/ZN (NOR4_X1)
                           _09401_ (net)
     4    0.056   45.236 ^ _41562_/ZN (OAI211_X1)
                           _09411_ (net)
     3    0.021   45.258 v _41580_/ZN (NOR3_X1)
                           _09429_ (net)
    20    0.207   45.465 ^ _41591_/ZN (NOR2_X1)
                           _09440_ (net)
     3    0.072   45.537 v _41717_/Z (MUX2_X1)
                           _09566_ (net)
     2    0.045   45.582 v _41719_/ZN (XNOR2_X1)
                           _09568_ (net)
     2    0.079   45.661 ^ _41731_/ZN (OAI21_X1)
                           _09580_ (net)
     2    0.028   45.689 v _41733_/ZN (AOI21_X1)
                           _09582_ (net)
     2    0.048   45.737 ^ _41734_/ZN (OAI21_X1)
                           _09583_ (net)
     2    0.027   45.764 v _41735_/ZN (AOI21_X1)
                           _09584_ (net)
     2    0.047   45.812 ^ _41736_/ZN (OAI21_X1)
                           _09585_ (net)
     2    0.027   45.839 v _41737_/ZN (AOI21_X1)
                           _09586_ (net)
     2    0.045   45.883 ^ _41738_/ZN (OAI21_X1)
                           _09587_ (net)
     2    0.027   45.910 v _41739_/ZN (AOI21_X1)
                           _09588_ (net)
     2    0.045   45.955 ^ _41740_/ZN (OAI21_X1)
                           _09589_ (net)
     2    0.027   45.982 v _41742_/ZN (AOI21_X1)
                           _09591_ (net)
     2    0.046   46.028 ^ _41743_/ZN (OAI21_X1)
                           _09592_ (net)
     2    0.027   46.054 v _41744_/ZN (AOI21_X1)
                           _09593_ (net)
     2    0.045   46.099 ^ _41745_/ZN (OAI21_X1)
                           _09594_ (net)
     2    0.026   46.125 v _41746_/ZN (AOI21_X1)
                           _09595_ (net)
     2    0.045   46.170 ^ _41747_/ZN (OAI21_X1)
                           _09596_ (net)
     2    0.026   46.196 v _41748_/ZN (AOI21_X1)
                           _09597_ (net)
     2    0.045   46.241 ^ _41749_/ZN (OAI21_X1)
                           _09598_ (net)
     2    0.026   46.267 v _41750_/ZN (AOI21_X1)
                           _09599_ (net)
     2    0.045   46.312 ^ _41751_/ZN (OAI21_X1)
                           _09600_ (net)
     2    0.026   46.338 v _41752_/ZN (AOI21_X1)
                           _09601_ (net)
     2    0.045   46.383 ^ _41753_/ZN (OAI21_X1)
                           _09602_ (net)
     2    0.026   46.408 v _41754_/ZN (AOI21_X1)
                           _09603_ (net)
     3    0.053   46.462 ^ _41755_/ZN (OAI21_X1)
                           _09604_ (net)
     2    0.026   46.487 v _41757_/ZN (AOI21_X1)
                           _09606_ (net)
    35    0.357   46.844 ^ _41797_/ZN (OAI221_X1)
                           _09646_ (net)
     3    0.067   46.911 v _41935_/Z (MUX2_X1)
                           _09784_ (net)
     3    0.050   46.961 v _41937_/ZN (XNOR2_X1)
                           _09786_ (net)
     1    0.054   47.015 ^ _41941_/ZN (AOI21_X1)
                           _09790_ (net)
     2    0.025   47.040 v _41943_/ZN (OAI21_X1)
                           _09792_ (net)
     2    0.046   47.085 ^ _41944_/ZN (AOI21_X1)
                           _09793_ (net)
     2    0.026   47.111 v _41946_/ZN (OAI21_X1)
                           _09795_ (net)
     2    0.046   47.157 ^ _41947_/ZN (AOI21_X1)
                           _09796_ (net)
     2    0.029   47.186 v _41948_/ZN (OAI21_X1)
                           _09797_ (net)
     2    0.047   47.233 ^ _41949_/ZN (AOI21_X1)
                           _09798_ (net)
     2    0.029   47.262 v _41950_/ZN (OAI21_X1)
                           _09799_ (net)
     2    0.046   47.308 ^ _41951_/ZN (AOI21_X1)
                           _09800_ (net)
     2    0.029   47.337 v _41952_/ZN (OAI21_X1)
                           _09801_ (net)
     2    0.046   47.383 ^ _41953_/ZN (AOI21_X1)
                           _09802_ (net)
     2    0.025   47.409 v _41955_/ZN (OAI21_X1)
                           _09804_ (net)
     2    0.046   47.455 ^ _41956_/ZN (AOI21_X1)
                           _09805_ (net)
     2    0.028   47.483 v _41957_/ZN (OAI21_X1)
                           _09806_ (net)
     2    0.046   47.529 ^ _41958_/ZN (AOI21_X1)
                           _09807_ (net)
     2    0.028   47.557 v _41959_/ZN (OAI21_X1)
                           _09808_ (net)
     2    0.046   47.603 ^ _41960_/ZN (AOI21_X1)
                           _09809_ (net)
     2    0.028   47.631 v _41961_/ZN (OAI21_X1)
                           _09810_ (net)
     2    0.046   47.677 ^ _41962_/ZN (AOI21_X1)
                           _09811_ (net)
     2    0.028   47.705 v _41963_/ZN (OAI21_X1)
                           _09812_ (net)
     2    0.046   47.751 ^ _41964_/ZN (AOI21_X1)
                           _09813_ (net)
     2    0.028   47.779 v _41965_/ZN (OAI21_X1)
                           _09814_ (net)
     2    0.045   47.824 ^ _41966_/ZN (AOI21_X1)
                           _09815_ (net)
     2    0.028   47.852 v _41967_/ZN (OAI21_X1)
                           _09816_ (net)
     2    0.045   47.898 ^ _41968_/ZN (AOI21_X1)
                           _09817_ (net)
     3    0.030   47.928 v _41969_/ZN (OAI21_X1)
                           _09818_ (net)
     4    0.036   47.964 ^ _41985_/ZN (NAND4_X1)
                           _09834_ (net)
    34    0.140   48.105 v _41992_/ZN (NAND2_X1)
                           _09841_ (net)
     4    0.101   48.205 v _42111_/Z (MUX2_X1)
                           _09960_ (net)
     3    0.050   48.256 v _42113_/ZN (XNOR2_X1)
                           _09962_ (net)
     1    0.064   48.319 ^ _42125_/ZN (OAI21_X1)
                           _09974_ (net)
     2    0.027   48.347 v _42126_/ZN (AOI211_X1)
                           _09975_ (net)
     2    0.051   48.398 ^ _42127_/ZN (OAI21_X1)
                           _09976_ (net)
     2    0.028   48.426 v _42129_/ZN (AOI21_X1)
                           _09978_ (net)
     2    0.046   48.472 ^ _42130_/ZN (OAI21_X1)
                           _09979_ (net)
     2    0.027   48.499 v _42131_/ZN (AOI21_X1)
                           _09980_ (net)
     2    0.045   48.545 ^ _42132_/ZN (OAI21_X1)
                           _09981_ (net)
     2    0.027   48.572 v _42133_/ZN (AOI21_X1)
                           _09982_ (net)
     2    0.045   48.617 ^ _42134_/ZN (OAI21_X1)
                           _09983_ (net)
     2    0.027   48.644 v _42135_/ZN (AOI21_X1)
                           _09984_ (net)
     2    0.045   48.689 ^ _42136_/ZN (OAI21_X1)
                           _09985_ (net)
     2    0.028   48.717 v _42138_/ZN (AOI21_X1)
                           _09987_ (net)
     2    0.046   48.763 ^ _42139_/ZN (OAI21_X1)
                           _09988_ (net)
     2    0.027   48.790 v _42140_/ZN (AOI21_X1)
                           _09989_ (net)
     2    0.045   48.835 ^ _42141_/ZN (OAI21_X1)
                           _09990_ (net)
     2    0.027   48.862 v _42142_/ZN (AOI21_X1)
                           _09991_ (net)
     2    0.045   48.907 ^ _42143_/ZN (OAI21_X1)
                           _09992_ (net)
     2    0.027   48.934 v _42144_/ZN (AOI21_X1)
                           _09993_ (net)
     2    0.045   48.979 ^ _42145_/ZN (OAI21_X1)
                           _09994_ (net)
     2    0.027   49.005 v _42146_/ZN (AOI21_X1)
                           _09995_ (net)
     2    0.045   49.050 ^ _42147_/ZN (OAI21_X1)
                           _09996_ (net)
     2    0.026   49.077 v _42148_/ZN (AOI21_X1)
                           _09997_ (net)
     2    0.045   49.121 ^ _42149_/ZN (OAI21_X1)
                           _09998_ (net)
     2    0.025   49.147 v _42150_/ZN (AOI21_X1)
                           _09999_ (net)
     2    0.045   49.191 ^ _42151_/ZN (OAI21_X1)
                           _10000_ (net)
     3    0.028   49.219 v _42152_/ZN (AOI21_X1)
                           _10001_ (net)
     5    0.076   49.295 ^ _42176_/ZN (NOR3_X1)
                           _10025_ (net)
    41    0.203   49.498 ^ _42181_/ZN (OR2_X1)
                           _10030_ (net)
     4    0.072   49.570 v _42318_/Z (MUX2_X1)
                           _10167_ (net)
     1    0.051   49.621 v _42332_/ZN (OR2_X1)
                           _10181_ (net)
     2    0.047   49.669 ^ _42333_/ZN (AOI21_X1)
                           _10182_ (net)
     2    0.028   49.697 v _42334_/ZN (OAI21_X1)
                           _10183_ (net)
     2    0.048   49.745 ^ _42335_/ZN (AOI21_X1)
                           _10184_ (net)
     2    0.028   49.773 v _42336_/ZN (OAI21_X1)
                           _10185_ (net)
     2    0.043   49.817 ^ _42338_/ZN (AOI21_X1)
                           _10187_ (net)
     2    0.028   49.844 v _42339_/ZN (OAI21_X1)
                           _10188_ (net)
     2    0.049   49.893 ^ _42340_/ZN (AOI21_X1)
                           _10189_ (net)
     2    0.028   49.921 v _42341_/ZN (OAI21_X1)
                           _10190_ (net)
     2    0.048   49.969 ^ _42342_/ZN (AOI21_X1)
                           _10191_ (net)
     2    0.028   49.997 v _42343_/ZN (OAI21_X1)
                           _10192_ (net)
     2    0.049   50.046 ^ _42344_/ZN (AOI21_X1)
                           _10193_ (net)
     2    0.028   50.074 v _42345_/ZN (OAI21_X1)
                           _10194_ (net)
     2    0.042   50.116 ^ _42347_/ZN (AOI21_X1)
                           _10196_ (net)
     2    0.028   50.143 v _42348_/ZN (OAI21_X1)
                           _10197_ (net)
     2    0.048   50.191 ^ _42349_/ZN (AOI21_X1)
                           _10198_ (net)
     2    0.028   50.219 v _42350_/ZN (OAI21_X1)
                           _10199_ (net)
     2    0.048   50.266 ^ _42351_/ZN (AOI21_X1)
                           _10200_ (net)
     2    0.028   50.294 v _42352_/ZN (OAI21_X1)
                           _10201_ (net)
     2    0.048   50.342 ^ _42353_/ZN (AOI21_X1)
                           _10202_ (net)
     2    0.028   50.370 v _42354_/ZN (OAI21_X1)
                           _10203_ (net)
     2    0.049   50.418 ^ _42355_/ZN (AOI21_X1)
                           _10204_ (net)
     2    0.028   50.446 v _42356_/ZN (OAI21_X1)
                           _10205_ (net)
     2    0.048   50.494 ^ _42357_/ZN (AOI21_X1)
                           _10206_ (net)
     2    0.028   50.521 v _42358_/ZN (OAI21_X1)
                           _10207_ (net)
     2    0.047   50.569 ^ _42359_/ZN (AOI21_X1)
                           _10208_ (net)
     2    0.028   50.596 v _42360_/ZN (OAI21_X1)
                           _10209_ (net)
     4    0.059   50.655 ^ _42361_/ZN (AOI21_X1)
                           _10210_ (net)
     2    0.019   50.674 v _42368_/ZN (NOR3_X1)
                           _10217_ (net)
    21    0.215   50.888 ^ _42375_/ZN (NOR2_X1)
                           _10224_ (net)
    28    0.115   51.003 v _42376_/ZN (INV_X1)
                           _10225_ (net)
     4    0.090   51.093 ^ _42512_/ZN (AOI21_X1)
                           _10361_ (net)
     1    0.014   51.107 v _42514_/ZN (NOR2_X1)
                           _10363_ (net)
     2    0.071   51.178 ^ _42538_/ZN (OAI21_X1)
                           _10387_ (net)
     2    0.027   51.205 v _42539_/ZN (AOI21_X1)
                           _10388_ (net)
     2    0.047   51.252 ^ _42540_/ZN (OAI21_X1)
                           _10389_ (net)
     2    0.028   51.280 v _42542_/ZN (AOI21_X1)
                           _10391_ (net)
     2    0.046   51.326 ^ _42543_/ZN (OAI21_X1)
                           _10392_ (net)
     2    0.027   51.353 v _42544_/ZN (AOI21_X1)
                           _10393_ (net)
     2    0.045   51.398 ^ _42545_/ZN (OAI21_X1)
                           _10394_ (net)
     2    0.026   51.424 v _42546_/ZN (AOI21_X1)
                           _10395_ (net)
     2    0.045   51.469 ^ _42547_/ZN (OAI21_X1)
                           _10396_ (net)
     2    0.027   51.496 v _42548_/ZN (AOI21_X1)
                           _10397_ (net)
     2    0.045   51.540 ^ _42549_/ZN (OAI21_X1)
                           _10398_ (net)
     2    0.027   51.567 v _42551_/ZN (AOI21_X1)
                           _10400_ (net)
     2    0.046   51.613 ^ _42552_/ZN (OAI21_X1)
                           _10401_ (net)
     2    0.026   51.639 v _42553_/ZN (AOI21_X1)
                           _10402_ (net)
     2    0.045   51.684 ^ _42554_/ZN (OAI21_X1)
                           _10403_ (net)
     2    0.026   51.710 v _42555_/ZN (AOI21_X1)
                           _10404_ (net)
     2    0.045   51.755 ^ _42556_/ZN (OAI21_X1)
                           _10405_ (net)
     2    0.027   51.782 v _42557_/ZN (AOI21_X1)
                           _10406_ (net)
     2    0.045   51.827 ^ _42558_/ZN (OAI21_X1)
                           _10407_ (net)
     2    0.026   51.853 v _42559_/ZN (AOI21_X1)
                           _10408_ (net)
     2    0.045   51.898 ^ _42560_/ZN (OAI21_X1)
                           _10409_ (net)
     2    0.026   51.924 v _42561_/ZN (AOI21_X1)
                           _10410_ (net)
     2    0.045   51.968 ^ _42562_/ZN (OAI21_X1)
                           _10411_ (net)
     2    0.025   51.994 v _42563_/ZN (AOI21_X1)
                           _10412_ (net)
     2    0.045   52.038 ^ _42564_/ZN (OAI21_X1)
                           _10413_ (net)
     2    0.023   52.061 v _42565_/ZN (AOI21_X1)
                           _10414_ (net)
    35    0.362   52.423 ^ _42571_/ZN (OAI211_X1)
                           _10420_ (net)
     2    0.061   52.485 ^ _42634_/Z (MUX2_X1)
                           _10483_ (net)
     1    0.023   52.508 v _42642_/ZN (AOI22_X1)
                           _10491_ (net)
     1    0.066   52.574 ^ _42643_/ZN (AOI21_X1)
                           _10492_ (net)
     1    0.022   52.596 v _42644_/ZN (OAI21_X1)
                           _10493_ (net)
     1    0.032   52.627 ^ _42645_/ZN (AOI21_X1)
                           _10494_ (net)
     1    0.021   52.648 v _42646_/ZN (OAI21_X1)
                           _10495_ (net)
     1    0.054   52.702 ^ _42658_/ZN (AOI221_X1)
                           _10507_ (net)
     1    0.037   52.739 v _42669_/ZN (OAI221_X1)
                           _10518_ (net)
     1    0.035   52.774 ^ _42692_/ZN (AOI21_X1)
                           _10541_ (net)
     1    0.035   52.809 v _42741_/ZN (OAI221_X1)
                           _10590_ (net)
     2    0.094   52.903 ^ _42749_/ZN (AOI221_X1)
                           _10598_ (net)
     3    0.019   52.922 v _42752_/ZN (NOR2_X1)
                           _10601_ (net)
     1    0.033   52.955 ^ _42755_/ZN (AOI21_X1)
                           _10604_ (net)
     1    0.023   52.978 v _42756_/ZN (XNOR2_X1)
                           _10605_ (net)
    35    0.365   53.343 ^ _43721_/ZN (OAI221_X1)
                           i0.SCDP.AluData[2] (net)
     3    0.005   53.348 v _43722_/ZN (INV_X1)
                           _11570_ (net)
   129    1.124   54.472 ^ _62813_/ZN (NOR2_X1)
                           _30459_ (net)
     1   -0.017   54.456 v _62815_/ZN (AOI22_X1)
                           _30461_ (net)
     1    0.046   54.502 ^ _62816_/ZN (INV_X1)
                           _30462_ (net)
     1    0.018   54.520 v _62818_/ZN (AOI221_X1)
                           _30464_ (net)
     2    0.097   54.617 ^ _62821_/ZN (OAI21_X1)
                           _30467_ (net)
    17    0.063   54.680 v _62837_/ZN (OAI22_X1)
                           i0.SCDP.Mem_or_ALU[0] (net)
     1    0.067   54.747 v _65834_/Z (MUX2_X1)
                           _03782_ (net)
          0.000   54.747 v _68338_/D (DFF_X1)
                  54.747   data arrival time

         10.000   10.000   clock clk (rise edge)
          0.000   10.000   clock network delay (ideal)
          0.000   10.000   clock reconvergence pessimism
                  10.000 ^ _68338_/CK (DFF_X1)
         -0.041    9.959   library setup time
                   9.959   data required time
-----------------------------------------------------------------
                   9.959   data required time
                 -54.747   data arrival time
-----------------------------------------------------------------
                 -44.788   slack (VIOLATED)


