FF groups: RF=1088 DMEM=1152 XBUF=128 PC=12 IF/ID=70 ID/EX=222 EX/MEM=150 MEM/WB=144
RESULT mode=none slack=6.471 direct=NA start=MEM/WB end=EX/MEM
Startpoint: _43317_ (rising edge-triggered flip-flop clocked by clk)
Endpoint: _43273_ (rising edge-triggered flip-flop clocked by clk)
Path Group: clk
Path Type: max

Fanout    Delay     Time   Description
-----------------------------------------------------------------
          0.000    0.000   clock clk (rise edge)
          0.000    0.000   clock network delay (ideal)
          0.000    0.000 ^ _43317_/CK (DFF_X1)
    12    0.129    0.129 ^ _43317_/Q (DFF_X1)
                           i1.core.mem_wb_wr[0] (net)
     5    0.048    0.177 ^ _23691_/ZN (OR2_X1)
                           _17536_ (net)
    15    0.054    0.231 v _23694_/ZN (OAI21_X1)
                           _17539_ (net)
    34    0.531    0.762 ^ _23701_/ZN (NOR3_X1)
                           _17546_ (net)
     2    0.062    0.824 v _24134_/Z (MUX2_X1)
                           _17886_ (net)
    38    0.514    1.338 ^ _24137_/ZN (AOI211_X1)
                           _17888_ (net)
     2    0.034    1.372 v _31537_/ZN (NAND2_X1)
                           _08320_ (net)
     2    0.079    1.451 v _31539_/Z (XOR2_X1)
                           _08322_ (net)
     2    0.046    1.498 ^ _31540_/ZN (XNOR2_X1)
                           _08323_ (net)
     2    0.063    1.560 ^ _31542_/Z (XOR2_X1)
                           _08325_ (net)
     2    0.048    1.609 ^ _31543_/ZN (XNOR2_X1)
                           _08326_ (net)
     2    0.048    1.657 ^ _31546_/ZN (XNOR2_X1)
                           _08329_ (net)
     2    0.061    1.718 ^ _31547_/Z (XOR2_X1)
                           _08330_ (net)
     2    0.050    1.768 ^ _31586_/ZN (XNOR2_X1)
                           _08369_ (net)
     2    0.058    1.826 ^ _31588_/Z (XOR2_X1)
                           _08371_ (net)
     2    0.063    1.889 ^ _31590_/Z (XOR2_X1)
                           _08373_ (net)
     2    0.051    1.939 ^ _31592_/ZN (XNOR2_X1)
                           _08375_ (net)
     2    0.050    1.989 ^ _31594_/ZN (XNOR2_X1)
                           _08377_ (net)
     2    0.063    2.052 ^ _31596_/Z (XOR2_X1)
                           _08379_ (net)
     2    0.050    2.102 ^ _31598_/ZN (XNOR2_X1)
                           _08381_ (net)
     3    0.067    2.168 ^ _31600_/Z (XOR2_X1)
                           _08383_ (net)
     3    0.026    2.194 v _31861_/ZN (OAI21_X1)
                           _08643_ (net)
     3    0.046    2.241 ^ _31974_/ZN (AOI21_X1)
                           _08755_ (net)
     3    0.030    2.270 v _32090_/ZN (OAI21_X1)
                           _08870_ (net)
     3    0.047    2.317 ^ _32211_/ZN (AOI21_X1)
                           _08990_ (net)
     3    0.030    2.347 v _32336_/ZN (OAI21_X1)
                           _09114_ (net)
     3    0.051    2.398 ^ _32470_/ZN (AOI21_X1)
                           _09247_ (net)
     3    0.031    2.428 v _32602_/ZN (OAI21_X1)
                           _09378_ (net)
     3    0.050    2.479 ^ _32743_/ZN (AOI21_X1)
                           _09518_ (net)
     3    0.031    2.510 v _32886_/ZN (OAI21_X1)
                           _09660_ (net)
     3    0.050    2.560 ^ _33037_/ZN (AOI21_X1)
                           _09810_ (net)
     3    0.029    2.589 v _33191_/ZN (OAI21_X1)
                           _09963_ (net)
     3    0.050    2.639 ^ _33355_/ZN (AOI21_X1)
                           _10126_ (net)
     3    0.029    2.668 v _33523_/ZN (OAI21_X1)
                           _10293_ (net)
     3    0.047    2.715 ^ _33695_/ZN (AOI21_X1)
                           _10464_ (net)
     3    0.030    2.745 v _33879_/ZN (OAI21_X1)
                           _10647_ (net)
     3    0.051    2.795 ^ _34069_/ZN (AOI21_X1)
                           _10836_ (net)
     3    0.029    2.825 v _34253_/ZN (OAI21_X1)
                           _11019_ (net)
     3    0.050    2.875 ^ _34438_/ZN (AOI21_X1)
                           _11203_ (net)
     3    0.031    2.905 v _34615_/ZN (OAI21_X1)
                           _11379_ (net)
     3    0.051    2.956 ^ _34793_/ZN (AOI21_X1)
                           _11556_ (net)
     3    0.031    2.987 v _34969_/ZN (OAI21_X1)
                           _11731_ (net)
     3    0.047    3.035 ^ _35142_/ZN (AOI21_X1)
                           _11903_ (net)
     3    0.028    3.063 v _35306_/ZN (OAI21_X1)
                           _12066_ (net)
     3    0.046    3.109 ^ _35473_/ZN (AOI21_X1)
                           _12232_ (net)
     3    0.030    3.139 v _35628_/ZN (OAI21_X1)
                           _12386_ (net)
     3    0.047    3.186 ^ _35783_/ZN (AOI21_X1)
                           _12540_ (net)
     3    0.028    3.214 v _35932_/ZN (OAI21_X1)
                           _12688_ (net)
     3    0.047    3.261 ^ _36085_/ZN (AOI21_X1)
                           _12840_ (net)
     3    0.030    3.290 v _36234_/ZN (OAI21_X1)
                           _12988_ (net)
     3    0.047    3.337 ^ _36378_/ZN (AOI21_X1)
                           _13131_ (net)
     2    0.024    3.361 v _36505_/ZN (OAI21_X1)
                           _13257_ (net)
     1    0.046    3.407 v _36583_/ZN (OR2_X1)
                           _13335_ (net)
     2    0.059    3.465 ^ _36593_/ZN (AOI221_X1)
                           _13345_ (net)
     1    0.015    3.480 v _38375_/ZN (NOR3_X1)
                           _00442_ (net)
          0.000    3.480 v _43273_/D (DFF_X1)
                   3.480   data arrival time

         10.000   10.000   clock clk (rise edge)
          0.000   10.000   clock network delay (ideal)
          0.000   10.000   clock reconvergence pessimism
                  10.000 ^ _43273_/CK (DFF_X1)
         -0.049    9.951   library setup time
                   9.951   data required time
-----------------------------------------------------------------
                   9.951   data required time
                  -3.480   data arrival time
-----------------------------------------------------------------
                   6.471   slack (MET)


