Startpoint: _43319_ (rising edge-triggered flip-flop clocked by clk)
Endpoint: _43273_ (rising edge-triggered flip-flop clocked by clk)
Path Group: clk
Path Type: max

Fanout      Cap     Slew    Delay     Time   Description
---------------------------------------------------------------------------------
                            0.000    0.000   clock clk (rise edge)
                            0.000    0.000   clock source latency
     1    4.426    0.000    0.000    0.000 ^ clk (in)
                                             clk (net)
     8   29.720    0.019    0.032    0.032 ^ clkbuf_0_clk/Z (BUF_X4)
                                             clknet_0_clk (net)
    16   55.613    0.033    0.054    0.086 ^ clkbuf_3_3_0_clk/Z (BUF_X4)
                                             clknet_3_3_0_clk (net)
     2    6.878    0.008    0.028    0.114 ^ clkbuf_7_58_0_clk/Z (BUF_X4)
                                             clknet_7_58_0_clk (net)
    13   14.478    0.011    0.025    0.139 ^ clkbuf_8_116__f_clk/Z (BUF_X4)
                                             clknet_8_116__leaf_clk (net)
                   0.011    0.000    0.139 ^ _43319_/CK (DFF_X2)
     4    9.385    0.015    0.124    0.263 ^ _43319_/Q (DFF_X2)
                                             i1.core.mem_wb_wr[2] (net)
     4   10.647    0.009    0.026    0.288 ^ rebuffer469/Z (BUF_X4)
                                             net469 (net)
     1    3.581    0.019    0.037    0.325 ^ _23697_/ZN (XNOR2_X2)
                                             _17542_ (net)
     1    6.171    0.022    0.038    0.363 v _23700_/ZN (NAND4_X2)
                                             _17545_ (net)
     4   18.953    0.048    0.081    0.444 ^ _23701_/ZN (NOR3_X4)
                                             _17546_ (net)
     5   13.123    0.008    0.028    0.472 ^ max_cap54/Z (BUF_X8)
                                             net54 (net)
     2    5.594    0.014    0.069    0.541 v _23702_/Z (MUX2_X1)
                                             _17547_ (net)
     1    3.469    0.037    0.040    0.581 ^ _23977_/ZN (AOI211_X2)
                                             _17751_ (net)
     4   21.502    0.014    0.033    0.614 ^ rebuffer305/Z (BUF_X4)
                                             net305 (net)
     7   27.315    0.007    0.031    0.644 ^ max_cap20/Z (BUF_X16)
                                             net20 (net)
    11   49.226    0.015    0.017    0.661 v _23979_/ZN (NOR2_X4)
                                             _17753_ (net)
     4    6.243    0.042    0.094    0.755 ^ _32837_/ZN (NOR4_X4)
                                             _09612_ (net)
     1    2.547    0.012    0.014    0.769 v _32839_/ZN (NOR2_X1)
                                             _09614_ (net)
     2    3.408    0.013    0.044    0.813 v _32841_/ZN (XNOR2_X1)
                                             _09616_ (net)
     1    1.050    0.012    0.080    0.892 v _32843_/ZN (OR3_X1)
                                             _09618_ (net)
     2    4.129    0.008    0.037    0.930 v _32844_/ZN (AND2_X1)
                                             _09619_ (net)
     2    2.898    0.013    0.041    0.970 v _32846_/ZN (XNOR2_X1)
                                             _09621_ (net)
     2    6.749    0.044    0.067    1.037 ^ _32847_/ZN (AOI21_X1)
                                             _09622_ (net)
     2    7.326    0.013    0.017    1.054 v _32849_/ZN (NOR2_X2)
                                             _09624_ (net)
     2    6.838    0.014    0.043    1.097 v _32850_/ZN (XNOR2_X2)
                                             _09625_ (net)
     2    4.039    0.014    0.060    1.157 v _32852_/Z (XOR2_X2)
                                             _09627_ (net)
     2    2.854    0.014    0.043    1.200 v _32854_/ZN (XNOR2_X1)
                                             _09629_ (net)
     3    5.007    0.036    0.058    1.258 ^ _32855_/ZN (AOI21_X1)
                                             _09630_ (net)
     2    3.868    0.012    0.017    1.275 v _32857_/ZN (NOR2_X1)
                                             _09632_ (net)
     2    2.734    0.013    0.058    1.334 v _32859_/Z (XOR2_X1)
                                             _09634_ (net)
     1    0.984    0.012    0.079    1.413 v _32861_/ZN (OR3_X1)
                                             _09636_ (net)
     2    6.389    0.010    0.041    1.453 v _32862_/ZN (AND2_X1)
                                             _09637_ (net)
     2    7.128    0.027    0.042    1.496 ^ _32864_/ZN (XNOR2_X2)
                                             _09639_ (net)
     2    8.258    0.029    0.048    1.543 ^ _32866_/ZN (XNOR2_X2)
                                             _09641_ (net)
     2    6.476    0.025    0.046    1.589 ^ _32867_/ZN (XNOR2_X2)
                                             _09642_ (net)
     2    6.765    0.029    0.059    1.648 ^ _32869_/Z (XOR2_X2)
                                             _09644_ (net)
     3   10.042    0.033    0.050    1.698 ^ _32871_/ZN (XNOR2_X2)
                                             _09646_ (net)
     3    9.569    0.013    0.021    1.719 v _32886_/ZN (OAI21_X4)
                                             _09660_ (net)
     3   10.146    0.025    0.038    1.757 ^ _33037_/ZN (AOI21_X4)
                                             _09810_ (net)
     3    8.781    0.013    0.022    1.779 v _33191_/ZN (OAI21_X4)
                                             _09963_ (net)
     3   10.225    0.025    0.037    1.817 ^ _33355_/ZN (AOI21_X4)
                                             _10126_ (net)
     3    8.259    0.012    0.022    1.839 v _33523_/ZN (OAI21_X4)
                                             _10293_ (net)
     3    9.577    0.025    0.036    1.875 ^ _33695_/ZN (AOI21_X4)
                                             _10464_ (net)
     3   10.088    0.013    0.023    1.898 v _33879_/ZN (OAI21_X4)
                                             _10647_ (net)
     3   10.145    0.025    0.038    1.935 ^ _34069_/ZN (AOI21_X4)
                                             _10836_ (net)
     3    8.237    0.012    0.022    1.957 v _34253_/ZN (OAI21_X4)
                                             _11019_ (net)
     3   10.231    0.025    0.037    1.994 ^ _34438_/ZN (AOI21_X4)
                                             _11203_ (net)
     3    9.171    0.013    0.023    2.017 v _34615_/ZN (OAI21_X4)
                                             _11379_ (net)
     3   10.288    0.026    0.037    2.054 ^ _34793_/ZN (AOI21_X4)
                                             _11556_ (net)
     3    9.084    0.013    0.023    2.077 v _34969_/ZN (OAI21_X4)
                                             _11731_ (net)
     3   10.123    0.025    0.037    2.114 ^ _35142_/ZN (AOI21_X4)
                                             _11903_ (net)
     3    8.222    0.012    0.022    2.136 v _35306_/ZN (OAI21_X4)
                                             _12066_ (net)
     3    9.408    0.024    0.036    2.172 ^ _35473_/ZN (AOI21_X4)
                                             _12232_ (net)
     3    8.923    0.014    0.022    2.194 v _35628_/ZN (OAI21_X4)
                                             _12386_ (net)
     3    9.537    0.025    0.037    2.231 ^ _35783_/ZN (AOI21_X4)
                                             _12540_ (net)
     3    8.448    0.017    0.022    2.252 v _35932_/ZN (OAI21_X4)
                                             _12688_ (net)
     3    9.410    0.024    0.038    2.290 ^ _36085_/ZN (AOI21_X4)
                                             _12840_ (net)
     3    9.045    0.014    0.022    2.312 v _36234_/ZN (OAI21_X4)
                                             _12988_ (net)
     3    8.891    0.024    0.036    2.348 ^ _36378_/ZN (AOI21_X4)
                                             _13131_ (net)
     2    3.912    0.013    0.019    2.367 v _36505_/ZN (OAI21_X4)
                                             _13257_ (net)
     1    2.807    0.008    0.048    2.415 v _36583_/ZN (OR2_X2)
                                             _13335_ (net)
     2    5.974    0.051    0.056    2.471 ^ _36593_/ZN (AOI221_X2)
                                             _13345_ (net)
     1    1.524    0.014    0.017    2.488 v _38375_/ZN (NOR3_X1)
                                             _00442_ (net)
                   0.014    0.000    2.488 v _43273_/D (DFF_X1)
                                     2.488   data arrival time

                            2.000    2.000   clock clk (rise edge)
                            0.000    2.000   clock source latency
     1    4.426    0.000    0.000    2.000 ^ clk (in)
                                             clk (net)
     8   29.720    0.019    0.032    2.032 ^ clkbuf_0_clk/Z (BUF_X4)
                                             clknet_0_clk (net)
    16   55.613    0.033    0.054    2.086 ^ clkbuf_3_3_0_clk/Z (BUF_X4)
                                             clknet_3_3_0_clk (net)
     2    6.911    0.008    0.028    2.114 ^ clkbuf_7_62_0_clk/Z (BUF_X4)
                                             clknet_7_62_0_clk (net)
    11   11.944    0.010    0.024    2.138 ^ clkbuf_8_124__f_clk/Z (BUF_X4)
                                             clknet_8_124__leaf_clk (net)
                   0.010    0.000    2.138 ^ _43273_/CK (DFF_X1)
                            0.000    2.138   clock reconvergence pessimism
                           -0.039    2.099   library setup time
                                     2.099   data required time
---------------------------------------------------------------------------------
                                     2.099   data required time
                                    -2.488   data arrival time
---------------------------------------------------------------------------------
                                    -0.390   slack (VIOLATED)
