FF groups: RF=1088 DMEM=1152 XBUF=128 PC=68
RESULT mode=beq slack=4.061 direct=NA start=PC end=PC
Startpoint: _42726_ (rising edge-triggered flip-flop clocked by clk)
Endpoint: _42726_ (rising edge-triggered flip-flop clocked by clk)
Path Group: clk
Path Type: max

Fanout    Delay     Time   Description
-----------------------------------------------------------------
          0.000    0.000   clock clk (rise edge)
          0.000    0.000   clock network delay (ideal)
          0.000    0.000 ^ _42726_/CK (DFF_X1)
    17    0.112    0.112 v _42726_/Q (DFF_X1)
                           _00036_ (net)
   202    0.825    0.937 ^ _24264_/ZN (NAND2_X1)
                           _05102_ (net)
   259    1.843    2.780 v _24265_/ZN (INV_X1)
                           i1.SCDP.instruction[16] (net)
     1    0.237    3.017 ^ _24337_/ZN (OAI21_X1)
                           _05168_ (net)
     1    0.049    3.066 v _24338_/ZN (OAI221_X1)
                           _05169_ (net)
     1    0.036    3.103 ^ _24339_/ZN (OAI21_X1)
                           _05170_ (net)
     1    0.019    3.121 v _24340_/ZN (AOI21_X1)
                           _05171_ (net)
    20    0.207    3.328 ^ _24341_/ZN (AOI221_X1)
                           i1.SCDP.read_data_2[2] (net)
    51    0.277    3.605 v _24343_/ZN (AOI21_X1)
                           _05173_ (net)
     2    0.093    3.698 ^ _26136_/ZN (XNOR2_X1)
                           _06908_ (net)
     2    0.050    3.748 ^ _26137_/ZN (XNOR2_X1)
                           _06909_ (net)
     2    0.038    3.785 ^ _26138_/ZN (OR2_X1)
                           _06910_ (net)
     3    0.025    3.810 v _26486_/ZN (OAI21_X1)
                           _07251_ (net)
     2    0.066    3.876 ^ _26488_/ZN (AOI21_X1)
                           _07253_ (net)
     2    0.015    3.891 v _26493_/ZN (NOR2_X1)
                           _07258_ (net)
     2    0.049    3.940 ^ _26669_/ZN (AOI21_X1)
                           _07430_ (net)
     2    0.015    3.955 v _26676_/ZN (NOR2_X1)
                           _07437_ (net)
     2    0.038    3.994 ^ _31771_/ZN (NOR2_X1)
                           _12468_ (net)
     2    0.014    4.008 v _31779_/ZN (NOR2_X1)
                           _12476_ (net)
     2    0.038    4.046 ^ _32517_/ZN (NOR2_X1)
                           _13184_ (net)
     2    0.014    4.061 v _32523_/ZN (NOR2_X1)
                           _13190_ (net)
     2    0.049    4.110 ^ _32671_/ZN (AOI21_X1)
                           _13337_ (net)
     2    0.013    4.123 v _32677_/ZN (NOR2_X1)
                           _13343_ (net)
     2    0.054    4.178 v _32681_/ZN (OR2_X1)
                           _13346_ (net)
     3    0.024    4.201 ^ _32687_/ZN (NAND2_X1)
                           _13352_ (net)
     3    0.023    4.224 v _33005_/ZN (AOI21_X1)
                           _13669_ (net)
     1    0.030    4.254 ^ _33184_/ZN (OAI21_X1)
                           _13847_ (net)
     1    0.018    4.272 v _33720_/ZN (AOI211_X1)
                           _14380_ (net)
     2    0.077    4.349 ^ _33722_/ZN (AOI211_X1)
                           _14382_ (net)
     4    0.043    4.392 ^ _33728_/ZN (OR2_X1)
                           _14388_ (net)
     3    0.031    4.423 v _34101_/ZN (OAI211_X1)
                           _14759_ (net)
     1    0.038    4.461 v _34477_/ZN (AND3_X1)
                           _15133_ (net)
     3    0.083    4.544 ^ _34478_/ZN (AOI211_X1)
                           _15134_ (net)
     1    0.021    4.565 v _34487_/ZN (AOI21_X1)
                           _15143_ (net)
     2    0.076    4.641 ^ _34488_/ZN (AOI221_X1)
                           _15144_ (net)
     1    0.037    4.678 v _36493_/ZN (OAI211_X1)
                           _17135_ (net)
     1    0.066    4.744 ^ _36494_/ZN (AOI211_X1)
                           _17136_ (net)
     1    0.031    4.775 v _36495_/ZN (OAI211_X1)
                           _17137_ (net)
     1    0.066    4.841 ^ _36496_/ZN (AOI211_X1)
                           _17138_ (net)
     1    0.027    4.868 v _36497_/ZN (OAI211_X1)
                           _17139_ (net)
     1    0.066    4.934 ^ _36498_/ZN (AOI211_X1)
                           _17140_ (net)
     1    0.031    4.965 v _36499_/ZN (OAI211_X1)
                           _17141_ (net)
     1    0.065    5.030 ^ _36500_/ZN (AOI211_X1)
                           _17142_ (net)
     1    0.031    5.061 v _36501_/ZN (OAI211_X1)
                           _17143_ (net)
     1    0.065    5.126 ^ _36502_/ZN (AOI211_X1)
                           _17144_ (net)
     1    0.031    5.157 v _36503_/ZN (OAI211_X1)
                           _17145_ (net)
     1    0.065    5.222 ^ _36504_/ZN (AOI211_X1)
                           _17146_ (net)
     1    0.031    5.254 v _36505_/ZN (OAI211_X1)
                           _17147_ (net)
     6    0.117    5.370 ^ _36506_/ZN (AOI211_X1)
                           _17148_ (net)
     5    0.079    5.450 ^ _36547_/ZN (AND3_X1)
                           _17186_ (net)
     1    0.020    5.469 v _36593_/ZN (OAI21_X1)
                           _17229_ (net)
    16    0.154    5.623 ^ _36596_/ZN (OAI21_X1)
                           _17232_ (net)
    21    0.085    5.708 v _36597_/ZN (INV_X1)
                           _04463_ (net)
     3    0.064    5.773 ^ _36670_/ZN (NOR2_X1)
                           _17299_ (net)
     1    0.062    5.834 v _36683_/Z (MUX2_X1)
                           _17309_ (net)
     1    0.032    5.866 ^ _36685_/ZN (OAI22_X1)
                           _17311_ (net)
     1    0.025    5.891 v _36686_/ZN (AOI22_X1)
                           _00001_[13] (net)
          0.000    5.891 v _42726_/D (DFF_X1)
                   5.891   data arrival time

         10.000   10.000   clock clk (rise edge)
          0.000   10.000   clock network delay (ideal)
          0.000   10.000   clock reconvergence pessimism
                  10.000 ^ _42726_/CK (DFF_X1)
         -0.048    9.952   library setup time
                   9.952   data required time
-----------------------------------------------------------------
                   9.952   data required time
                  -5.891   data arrival time
-----------------------------------------------------------------
                   4.061   slack (MET)


