Startpoint: _42726_ (rising edge-triggered flip-flop clocked by clk)
Endpoint: _42736_ (rising edge-triggered flip-flop clocked by clk)
Path Group: clk
Path Type: max

Fanout      Cap     Slew    Delay     Time   Description
---------------------------------------------------------------------------------
                            0.000    0.000   clock clk (rise edge)
                            0.000    0.000   clock source latency
     1    4.180    0.000    0.000    0.000 ^ clk (in)
                                             clk (net)
    16   58.367    0.034    0.048    0.048 ^ clkbuf_0_clk/Z (BUF_X4)
                                             clknet_0_clk (net)
    16   55.462    0.033    0.058    0.106 ^ clkbuf_4_9_0_clk/Z (BUF_X4)
                                             clknet_4_9_0_clk (net)
    13   14.531    0.011    0.032    0.139 ^ clkbuf_8_148_0_clk/Z (BUF_X4)
                                             clknet_8_148_0_clk (net)
                   0.011    0.000    0.139 ^ _42726_/CK (DFF_X2)
     8   25.017    0.030    0.138    0.277 ^ _42726_/Q (DFF_X2)
                                             _00036_ (net)
     4   12.722    0.044    0.025    0.301 v _24264_/ZN (NAND2_X4)
                                             _05102_ (net)
     2   17.325    0.007    0.042    0.343 v rebuffer439/Z (BUF_X8)
                                             net439 (net)
     4   59.542    0.007    0.028    0.371 v rebuffer261/Z (BUF_X16)
                                             net261 (net)
     5  101.261    0.005    0.023    0.394 v max_length124/Z (BUF_X32)
                                             net124 (net)
    65  138.831    0.015    0.051    0.445 ^ _24265_/ZN (INV_X32)
                                             i1.SCDP.instruction[16] (net)
     1    1.915    0.019    0.041    0.486 v _24269_/ZN (AOI21_X1)
                                             _05105_ (net)
     1    3.228    0.048    0.083    0.570 ^ _24273_/ZN (AOI211_X1)
                                             _05108_ (net)
     1    6.255    0.024    0.026    0.595 v _24278_/ZN (OAI21_X2)
                                             _05113_ (net)
     3   13.987    0.039    0.036    0.631 ^ _24288_/ZN (OAI211_X4)
                                             _05123_ (net)
     2    5.864    0.013    0.019    0.650 v _24292_/ZN (AOI21_X4)
                                             _05126_ (net)
     3    9.720    0.014    0.040    0.690 v rebuffer286/Z (CLKBUF_X2)
                                             net286 (net)
     3    5.646    0.054    0.079    0.769 ^ _25424_/ZN (NOR3_X1)
                                             _06198_ (net)
     1    4.180    0.030    0.054    0.823 ^ _25427_/ZN (XNOR2_X1)
                                             _06201_ (net)
     3    7.628    0.028    0.048    0.871 ^ _25429_/ZN (XNOR2_X2)
                                             _06203_ (net)
     1    4.118    0.029    0.049    0.920 ^ _25432_/ZN (XNOR2_X1)
                                             _06206_ (net)
     2    7.318    0.027    0.047    0.967 ^ _25439_/ZN (XNOR2_X2)
                                             _06213_ (net)
     2    6.800    0.026    0.046    1.013 ^ _25441_/ZN (XNOR2_X2)
                                             _06215_ (net)
     2    6.088    0.028    0.058    1.071 ^ _25455_/Z (XOR2_X2)
                                             _06229_ (net)
     2    7.758    0.032    0.063    1.134 ^ _25457_/Z (XOR2_X2)
                                             _06231_ (net)
     2    7.516    0.031    0.063    1.197 ^ _25479_/Z (XOR2_X2)
                                             _06253_ (net)
     3    9.984    0.033    0.051    1.248 ^ _25481_/ZN (XNOR2_X2)
                                             _06255_ (net)
     2    5.402    0.023    0.045    1.293 ^ _25490_/ZN (XNOR2_X2)
                                             _06264_ (net)
     2    6.447    0.025    0.044    1.337 ^ _25492_/ZN (XNOR2_X2)
                                             _06266_ (net)
     3    8.931    0.034    0.064    1.401 ^ _25493_/Z (XOR2_X2)
                                             _06267_ (net)
     2    5.382    0.026    0.057    1.459 ^ _25779_/Z (XOR2_X2)
                                             _06551_ (net)
     2    5.810    0.016    0.022    1.480 v _25838_/ZN (XNOR2_X2)
                                             _06610_ (net)
     2    8.428    0.059    0.093    1.573 ^ _26009_/ZN (AOI221_X2)
                                             _06781_ (net)
     4   13.272    0.016    0.027    1.600 v _26011_/ZN (AOI21_X4)
                                             _06783_ (net)
     1    6.920    0.019    0.035    1.635 ^ _26014_/ZN (OAI21_X4)
                                             _06786_ (net)
     2    9.737    0.010    0.019    1.654 v _26336_/ZN (AOI21_X4)
                                             _07102_ (net)
     3   10.327    0.023    0.037    1.691 ^ _26338_/ZN (OAI21_X4)
                                             _07104_ (net)
     1    6.785    0.013    0.018    1.709 v _26525_/ZN (AOI21_X4)
                                             _07287_ (net)
     3   10.973    0.023    0.039    1.748 ^ _31622_/ZN (OAI21_X4)
                                             _12320_ (net)
     1    6.741    0.014    0.018    1.766 v _32380_/ZN (AOI21_X4)
                                             _13047_ (net)
     3   10.000    0.022    0.038    1.804 ^ _32530_/ZN (OAI21_X4)
                                             _13196_ (net)
     1    6.783    0.013    0.018    1.821 v _32692_/ZN (AOI21_X4)
                                             _13357_ (net)
     3   10.078    0.022    0.037    1.859 ^ _32844_/ZN (OAI21_X4)
                                             _13508_ (net)
     3    9.946    0.014    0.020    1.879 v _33010_/ZN (AOI21_X4)
                                             _13673_ (net)
     3    9.839    0.022    0.038    1.916 ^ _33189_/ZN (OAI21_X4)
                                             _13851_ (net)
     3    9.238    0.014    0.019    1.936 v _33365_/ZN (AOI21_X4)
                                             _14026_ (net)
     3   10.508    0.022    0.038    1.974 ^ _33547_/ZN (OAI21_X4)
                                             _14207_ (net)
     3    9.283    0.014    0.019    1.994 v _33733_/ZN (AOI21_X4)
                                             _14392_ (net)
     3    8.605    0.020    0.036    2.030 ^ _33926_/ZN (OAI21_X4)
                                             _14584_ (net)
     1    3.240    0.007    0.030    2.060 ^ _34098_/ZN (AND2_X4)
                                             _14756_ (net)
     2    3.884    0.018    0.023    2.083 v _34112_/ZN (OAI221_X2)
                                             i1.SCDP.AluData[16] (net)
     1    1.818    0.031    0.065    2.148 ^ _36492_/ZN (AOI211_X2)
                                             _17134_ (net)
     1    1.727    0.017    0.031    2.179 v _36493_/ZN (OAI211_X1)
                                             _17135_ (net)
     1    2.146    0.040    0.070    2.249 ^ _36494_/ZN (AOI211_X1)
                                             _17136_ (net)
     1    1.576    0.017    0.032    2.281 v _36495_/ZN (OAI211_X1)
                                             _17137_ (net)
     1    1.997    0.039    0.069    2.350 ^ _36496_/ZN (AOI211_X1)
                                             _17138_ (net)
     1    1.675    0.016    0.032    2.382 v _36497_/ZN (OAI211_X1)
                                             _17139_ (net)
     1    2.168    0.040    0.070    2.452 ^ _36498_/ZN (AOI211_X1)
                                             _17140_ (net)
     1    1.698    0.016    0.033    2.485 v _36499_/ZN (OAI211_X1)
                                             _17141_ (net)
     1    2.039    0.039    0.068    2.553 ^ _36500_/ZN (AOI211_X1)
                                             _17142_ (net)
     1    1.712    0.016    0.033    2.586 v _36501_/ZN (OAI211_X1)
                                             _17143_ (net)
     1    1.798    0.038    0.067    2.652 ^ _36502_/ZN (AOI211_X1)
                                             _17144_ (net)
     1    1.703    0.016    0.032    2.684 v _36503_/ZN (OAI211_X1)
                                             _17145_ (net)
     1    1.927    0.038    0.068    2.752 ^ _36504_/ZN (AOI211_X1)
                                             _17146_ (net)
     1    3.150    0.019    0.037    2.789 v _36505_/ZN (OAI211_X1)
                                             _17147_ (net)
     1    3.491    0.037    0.067    2.857 ^ _36506_/ZN (AOI211_X2)
                                             _17148_ (net)
     5   17.643    0.012    0.032    2.888 ^ rebuffer477/Z (BUF_X4)
                                             net477 (net)
     1    4.939    0.021    0.039    2.927 v _36564_/ZN (NAND4_X2)
                                             _17202_ (net)
     2    9.268    0.015    0.067    2.994 v _36565_/Z (XOR2_X2)
                                             _17203_ (net)
     4   18.028    0.031    0.044    3.037 ^ _36568_/ZN (OAI21_X4)
                                             _17206_ (net)
     4   13.511    0.018    0.040    3.077 ^ rebuffer476/Z (BUF_X2)
                                             net476 (net)
     4    9.163    0.022    0.032    3.109 v _36571_/ZN (NAND2_X1)
                                             _17208_ (net)
     3    5.960    0.027    0.047    3.156 ^ _36665_/ZN (OAI211_X2)
                                             _17295_ (net)
     3    4.698    0.026    0.033    3.189 v _36716_/ZN (NAND3_X1)
                                             _17333_ (net)
     1    1.383    0.023    0.027    3.216 ^ _36721_/ZN (OAI21_X1)
                                             _00001_[23] (net)
                   0.023    0.000    3.216 ^ _42736_/D (DFF_X1)
                                     3.216   data arrival time

                            2.000    2.000   clock clk (rise edge)
                            0.000    2.000   clock source latency
     1    4.180    0.000    0.000    2.000 ^ clk (in)
                                             clk (net)
    16   58.367    0.034    0.048    2.048 ^ clkbuf_0_clk/Z (BUF_X4)
                                             clknet_0_clk (net)
    16   55.462    0.033    0.058    2.106 ^ clkbuf_4_9_0_clk/Z (BUF_X4)
                                             clknet_4_9_0_clk (net)
    11   11.747    0.010    0.031    2.137 ^ clkbuf_8_151_0_clk/Z (BUF_X4)
                                             clknet_8_151_0_clk (net)
                   0.010    0.000    2.137 ^ _42736_/CK (DFF_X1)
                            0.000    2.137   clock reconvergence pessimism
                           -0.034    2.103   library setup time
                                     2.103   data required time
---------------------------------------------------------------------------------
                                     2.103   data required time
                                    -3.216   data arrival time
---------------------------------------------------------------------------------
                                    -1.113   slack (VIOLATED)
