Startpoint: reset (input port clocked by clk)
Endpoint: _42727_ (rising edge-triggered flip-flop clocked by clk)
Path Group: clk
Path Type: max

Fanout      Cap     Slew    Delay     Time   Description
---------------------------------------------------------------------------------
                            0.000    0.000   clock clk (rise edge)
                            0.000    0.000   clock network delay (propagated)
                            0.000    0.000 v input external delay
   220  926.919    0.000    0.000    0.000 v reset (in)
                                             reset (net)
     4   29.740    0.070    0.360    0.360 ^ _24266_/ZN (NAND2_X4)
                                             _05103_ (net)
    47  150.753    0.010    0.031    0.391 ^ max_cap123/Z (BUF_X32)
                                             net123 (net)
   108  203.298    0.016    0.055    0.447 v _24267_/ZN (INV_X32)
                                             i1.SCDP.instruction[17] (net)
     1    1.763    0.019    0.046    0.493 ^ _24399_/ZN (OAI21_X1)
                                             _05224_ (net)
     1    1.666    0.010    0.016    0.508 v _24400_/ZN (AOI21_X1)
                                             _05225_ (net)
     1    1.889    0.040    0.065    0.573 ^ _24402_/ZN (AOI211_X1)
                                             _05227_ (net)
     1    2.738    0.023    0.027    0.601 v _24403_/ZN (OAI21_X1)
                                             _05228_ (net)
     1    3.468    0.044    0.052    0.652 ^ _24416_/ZN (AOI221_X2)
                                             i1.SCDP.read_data_2[5] (net)
     2   13.963    0.011    0.031    0.683 ^ rebuffer216/Z (BUF_X4)
                                             net216 (net)
     3   14.959    0.017    0.023    0.707 v _24418_/ZN (AOI21_X4)
                                             _05242_ (net)
    45   89.235    0.007    0.031    0.738 v max_cap36/Z (BUF_X16)
                                             net36 (net)
    10   25.620    0.018    0.047    0.785 ^ _24419_/ZN (INV_X4)
                                             i1.SCDP.ALU_operand2[5] (net)
     2    6.631    0.016    0.029    0.814 v _25534_/ZN (NAND2_X1)
                                             _06307_ (net)
     3    6.030    0.013    0.062    0.876 v _25539_/Z (XOR2_X2)
                                             _06312_ (net)
     1    4.446    0.031    0.043    0.919 ^ _25542_/ZN (XNOR2_X1)
                                             _06315_ (net)
     2    7.264    0.030    0.062    0.981 ^ _25544_/Z (XOR2_X2)
                                             _06317_ (net)
     2    5.709    0.027    0.058    1.039 ^ _25558_/Z (XOR2_X2)
                                             _06331_ (net)
     2    6.590    0.040    0.055    1.094 ^ _25560_/ZN (XNOR2_X1)
                                             _06333_ (net)
     2    7.981    0.029    0.051    1.145 ^ _25583_/ZN (XNOR2_X2)
                                             _06356_ (net)
     2    7.300    0.031    0.061    1.206 ^ _25585_/Z (XOR2_X2)
                                             _06358_ (net)
     2    6.413    0.025    0.046    1.252 ^ _25598_/ZN (XNOR2_X2)
                                             _06371_ (net)
     2    7.744    0.032    0.061    1.313 ^ _25600_/Z (XOR2_X2)
                                             _06373_ (net)
     2    7.985    0.032    0.063    1.376 ^ _25602_/Z (XOR2_X2)
                                             _06375_ (net)
     2    7.091    0.027    0.047    1.423 ^ _25604_/ZN (XNOR2_X2)
                                             _06377_ (net)
     3    8.289    0.033    0.063    1.486 ^ _25781_/Z (XOR2_X2)
                                             _06553_ (net)
     2    9.000    0.034    0.066    1.552 ^ _25783_/Z (XOR2_X2)
                                             _06555_ (net)
     4   13.287    0.016    0.024    1.577 v _26011_/ZN (AOI21_X4)
                                             _06783_ (net)
     1    6.920    0.019    0.035    1.612 ^ _26014_/ZN (OAI21_X4)
                                             _06786_ (net)
     2    9.737    0.010    0.019    1.631 v _26336_/ZN (AOI21_X4)
                                             _07102_ (net)
     3   10.471    0.023    0.037    1.668 ^ _26338_/ZN (OAI21_X4)
                                             _07104_ (net)
     1    6.785    0.013    0.018    1.686 v _26525_/ZN (AOI21_X4)
                                             _07287_ (net)
     3    7.783    0.019    0.035    1.720 ^ _31622_/ZN (OAI21_X4)
                                             _12320_ (net)
     1    6.720    0.014    0.021    1.742 v _32380_/ZN (AOI21_X2)
                                             _13047_ (net)
     3   10.000    0.022    0.038    1.779 ^ _32530_/ZN (OAI21_X4)
                                             _13196_ (net)
     1    6.783    0.013    0.018    1.797 v _32692_/ZN (AOI21_X4)
                                             _13357_ (net)
     3   10.078    0.022    0.037    1.835 ^ _32844_/ZN (OAI21_X4)
                                             _13508_ (net)
     3    9.911    0.014    0.020    1.855 v _33010_/ZN (AOI21_X4)
                                             _13673_ (net)
     3    9.839    0.023    0.038    1.892 ^ _33189_/ZN (OAI21_X4)
                                             _13851_ (net)
     3    9.238    0.014    0.019    1.912 v _33365_/ZN (AOI21_X4)
                                             _14026_ (net)
     3   10.498    0.022    0.038    1.950 ^ _33547_/ZN (OAI21_X4)
                                             _14207_ (net)
     3    9.283    0.014    0.019    1.969 v _33733_/ZN (AOI21_X4)
                                             _14392_ (net)
     3    7.052    0.019    0.034    2.004 ^ _33926_/ZN (OAI21_X4)
                                             _14584_ (net)
     1    3.240    0.009    0.033    2.036 ^ _34098_/ZN (AND2_X2)
                                             _14756_ (net)
     2   11.569    0.027    0.035    2.071 v _34112_/ZN (OAI221_X2)
                                             i1.SCDP.AluData[16] (net)
     1    1.818    0.031    0.068    2.139 ^ _36492_/ZN (AOI211_X2)
                                             _17134_ (net)
     1    1.727    0.017    0.031    2.170 v _36493_/ZN (OAI211_X1)
                                             _17135_ (net)
     1    2.146    0.040    0.070    2.240 ^ _36494_/ZN (AOI211_X1)
                                             _17136_ (net)
     1    1.576    0.017    0.032    2.272 v _36495_/ZN (OAI211_X1)
                                             _17137_ (net)
     1    1.997    0.039    0.069    2.341 ^ _36496_/ZN (AOI211_X1)
                                             _17138_ (net)
     1    1.675    0.016    0.032    2.373 v _36497_/ZN (OAI211_X1)
                                             _17139_ (net)
     1    2.168    0.040    0.070    2.443 ^ _36498_/ZN (AOI211_X1)
                                             _17140_ (net)
     1    1.698    0.016    0.033    2.476 v _36499_/ZN (OAI211_X1)
                                             _17141_ (net)
     1    2.039    0.039    0.068    2.544 ^ _36500_/ZN (AOI211_X1)
                                             _17142_ (net)
     1    1.712    0.016    0.033    2.577 v _36501_/ZN (OAI211_X1)
                                             _17143_ (net)
     1    1.798    0.038    0.067    2.643 ^ _36502_/ZN (AOI211_X1)
                                             _17144_ (net)
     1    1.703    0.016    0.032    2.676 v _36503_/ZN (OAI211_X1)
                                             _17145_ (net)
     1    1.927    0.038    0.068    2.743 ^ _36504_/ZN (AOI211_X1)
                                             _17146_ (net)
     1    3.150    0.019    0.037    2.780 v _36505_/ZN (OAI211_X1)
                                             _17147_ (net)
     1    3.491    0.037    0.067    2.848 ^ _36506_/ZN (AOI211_X2)
                                             _17148_ (net)
     5   17.643    0.012    0.032    2.880 ^ rebuffer490/Z (BUF_X4)
                                             net490 (net)
     1    4.939    0.021    0.039    2.918 v _36564_/ZN (NAND4_X2)
                                             _17202_ (net)
     2    9.268    0.015    0.067    2.985 v _36565_/Z (XOR2_X2)
                                             _17203_ (net)
     6   23.518    0.037    0.051    3.036 ^ _36568_/ZN (OAI21_X4)
                                             _17206_ (net)
    13   28.139    0.012    0.016    3.051 v _36569_/ZN (INV_X8)
                                             _04461_ (net)
     4    5.905    0.012    0.042    3.094 v _36629_/ZN (XNOR2_X2)
                                             _17262_ (net)
     1    1.525    0.013    0.077    3.170 v _36690_/ZN (OR3_X1)
                                             _17315_ (net)
     1    1.750    0.022    0.033    3.203 ^ _36691_/ZN (AOI21_X1)
                                             _17316_ (net)
     1    1.667    0.011    0.016    3.219 v _36692_/ZN (AOI21_X1)
                                             _00001_[14] (net)
                   0.011    0.000    3.219 v _42727_/D (DFF_X2)
                                     3.219   data arrival time

                            2.500    2.500   clock clk (rise edge)
                            0.000    2.500   clock source latency
     1    4.180    0.000    0.000    2.500 ^ clk (in)
                                             clk (net)
    16   58.346    0.034    0.047    2.547 ^ clkbuf_0_clk/Z (BUF_X4)
                                             clknet_0_clk (net)
    16   55.462    0.033    0.057    2.605 ^ clkbuf_4_9_0_clk/Z (BUF_X4)
                                             clknet_4_9_0_clk (net)
    12   13.140    0.011    0.032    2.636 ^ clkbuf_8_149_0_clk/Z (BUF_X4)
                                             clknet_8_149_0_clk (net)
                   0.011    0.000    2.636 ^ _42727_/CK (DFF_X2)
                            0.000    2.636   clock reconvergence pessimism
                           -0.040    2.597   library setup time
                                     2.597   data required time
---------------------------------------------------------------------------------
                                     2.597   data required time
                                    -3.219   data arrival time
---------------------------------------------------------------------------------
                                    -0.622   slack (VIOLATED)
