FF groups: RF=1088 DMEM=1152 XBUF=128 PC=12 IF/ID=70 ID/EX=222 EX/MEM=150 MEM/WB=144
RESULT mode=none slack=5.757 direct=NA start=MEM/WB end=ID/EX
Startpoint: _46151_ (rising edge-triggered flip-flop clocked by clk)
Endpoint: _43626_ (rising edge-triggered flip-flop clocked by clk)
Path Group: clk
Path Type: max

Fanout    Delay     Time   Description
-----------------------------------------------------------------
          0.000    0.000   clock clk (rise edge)
          0.000    0.000   clock network delay (ideal)
          0.000    0.000 ^ _46151_/CK (DFF_X1)
    13    0.133    0.133 ^ _46151_/Q (DFF_X1)
                           i0.core.mem_wb_wr[0] (net)
     2    0.039    0.172 ^ _23320_/ZN (OR2_X1)
                           _17170_ (net)
    13    0.052    0.224 v _23326_/ZN (OAI21_X1)
                           _17176_ (net)
    42    0.631    0.855 ^ _23365_/ZN (NOR3_X1)
                           _17209_ (net)
     1    0.057    0.912 v _23463_/Z (MUX2_X1)
                           _17267_ (net)
    36    0.322    1.234 ^ _23465_/ZN (AOI21_X1)
                           _17269_ (net)
    24    0.123    1.357 v _23466_/ZN (INV_X1)
                           i0.core.fwd_a[2] (net)
     2    0.074    1.431 v _23779_/ZN (XNOR2_X1)
                           _17537_ (net)
     3    0.065    1.496 ^ _23808_/ZN (AOI21_X1)
                           _17564_ (net)
     2    0.019    1.515 v _23811_/ZN (NOR3_X1)
                           _17567_ (net)
     2    0.081    1.596 ^ _23821_/ZN (AOI211_X1)
                           _17576_ (net)
     2    0.034    1.630 v _23823_/ZN (OAI22_X1)
                           _17578_ (net)
     2    0.049    1.679 ^ _23825_/ZN (AOI21_X1)
                           _17580_ (net)
     2    0.029    1.708 v _23827_/ZN (OAI22_X1)
                           _17582_ (net)
     3    0.057    1.766 ^ _23828_/ZN (AOI21_X1)
                           _17583_ (net)
     2    0.032    1.797 v _23830_/ZN (OAI22_X1)
                           _17585_ (net)
     2    0.076    1.873 ^ _23832_/ZN (AOI22_X1)
                           _17587_ (net)
     2    0.031    1.905 v _23834_/ZN (OAI22_X1)
                           _17589_ (net)
     1    0.038    1.943 ^ _23836_/ZN (AOI21_X1)
                           _17591_ (net)
     2    0.034    1.977 ^ _23837_/ZN (OR2_X1)
                           _17592_ (net)
     2    0.020    1.996 v _23839_/ZN (AOI21_X1)
                           _17594_ (net)
     2    0.044    2.040 ^ _23840_/ZN (OAI21_X1)
                           _17595_ (net)
     3    0.024    2.065 v _23842_/ZN (AOI21_X1)
                           _17597_ (net)
     2    0.045    2.110 ^ _23844_/ZN (OAI21_X1)
                           _17599_ (net)
     1    0.022    2.132 v _23845_/ZN (OAI21_X1)
                           _17600_ (net)
     2    0.051    2.183 v _23846_/ZN (AND2_X1)
                           _17601_ (net)
     2    0.051    2.233 v _23847_/ZN (OR2_X1)
                           _17602_ (net)
     2    0.034    2.268 v _23848_/ZN (AND2_X1)
                           _17603_ (net)
     1    0.042    2.310 v _23850_/ZN (OR2_X1)
                           _17605_ (net)
     2    0.032    2.341 v _23851_/ZN (AND2_X1)
                           _17606_ (net)
     2    0.052    2.393 v _23852_/ZN (OR2_X1)
                           _17607_ (net)
     2    0.027    2.420 ^ _23853_/ZN (OAI21_X1)
                           _17608_ (net)
     3    0.029    2.449 v _23854_/ZN (AOI21_X1)
                           _17609_ (net)
     2    0.047    2.496 ^ _23855_/ZN (OAI21_X1)
                           _17610_ (net)
     1    0.016    2.512 v _23857_/ZN (NAND2_X1)
                           _17612_ (net)
     2    0.025    2.536 ^ _23858_/ZN (OAI21_X1)
                           _17613_ (net)
     1    0.018    2.554 v _23859_/ZN (NAND2_X1)
                           _17614_ (net)
     2    0.019    2.573 ^ _23860_/ZN (INV_X1)
                           _17615_ (net)
     2    0.016    2.589 v _23861_/ZN (AOI21_X1)
                           _17616_ (net)
     1    0.056    2.645 ^ _23862_/ZN (AOI21_X1)
                           _17617_ (net)
     1    0.009    2.654 v _23863_/ZN (INV_X1)
                           _17618_ (net)
     3    0.028    2.682 ^ _23864_/ZN (OAI21_X1)
                           _17619_ (net)
     2    0.027    2.709 v _23865_/ZN (AOI21_X1)
                           _17620_ (net)
     2    0.036    2.744 ^ _23867_/ZN (OAI21_X1)
                           _17622_ (net)
     4    0.046    2.791 ^ _23868_/ZN (AND2_X1)
                           _17623_ (net)
     1    0.058    2.849 ^ _23869_/ZN (AND4_X1)
                           _17624_ (net)
     1    0.019    2.868 v _23874_/ZN (OAI22_X1)
                           _17629_ (net)
     3    0.096    2.964 ^ _24570_/ZN (AOI221_X1)
                           _18325_ (net)
     1    0.033    2.997 v _29335_/ZN (NAND4_X1)
                           _06055_ (net)
     1    0.117    3.114 v _29336_/ZN (OR4_X1)
                           _06056_ (net)
     1    0.115    3.229 v _29337_/ZN (OR4_X1)
                           _06057_ (net)
     1    0.115    3.344 v _29338_/ZN (OR4_X1)
                           _06058_ (net)
     1    0.118    3.462 v _29339_/ZN (OR4_X1)
                           _06059_ (net)
     1    0.052    3.514 ^ _29340_/ZN (NOR3_X1)
                           _06060_ (net)
     2    0.035    3.549 v _29341_/ZN (OAI211_X1)
                           _06061_ (net)
     7    0.169    3.718 ^ _29344_/ZN (AOI211_X1)
                           i0.core.ex_taken (net)
     2    0.018    3.736 v _29345_/ZN (NOR2_X1)
                           _06063_ (net)
    57    0.260    3.996 ^ _29346_/ZN (NAND3_X1)
                           _06064_ (net)
    55    0.138    4.134 v _29347_/ZN (INV_X1)
                           _00013_ (net)
     1    0.062    4.196 v _38724_/ZN (AND2_X1)
                           _00528_ (net)
          0.000    4.196 v _43626_/D (DFF_X1)
                   4.196   data arrival time

         10.000   10.000   clock clk (rise edge)
          0.000   10.000   clock network delay (ideal)
          0.000   10.000   clock reconvergence pessimism
                  10.000 ^ _43626_/CK (DFF_X1)
         -0.047    9.953   library setup time
                   9.953   data required time
-----------------------------------------------------------------
                   9.953   data required time
                  -4.196   data arrival time
-----------------------------------------------------------------
                   5.757   slack (MET)


