Startpoint: _46155_ (rising edge-triggered flip-flop clocked by clk)
Endpoint: _46017_ (rising edge-triggered flip-flop clocked by clk)
Path Group: clk
Path Type: max

Fanout      Cap     Slew    Delay     Time   Description
---------------------------------------------------------------------------------
                            0.000    0.000   clock clk (rise edge)
                            0.000    0.000   clock source latency
     1    4.216    0.000    0.000    0.000 ^ clk (in)
                                             clk (net)
     8   29.570    0.019    0.031    0.031 ^ clkbuf_0_clk/Z (BUF_X4)
                                             clknet_0_clk (net)
    16   55.586    0.032    0.053    0.084 ^ clkbuf_3_7_0_clk/Z (BUF_X4)
                                             clknet_3_7_0_clk (net)
     2    6.905    0.008    0.028    0.112 ^ clkbuf_7_112_0_clk/Z (BUF_X4)
                                             clknet_7_112_0_clk (net)
    20   23.289    0.016    0.030    0.142 ^ clkbuf_8_225__f_clk/Z (BUF_X4)
                                             clknet_8_225__leaf_clk (net)
                   0.016    0.000    0.143 ^ _46155_/CK (DFF_X2)
     2    9.806    0.009    0.102    0.244 v _46155_/Q (DFF_X2)
                                             i0.core.mem_wb_wr[4] (net)
     7   24.152    0.007    0.028    0.272 v rebuffer181/Z (BUF_X8)
                                             net181 (net)
     1    6.207    0.018    0.092    0.364 v _23322_/ZN (OR3_X1)
                                             _17172_ (net)
     8   28.396    0.042    0.058    0.422 ^ _23326_/ZN (OAI21_X4)
                                             _17176_ (net)
     5   16.906    0.015    0.022    0.444 v _23365_/ZN (NOR3_X4)
                                             _17209_ (net)
     5   11.561    0.006    0.030    0.474 v rebuffer132/Z (BUF_X4)
                                             net132 (net)
     4    8.294    0.006    0.025    0.499 v rebuffer133/Z (BUF_X4)
                                             net133 (net)
     2   13.663    0.033    0.077    0.576 ^ _23476_/Z (MUX2_X1)
                                             _17276_ (net)
    15   42.111    0.029    0.038    0.614 v _23478_/ZN (AOI21_X4)
                                             _17278_ (net)
    19   45.876    0.019    0.042    0.656 ^ _23479_/ZN (INV_X8)
                                             i0.core.fwd_a[0] (net)
     2    4.271    0.013    0.038    0.694 ^ _23805_/ZN (OR3_X1)
                                             _17561_ (net)
     2    4.852    0.019    0.026    0.720 v _23806_/ZN (OAI21_X1)
                                             _17562_ (net)
     3    4.312    0.023    0.038    0.758 ^ _23808_/ZN (AOI21_X2)
                                             _17564_ (net)
     2    4.799    0.013    0.020    0.778 v _23811_/ZN (NOR3_X1)
                                             _17567_ (net)
     2    3.647    0.038    0.066    0.843 ^ _23821_/ZN (AOI211_X2)
                                             _17576_ (net)
     2    4.674    0.031    0.036    0.880 v _23823_/ZN (OAI22_X1)
                                             _17578_ (net)
     2    5.172    0.026    0.046    0.925 ^ _23825_/ZN (AOI21_X2)
                                             _17580_ (net)
     2    5.167    0.016    0.029    0.954 v _23827_/ZN (OAI22_X2)
                                             _17582_ (net)
     3    7.763    0.031    0.045    0.999 ^ _23828_/ZN (AOI21_X2)
                                             _17583_ (net)
     2    5.663    0.031    0.030    1.029 v _23830_/ZN (OAI22_X2)
                                             _17585_ (net)
     2    3.884    0.027    0.057    1.087 ^ _23832_/ZN (AOI22_X2)
                                             _17587_ (net)
     2    3.214    0.026    0.030    1.116 v _23834_/ZN (OAI22_X1)
                                             _17589_ (net)
     1    1.025    0.019    0.035    1.151 ^ _23836_/ZN (AOI21_X1)
                                             _17591_ (net)
     2    4.330    0.013    0.035    1.186 ^ _23837_/ZN (OR2_X1)
                                             _17592_ (net)
     2    5.920    0.014    0.024    1.210 v _23839_/ZN (AOI21_X1)
                                             _17594_ (net)
     2    4.667    0.021    0.037    1.247 ^ _23840_/ZN (OAI21_X2)
                                             _17595_ (net)
     3    6.342    0.016    0.028    1.275 v _23842_/ZN (AOI21_X1)
                                             _17597_ (net)
     2    4.238    0.022    0.037    1.312 ^ _23844_/ZN (OAI21_X2)
                                             _17599_ (net)
     1    0.940    0.023    0.020    1.332 v _23845_/ZN (OAI21_X1)
                                             _17600_ (net)
     2    2.601    0.007    0.040    1.371 v _23846_/ZN (AND2_X1)
                                             _17601_ (net)
     2    2.527    0.010    0.051    1.422 v _23847_/ZN (OR2_X1)
                                             _17602_ (net)
     2    3.156    0.007    0.034    1.456 v _23848_/ZN (AND2_X1)
                                             _17603_ (net)
     1    0.956    0.008    0.042    1.498 v _23850_/ZN (OR2_X1)
                                             _17605_ (net)
     2    2.561    0.007    0.032    1.531 v _23851_/ZN (AND2_X1)
                                             _17606_ (net)
     2    4.436    0.012    0.055    1.585 v _23852_/ZN (OR2_X1)
                                             _17607_ (net)
     2    4.292    0.031    0.028    1.613 ^ _23853_/ZN (OAI21_X1)
                                             _17608_ (net)
     3    6.719    0.018    0.032    1.645 v _23854_/ZN (AOI21_X1)
                                             _17609_ (net)
     2    4.083    0.020    0.037    1.682 ^ _23855_/ZN (OAI21_X2)
                                             _17610_ (net)
     1    1.561    0.009    0.015    1.697 v _23857_/ZN (NAND2_X1)
                                             _17612_ (net)
     2    3.657    0.029    0.025    1.722 ^ _23858_/ZN (OAI21_X1)
                                             _17613_ (net)
     1    1.805    0.011    0.018    1.739 v _23859_/ZN (NAND2_X1)
                                             _17614_ (net)
     2    3.373    0.011    0.018    1.757 ^ _23860_/ZN (INV_X1)
                                             _17615_ (net)
     2    3.844    0.031    0.016    1.773 v _23861_/ZN (AOI21_X1)
                                             _17616_ (net)
     1    1.908    0.023    0.049    1.822 ^ _23862_/ZN (AOI21_X1)
                                             _17617_ (net)
     1    1.623    0.007    0.009    1.831 v _23863_/ZN (INV_X1)
                                             _17618_ (net)
     3    5.248    0.035    0.028    1.859 ^ _23864_/ZN (OAI21_X1)
                                             _17619_ (net)
     2    3.956    0.015    0.026    1.885 v _23865_/ZN (AOI21_X1)
                                             _17620_ (net)
     2    2.658    0.023    0.034    1.919 ^ _23867_/ZN (OAI21_X1)
                                             _17622_ (net)
     4    6.316    0.018    0.047    1.966 ^ _23868_/ZN (AND2_X1)
                                             _17623_ (net)
     1    3.318    0.016    0.065    2.031 ^ _23869_/ZN (AND4_X1)
                                             _17624_ (net)
     1    3.973    0.027    0.022    2.052 v _23874_/ZN (OAI22_X2)
                                             _17629_ (net)
     3    8.671    0.060    0.081    2.134 ^ _24570_/ZN (AOI221_X2)
                                             _18325_ (net)
     1    0.954    0.022    0.034    2.168 v _29335_/ZN (NAND4_X1)
                                             _06055_ (net)
     1    0.939    0.016    0.117    2.285 v _29336_/ZN (OR4_X1)
                                             _06056_ (net)
     1    0.939    0.016    0.115    2.400 v _29337_/ZN (OR4_X1)
                                             _06057_ (net)
     1    1.332    0.017    0.117    2.517 v _29338_/ZN (OR4_X1)
                                             _06058_ (net)
     1    3.925    0.020    0.126    2.643 v _29339_/ZN (OR4_X1)
                                             _06059_ (net)
     1    3.480    0.028    0.055    2.697 ^ _29340_/ZN (NOR3_X2)
                                             _06060_ (net)
     2    5.232    0.023    0.034    2.731 v _29341_/ZN (OAI211_X2)
                                             _06061_ (net)
     1    3.469    0.037    0.073    2.804 ^ _29344_/ZN (AOI211_X2)
                                             i0.core.ex_taken (net)
     7   18.617    0.013    0.033    2.837 ^ rebuffer143/Z (BUF_X4)
                                             net143 (net)
     3   16.936    0.013    0.023    2.860 v _29345_/ZN (NOR2_X2)
                                             _06063_ (net)
    29   69.294    0.044    0.056    2.917 ^ _29346_/ZN (NAND3_X4)
                                             _06064_ (net)
    55   65.092    0.017    0.029    2.945 v _29347_/ZN (INV_X8)
                                             _00013_ (net)
     1    1.769    0.007    0.040    2.985 v _42982_/ZN (AND3_X1)
                                             _02906_ (net)
                   0.007    0.000    2.986 v _46017_/D (DFF_X1)
                                     2.986   data arrival time

                            2.000    2.000   clock clk (rise edge)
                            0.000    2.000   clock source latency
     1    4.216    0.000    0.000    2.000 ^ clk (in)
                                             clk (net)
     8   29.570    0.019    0.031    2.031 ^ clkbuf_0_clk/Z (BUF_X4)
                                             clknet_0_clk (net)
    16   55.460    0.033    0.054    2.085 ^ clkbuf_3_6_0_clk/Z (BUF_X4)
                                             clknet_3_6_0_clk (net)
     2    6.870    0.008    0.027    2.112 ^ clkbuf_7_99_0_clk/Z (BUF_X4)
                                             clknet_7_99_0_clk (net)
     6    6.776    0.007    0.020    2.132 ^ clkbuf_8_198__f_clk/Z (BUF_X4)
                                             clknet_8_198__leaf_clk (net)
                   0.007    0.000    2.132 ^ _46017_/CK (DFF_X1)
                            0.000    2.132   clock reconvergence pessimism
                           -0.037    2.095   library setup time
                                     2.095   data required time
---------------------------------------------------------------------------------
                                     2.095   data required time
                                    -2.986   data arrival time
---------------------------------------------------------------------------------
                                    -0.890   slack (VIOLATED)
